BL51 BANKED LINKER/LOCATER V6.22                                                        08/18/2016  19:59:31  PAGE 1


BL51 BANKED LINKER/LOCATER V6.22, INVOKED BY:
C:\KEIL\C51\BIN\BL51.EXE main.obj, delay.obj, NRF2401.obj, I2C.obj, EEPROM.obj, LCD1602.obj TO EDC_test


MEMORY MODEL: SMALL


INPUT MODULES INCLUDED:
  main.obj (MAIN)
  delay.obj (DELAY)
  NRF2401.obj (NRF2401)
  I2C.obj (I2C)
  EEPROM.obj (EEPROM)
  LCD1602.obj (LCD1602)
  C:\KEIL\C51\LIB\C51S.LIB (?C_STARTUP)
  C:\KEIL\C51\LIB\C51S.LIB (?C?COPY)
  C:\KEIL\C51\LIB\C51S.LIB (?C?CLDPTR)
  C:\KEIL\C51\LIB\C51S.LIB (?C?CLDOPTR)
  C:\KEIL\C51\LIB\C51S.LIB (?C?CSTPTR)
  C:\KEIL\C51\LIB\C51S.LIB (?C?CSTOPTR)
  C:\KEIL\C51\LIB\C51S.LIB (?C?SIDIV)
  C:\KEIL\C51\LIB\C51S.LIB (STRLEN)
  C:\KEIL\C51\LIB\C51S.LIB (?C_INIT)
  C:\KEIL\C51\LIB\C51S.LIB (?C?UIDIV)


LINK MAP OF MODULE:  EDC_test (MAIN)


            TYPE    BASE      LENGTH    RELOCATION   SEGMENT NAME
            -----------------------------------------------------

            * * * * * * *   D A T A   M E M O R Y   * * * * * * *
            REG     0000H     0008H     ABSOLUTE     "REG BANK 0"
            DATA    0008H     0023H     UNIT         ?DT?_SENDSTRING?NRF2401
            DATA    002BH     0020H     UNIT         ?DT?MAIN
            DATA    004BH     000EH     UNIT         _DATA_GROUP_
            DATA    0059H     000AH     UNIT         ?DT?NRF24L01_CHECK?NRF2401
            DATA    0063H     000AH     UNIT         ?DT?NRF2401
            DATA    006DH     0002H     UNIT         ?DT?_I2C_SENDBYTE?I2C
            DATA    006FH     0002H     UNIT         ?DT?_AT24C02_WRITE?EEPROM
            DATA    0071H     0002H     UNIT         ?DT?_AT24C02_READ?EEPROM
            DATA    0073H     0001H     UNIT         ?DT?I2C_READBYTE?I2C
            DATA    0074H     0001H     UNIT         ?DT?I2C
            IDATA   0075H     0001H     UNIT         ?STACK

            * * * * * * *   C O D E   M E M O R Y   * * * * * * *
            CODE    0000H     0003H     ABSOLUTE     
            CODE    0003H     01FBH     UNIT         ?C?LIB_CODE
            CODE    01FEH     008CH     UNIT         ?C_C51STARTUP
            CODE    028AH     0060H     UNIT         ?PR?NRF24L01_CHECK?NRF2401
            CODE    02EAH     0060H     UNIT         ?PR?_I2C_SENDBYTE?I2C
            CODE    034AH     005AH     UNIT         ?PR?_INT_TO_CHAR?NRF2401
            CODE    03A4H     004EH     UNIT         ?PR?NRF24L01_RT_INIT?NRF2401
            CODE    03F2H     0048H     UNIT         ?PR?_SENDSTRING?NRF2401
            CODE    043AH     0045H     UNIT         ?PR?_SENDLENGTH?NRF2401
            CODE    047FH     0039H     UNIT         ?PR?_NRF24L01_WRITE_BUF?NRF2401
            CODE    04B8H     0031H     UNIT         ?PR?_NRF24L01_READ_BUF?NRF2401
BL51 BANKED LINKER/LOCATER V6.22                                                      08/18/2016  19:59:31  PAGE 2


            CODE    04E9H     002FH     UNIT         ?PR?_NRF24L01_RXPACKET?NRF2401
            CODE    0518H     002EH     UNIT         ?PR?I2C_READBYTE?I2C
            CODE    0546H     002AH     UNIT         ?PR?_NRF24L01_TXPACKET?NRF2401
            CODE    0570H     0022H     UNIT         ?PR?_AT24C02_READ?EEPROM
            CODE    0592H     0021H     UNIT         ?PR?MAIN?MAIN
            CODE    05B3H     001FH     UNIT         ?PR?_SEND_BUF?NRF2401
            CODE    05D2H     001CH     UNIT         ?PR?_NRF24L01_WRITE_REG?NRF2401
            CODE    05EEH     001AH     UNIT         ?PR?_INTLEN?NRF2401
            CODE    0608H     0019H     UNIT         ?CO?MAIN
            CODE    0621H     0019H     UNIT         ?PR?_SPI_RW?NRF2401
            CODE    063AH     0019H     UNIT         ?PR?_AT24C02_WRITE?EEPROM
            CODE    0653H     0015H     UNIT         ?PR?_STRLEN?STRLEN
            CODE    0668H     0014H     UNIT         ?PR?DELAY_150US?NRF2401
            CODE    067CH     0014H     UNIT         ?PR?I2C_START?I2C
            CODE    0690H     0014H     UNIT         ?PR?LCD1602_INIT?LCD1602
            CODE    06A4H     0013H     UNIT         ?PR?_LCD1602_WRITECOM?LCD1602
            CODE    06B7H     0013H     UNIT         ?PR?_LCD1602_WRITEDATA?LCD1602
            CODE    06CAH     0012H     UNIT         ?C_INITSEG
            CODE    06DCH     000FH     UNIT         ?PR?I2C_END?I2C
            CODE    06EBH     000DH     UNIT         ?PR?DELAY_1MS?DELAY
            CODE    06F8H     000DH     UNIT         ?PR?DELAY_10MS?DELAY
            CODE    0705H     000DH     UNIT         ?PR?DELAY_100MS?DELAY
            CODE    0712H     000DH     UNIT         ?PR?DELAY_500MS?DELAY
            CODE    071FH     000DH     UNIT         ?PR?_NRF24L01_READ_REG?NRF2401
            CODE    072CH     000CH     UNIT         ?PR?_DELAY_US?NRF2401
            CODE    0738H     000AH     UNIT         ?CO?NRF2401
            CODE    0742H     0009H     UNIT         ?PR?DELAY_10US?DELAY
            CODE    074BH     0009H     UNIT         ?PR?DELAY_100US?DELAY
            CODE    0754H     0009H     UNIT         ?PR?DELAY_5MS?DELAY



OVERLAY MAP OF MODULE:   EDC_test (MAIN)


SEGMENT                                   DATA_GROUP 
  +--> CALLED SEGMENT                   START    LENGTH
-------------------------------------------------------
?C_C51STARTUP                           -----    -----
  +--> ?PR?MAIN?MAIN
  +--> ?C_INITSEG

?PR?MAIN?MAIN                           -----    -----
  +--> ?PR?LCD1602_INIT?LCD1602
  +--> ?PR?NRF24L01_RT_INIT?NRF2401
  +--> ?PR?_LCD1602_WRITEDATA?LCD1602
  +--> ?PR?_NRF24L01_RXPACKET?NRF2401
  +--> ?PR?_SENDLENGTH?NRF2401

?PR?LCD1602_INIT?LCD1602                -----    -----
  +--> ?PR?_LCD1602_WRITECOM?LCD1602

?PR?_LCD1602_WRITECOM?LCD1602           -----    -----
  +--> ?PR?DELAY_5MS?DELAY

?PR?NRF24L01_RT_INIT?NRF2401            -----    -----
  +--> ?PR?_NRF24L01_WRITE_REG?NRF2401
BL51 BANKED LINKER/LOCATER V6.22                                                      08/18/2016  19:59:31  PAGE 3


  +--> ?PR?_NRF24L01_WRITE_BUF?NRF2401

?PR?_NRF24L01_WRITE_REG?NRF2401         -----    -----
  +--> ?PR?_NRF24L01_READ_REG?NRF2401
  +--> ?PR?_SPI_RW?NRF2401

?PR?_NRF24L01_READ_REG?NRF2401          -----    -----
  +--> ?PR?_SPI_RW?NRF2401

?PR?_NRF24L01_WRITE_BUF?NRF2401         0052H    0005H
  +--> ?PR?_SPI_RW?NRF2401

?PR?_LCD1602_WRITEDATA?LCD1602          -----    -----
  +--> ?PR?DELAY_5MS?DELAY

?PR?_NRF24L01_RXPACKET?NRF2401          004BH    0003H
  +--> ?PR?_NRF24L01_WRITE_REG?NRF2401
  +--> ?PR?_NRF24L01_READ_BUF?NRF2401
  +--> ?PR?DELAY_150US?NRF2401

?PR?_NRF24L01_READ_BUF?NRF2401          004EH    0005H
  +--> ?PR?_SPI_RW?NRF2401

?PR?_SENDLENGTH?NRF2401                 004BH    0007H
  +--> ?PR?_STRLEN?STRLEN
  +--> ?PR?_INTLEN?NRF2401
  +--> ?PR?_INT_TO_CHAR?NRF2401
  +--> ?PR?_SEND_BUF?NRF2401

?PR?_INT_TO_CHAR?NRF2401                0052H    0007H
  +--> ?PR?_INTLEN?NRF2401

?PR?_SEND_BUF?NRF2401                   -----    -----
  +--> ?PR?_NRF24L01_WRITE_REG?NRF2401
  +--> ?PR?_DELAY_US?NRF2401
  +--> ?PR?_NRF24L01_TXPACKET?NRF2401

?PR?_NRF24L01_TXPACKET?NRF2401          -----    -----
  +--> ?PR?_NRF24L01_WRITE_BUF?NRF2401
  +--> ?PR?_NRF24L01_WRITE_REG?NRF2401



SYMBOL TABLE OF MODULE:  EDC_test (MAIN)

  VALUE           TYPE          NAME
  ----------------------------------

  -------         MODULE        MAIN
  C:0000H         SYMBOL        _ICE_DUMMY_
  D:00A0H         PUBLIC        P2
  C:0608H         PUBLIC        DIG_PLACE
  C:0592H         PUBLIC        main
  D:002BH         PUBLIC        rece_buf
  C:0610H         PUBLIC        DIG_CODE
  -------         PROC          MAIN
  C:0592H         LINE#         30
BL51 BANKED LINKER/LOCATER V6.22                                                      08/18/2016  19:59:31  PAGE 4


  C:0592H         LINE#         31
  C:0592H         LINE#         37
  C:0595H         LINE#         40
  C:0598H         LINE#         41
  C:059DH         LINE#         42
  C:059DH         LINE#         43
  C:059DH         LINE#         45
  C:059DH         LINE#         46
  C:05A9H         LINE#         47
  C:05A9H         LINE#         49
  C:05B1H         LINE#         50
  C:05B1H         LINE#         51
  C:05B1H         LINE#         72
  -------         ENDPROC       MAIN
  -------         ENDMOD        MAIN

  -------         MODULE        DELAY
  C:0000H         SYMBOL        _ICE_DUMMY_
  C:06F8H         PUBLIC        Delay_10ms
  C:0742H         PUBLIC        Delay_10us
  C:0705H         PUBLIC        Delay_100ms
  C:0712H         PUBLIC        Delay_500ms
  C:074BH         PUBLIC        Delay_100us
  C:06EBH         PUBLIC        Delay_1ms
  C:0754H         PUBLIC        Delay_5ms
  -------         PROC          DELAY_10US
  -------         DO            
  D:0006H         SYMBOL        a
  D:0007H         SYMBOL        b
  -------         ENDDO         
  C:0742H         LINE#         2
  C:0742H         LINE#         3
  C:0742H         LINE#         5
  C:0744H         LINE#         6
  C:074AH         LINE#         7
  -------         ENDPROC       DELAY_10US
  -------         PROC          DELAY_100US
  -------         DO            
  D:0006H         SYMBOL        a
  D:0007H         SYMBOL        b
  -------         ENDDO         
  C:074BH         LINE#         8
  C:074BH         LINE#         9
  C:074BH         LINE#         11
  C:074DH         LINE#         12
  C:0753H         LINE#         13
  -------         ENDPROC       DELAY_100US
  -------         PROC          DELAY_1MS
  -------         DO            
  D:0005H         SYMBOL        a
  D:0006H         SYMBOL        b
  D:0007H         SYMBOL        c
  -------         ENDDO         
  C:06EBH         LINE#         14
  C:06EBH         LINE#         15
  C:06EBH         LINE#         17
  C:06EDH         LINE#         18
BL51 BANKED LINKER/LOCATER V6.22                                                      08/18/2016  19:59:31  PAGE 5


  C:06EFH         LINE#         19
  C:06F7H         LINE#         20
  -------         ENDPROC       DELAY_1MS
  -------         PROC          DELAY_5MS
  -------         DO            
  D:0006H         SYMBOL        a
  D:0007H         SYMBOL        b
  -------         ENDDO         
  C:0754H         LINE#         21
  C:0754H         LINE#         22
  C:0754H         LINE#         24
  C:0756H         LINE#         25
  C:075CH         LINE#         26
  -------         ENDPROC       DELAY_5MS
  -------         PROC          DELAY_10MS
  -------         DO            
  D:0005H         SYMBOL        a
  D:0006H         SYMBOL        b
  D:0007H         SYMBOL        c
  -------         ENDDO         
  C:06F8H         LINE#         27
  C:06F8H         LINE#         28
  C:06F8H         LINE#         30
  C:06FAH         LINE#         31
  C:06FCH         LINE#         32
  C:0704H         LINE#         33
  -------         ENDPROC       DELAY_10MS
  -------         PROC          DELAY_100MS
  -------         DO            
  D:0005H         SYMBOL        a
  D:0006H         SYMBOL        b
  D:0007H         SYMBOL        c
  -------         ENDDO         
  C:0705H         LINE#         34
  C:0705H         LINE#         35
  C:0705H         LINE#         37
  C:0707H         LINE#         38
  C:0709H         LINE#         39
  C:0711H         LINE#         40
  -------         ENDPROC       DELAY_100MS
  -------         PROC          DELAY_500MS
  -------         DO            
  D:0005H         SYMBOL        a
  D:0006H         SYMBOL        b
  D:0007H         SYMBOL        c
  -------         ENDDO         
  C:0712H         LINE#         41
  C:0712H         LINE#         42
  C:0712H         LINE#         44
  C:0714H         LINE#         45
  C:0716H         LINE#         46
  C:071EH         LINE#         47
  -------         ENDPROC       DELAY_500MS
  -------         ENDMOD        DELAY

  -------         MODULE        NRF2401
  C:0000H         SYMBOL        _ICE_DUMMY_
BL51 BANKED LINKER/LOCATER V6.22                                                      08/18/2016  19:59:31  PAGE 6


  B:00A0H.4       PUBLIC        NRF_MOSI
  B:00A0H.3       PUBLIC        NRF_MISO
  D:00A0H         PUBLIC        P2
  C:04E9H         PUBLIC        _NRF24L01_RxPacket
  C:0546H         PUBLIC        _NRF24L01_TxPacket
  C:05EEH         PUBLIC        _intlen
  C:043AH         PUBLIC        _Sendlength
  D:0063H         PUBLIC        RX_ADDRESS
  D:0068H         PUBLIC        TX_ADDRESS
  B:00A0H.5       PUBLIC        NRF_SCK
  B:00A0H.6       PUBLIC        NRF_CSN
  B:00A0H.2       PUBLIC        NRF_IRQ
  C:028AH         PUBLIC        NRF24L01_Check
  C:0738H         SYMBOL        _?ix1000
  C:073DH         SYMBOL        _?ix1001
  C:03F2H         PUBLIC        _sendstring
  B:00A0H.7       PUBLIC        NRF_CE
  C:04B8H         PUBLIC        _NRF24L01_Read_Buf
  C:071FH         PUBLIC        _NRF24L01_Read_Reg
  C:072CH         PUBLIC        _delay_us
  C:05B3H         PUBLIC        _SEND_BUF
  C:0486H         PUBLIC        _NRF24L01_Write_Buf
  C:05DDH         PUBLIC        _NRF24L01_Write_Reg
  C:034AH         PUBLIC        _Int_to_char
  C:0668H         PUBLIC        delay_150us
  C:0621H         PUBLIC        _SPI_RW
  C:03A4H         PUBLIC        NRF24L01_RT_Init
  -------         PROC          _DELAY_US
  D:0007H         SYMBOL        num
  -------         DO            
  D:0006H         SYMBOL        i
  -------         ENDDO         
  C:072CH         LINE#         30
  C:072CH         LINE#         31
  C:072CH         LINE#         33
  C:0733H         LINE#         34
  C:0737H         LINE#         35
  -------         ENDPROC       _DELAY_US
  -------         PROC          DELAY_150US
  -------         DO            
  D:0006H         SYMBOL        i
  -------         ENDDO         
  C:0668H         LINE#         36
  C:0668H         LINE#         37
  C:0668H         LINE#         40
  C:067BH         LINE#         41
  -------         ENDPROC       DELAY_150US
  -------         PROC          _SPI_RW
  D:0007H         SYMBOL        byte
  -------         DO            
  D:0006H         SYMBOL        bit_ctr
  -------         ENDDO         
  C:0621H         LINE#         45
  C:0621H         LINE#         46
  C:0621H         LINE#         48
  C:0623H         LINE#         49
  C:0623H         LINE#         50
BL51 BANKED LINKER/LOCATER V6.22                                                      08/18/2016  19:59:31  PAGE 7


  C:0627H         LINE#         51
  C:062BH         LINE#         52
  C:062DH         LINE#         53
  C:0633H         LINE#         54
  C:0635H         LINE#         55
  C:0639H         LINE#         56
  C:0639H         LINE#         57
  -------         ENDPROC       _SPI_RW
  -------         PROC          L?0052
  -------         ENDPROC       L?0052
  -------         PROC          _NRF24L01_WRITE_REG
  D:0007H         SYMBOL        reg
  D:0005H         SYMBOL        value
  -------         DO            
  D:0004H         SYMBOL        status
  -------         ENDDO         
  C:05DDH         LINE#         65
  C:05DDH         LINE#         66
  C:05DDH         LINE#         69
  C:05DFH         LINE#         70
  C:05E4H         LINE#         71
  C:05E9H         LINE#         72
  C:05EBH         LINE#         74
  C:05EDH         LINE#         75
  -------         ENDPROC       _NRF24L01_WRITE_REG
  -------         PROC          _NRF24L01_READ_REG
  D:0007H         SYMBOL        reg
  -------         DO            
  D:0007H         SYMBOL        value
  -------         ENDDO         
  C:071FH         LINE#         81
  C:071FH         LINE#         82
  C:071FH         LINE#         85
  C:0721H         LINE#         86
  C:0724H         LINE#         87
  C:0729H         LINE#         88
  C:072BH         LINE#         90
  C:072BH         LINE#         91
  -------         ENDPROC       _NRF24L01_READ_REG
  -------         PROC          _NRF24L01_READ_BUF
  D:0007H         SYMBOL        reg
  D:004FH         SYMBOL        pBuf
  D:0052H         SYMBOL        len
  -------         DO            
  D:0005H         SYMBOL        status
  D:0004H         SYMBOL        u8_ctr
  -------         ENDDO         
  C:04B8H         LINE#         99
  C:04BEH         LINE#         100
  C:04BEH         LINE#         102
  C:04C0H         LINE#         103
  C:04C5H         LINE#         104
  C:04CDH         LINE#         105
  C:04E4H         LINE#         106
  C:04E6H         LINE#         107
  C:04E8H         LINE#         108
  -------         ENDPROC       _NRF24L01_READ_BUF
BL51 BANKED LINKER/LOCATER V6.22                                                      08/18/2016  19:59:31  PAGE 8


  -------         PROC          L?0053
  -------         ENDPROC       L?0053
  -------         PROC          _NRF24L01_WRITE_BUF
  D:0007H         SYMBOL        reg
  D:0053H         SYMBOL        pBuf
  D:0056H         SYMBOL        len
  -------         DO            
  D:0005H         SYMBOL        status
  D:0004H         SYMBOL        u8_ctr
  -------         ENDDO         
  C:0486H         LINE#         115
  C:048CH         LINE#         116
  C:048CH         LINE#         118
  C:048EH         LINE#         119
  C:0493H         LINE#         120
  C:049BH         LINE#         121
  C:04B3H         LINE#         122
  C:04B5H         LINE#         123
  C:04B7H         LINE#         124
  -------         ENDPROC       _NRF24L01_WRITE_BUF
  -------         PROC          _NRF24L01_RXPACKET
  D:004BH         SYMBOL        rxbuf
  -------         DO            
  D:0003H         SYMBOL        state
  -------         ENDDO         
  C:04E9H         LINE#         132
  C:04EFH         LINE#         133
  C:04EFH         LINE#         136
  C:04EFH         LINE#         137
  C:04F2H         LINE#         138
  C:04F6H         LINE#         139
  C:04F6H         LINE#         140
  C:04F8H         LINE#         141
  C:0506H         LINE#         142
  C:050DH         LINE#         143
  C:050FH         LINE#         144
  C:0512H         LINE#         145
  C:0515H         LINE#         146
  C:0515H         LINE#         147
  C:0517H         LINE#         148
  -------         ENDPROC       _NRF24L01_RXPACKET
  -------         PROC          _NRF24L01_TXPACKET
  D:0001H         SYMBOL        txbuf
  -------         DO            
  D:0003H         SYMBOL        state
  -------         ENDDO         
  C:0546H         LINE#         156
  C:0546H         LINE#         157
  C:0546H         LINE#         160
  C:0548H         LINE#         161
  C:0550H         LINE#         162
  C:0552H         LINE#         163
  C:0555H         LINE#         164
  C:0555H         LINE#         165
  C:0558H         LINE#         166
  C:055CH         LINE#         167
  C:055CH         LINE#         168
BL51 BANKED LINKER/LOCATER V6.22                                                      08/18/2016  19:59:31  PAGE 9


  C:0563H         LINE#         169
  C:0566H         LINE#         170
  C:0566H         LINE#         171
  C:056AH         LINE#         172
  C:056AH         LINE#         173
  C:056DH         LINE#         174
  C:056DH         LINE#         175
  C:056FH         LINE#         176
  -------         ENDPROC       _NRF24L01_TXPACKET
  -------         PROC          NRF24L01_CHECK
  -------         DO            
  D:0059H         SYMBOL        check_in_buf
  D:005EH         SYMBOL        check_out_buf
  -------         ENDDO         
  C:028AH         LINE#         183
  C:028AH         LINE#         184
  C:028AH         LINE#         185
  C:029DH         LINE#         186
  C:02B0H         LINE#         188
  C:02B2H         LINE#         189
  C:02B4H         LINE#         190
  C:02B6H         LINE#         192
  C:02BDH         LINE#         194
  C:02CBH         LINE#         196
  C:02E7H         LINE#         201
  C:02E9H         LINE#         202
  -------         ENDPROC       NRF24L01_CHECK
  -------         PROC          NRF24L01_RT_INIT
  C:03A4H         LINE#         205
  C:03A4H         LINE#         206
  C:03A4H         LINE#         207
  C:03A6H         LINE#         208
  C:03ADH         LINE#         209
  C:03B4H         LINE#         210
  C:03BBH         LINE#         211
  C:03C9H         LINE#         212
  C:03D0H         LINE#         213
  C:03D5H         LINE#         214
  C:03DCH         LINE#         215
  C:03E3H         LINE#         216
  C:03EAH         LINE#         217
  C:03EFH         LINE#         218
  C:03F1H         LINE#         219
  -------         ENDPROC       NRF24L01_RT_INIT
  -------         PROC          _SEND_BUF
  D:0001H         SYMBOL        buf
  C:05B3H         LINE#         221
  C:05B3H         LINE#         222
  C:05B3H         LINE#         223
  C:05B5H         LINE#         224
  C:05BCH         LINE#         225
  C:05BEH         LINE#         226
  C:05C3H         LINE#         227
  C:05C6H         LINE#         228
  C:05C8H         LINE#         229
  C:05CFH         LINE#         230
  C:05D1H         LINE#         231
BL51 BANKED LINKER/LOCATER V6.22                                                      08/18/2016  19:59:31  PAGE 10


  -------         ENDPROC       _SEND_BUF
  -------         PROC          _SENDLENGTH
  D:004BH         SYMBOL        buff
  -------         DO            
  D:004EH         SYMBOL        length
  D:0050H         SYMBOL        count
  -------         ENDDO         
  C:043AH         LINE#         252
  C:0440H         LINE#         253
  C:0440H         LINE#         254
  C:0445H         LINE#         255
  C:044CH         LINE#         256
  C:0463H         LINE#         257
  C:0476H         LINE#         258
  -------         ENDPROC       _SENDLENGTH
  -------         PROC          _INTLEN
  D:0006H         SYMBOL        num
  -------         DO            
  D:0002H         SYMBOL        count
  -------         ENDDO         
  C:05EEH         LINE#         260
  C:05EEH         LINE#         261
  C:05EEH         LINE#         262
  C:05F1H         LINE#         263
  C:05F5H         LINE#         264
  C:05F5H         LINE#         265
  C:05FAH         LINE#         266
  C:0601H         LINE#         267
  C:0603H         LINE#         268
  C:0607H         LINE#         269
  -------         ENDPROC       _INTLEN
  -------         PROC          _INT_TO_CHAR
  D:0052H         SYMBOL        num
  D:0054H         SYMBOL        buffer
  -------         DO            
  D:0057H         SYMBOL        i
  -------         ENDDO         
  C:034AH         LINE#         270
  C:0354H         LINE#         271
  C:0354H         LINE#         272
  C:0359H         LINE#         273
  C:036DH         LINE#         274
  C:036DH         LINE#         275
  C:038AH         LINE#         276
  C:0399H         LINE#         277
  C:03A3H         LINE#         278
  -------         ENDPROC       _INT_TO_CHAR
  -------         PROC          _SENDSTRING
  D:0008H         SYMBOL        buffer
  -------         DO            
  D:0006H         SYMBOL        i
  D:000BH         SYMBOL        buffer1
  -------         ENDDO         
  C:03F2H         LINE#         279
  C:03F8H         LINE#         280
  C:03F8H         LINE#         283
  C:040BH         LINE#         284
BL51 BANKED LINKER/LOCATER V6.22                                                      08/18/2016  19:59:31  PAGE 11


  C:040BH         LINE#         285
  C:041FH         LINE#         286
  C:0426H         LINE#         287
  C:0431H         LINE#         288
  -------         ENDPROC       _SENDSTRING
  -------         ENDMOD        NRF2401

  -------         MODULE        I2C
  C:0000H         SYMBOL        _ICE_DUMMY_
  B:00A0H.1       PUBLIC        I2C_SCL
  D:00A0H         PUBLIC        P2
  C:02EAH         PUBLIC        _I2C_sendbyte
  C:067CH         PUBLIC        I2C_start
  C:06DCH         PUBLIC        I2C_end
  D:0074H         SYMBOL        i
  C:0518H         PUBLIC        I2C_readbyte
  B:00A0H.0       PUBLIC        I2C_SDA
  -------         PROC          I2C_START
  C:067CH         LINE#         5
  C:067CH         LINE#         6
  C:067CH         LINE#         7
  C:067EH         LINE#         8
  C:0681H         LINE#         9
  C:0683H         LINE#         10
  C:0686H         LINE#         11
  C:0688H         LINE#         12
  C:068BH         LINE#         13
  C:068DH         LINE#         14
  -------         ENDPROC       I2C_START
  -------         PROC          I2C_END
  C:06DCH         LINE#         16
  C:06DCH         LINE#         17
  C:06DCH         LINE#         18
  C:06DEH         LINE#         19
  C:06E1H         LINE#         20
  C:06E3H         LINE#         21
  C:06E6H         LINE#         22
  C:06E8H         LINE#         23
  -------         ENDPROC       I2C_END
  -------         PROC          _I2C_SENDBYTE
  D:006DH         SYMBOL        dat
  -------         DO            
  D:006EH         SYMBOL        t
  -------         ENDDO         
  C:02EAH         LINE#         25
  C:02ECH         LINE#         26
  C:02ECH         LINE#         28
  C:02EEH         LINE#         29
  C:02F1H         LINE#         30
  C:02F1H         LINE#         31
  C:02FEH         LINE#         32
  C:0304H         LINE#         33
  C:0307H         LINE#         34
  C:0309H         LINE#         35
  C:030CH         LINE#         36
  C:030EH         LINE#         37
  C:0311H         LINE#         38
BL51 BANKED LINKER/LOCATER V6.22                                                      08/18/2016  19:59:31  PAGE 12


  C:031CH         LINE#         39
  C:031EH         LINE#         40
  C:0321H         LINE#         41
  C:0323H         LINE#         42
  C:0326H         LINE#         43
  C:0326H         LINE#         44
  C:0328H         LINE#         45
  C:033AH         LINE#         46
  C:033AH         LINE#         47
  C:033CH         LINE#         48
  C:033FH         LINE#         49
  C:0342H         LINE#         50
  C:0342H         LINE#         51
  C:0342H         LINE#         52
  C:0344H         LINE#         53
  C:0347H         LINE#         54
  C:0349H         LINE#         55
  -------         ENDPROC       _I2C_SENDBYTE
  -------         PROC          I2C_READBYTE
  -------         DO            
  D:0073H         SYMBOL        dat
  -------         ENDDO         
  C:0518H         LINE#         56
  C:0518H         LINE#         57
  C:0518H         LINE#         58
  C:051BH         LINE#         59
  C:051DH         LINE#         60
  C:051FH         LINE#         61
  C:051FH         LINE#         62
  C:0521H         LINE#         63
  C:0524H         LINE#         64
  C:052AH         LINE#         65
  C:0530H         LINE#         66
  C:0533H         LINE#         67
  C:0535H         LINE#         68
  C:0538H         LINE#         69
  C:0543H         LINE#         70
  C:0545H         LINE#         71
  -------         ENDPROC       I2C_READBYTE
  -------         ENDMOD        I2C

  -------         MODULE        EEPROM
  C:0000H         SYMBOL        _ICE_DUMMY_
  C:0570H         PUBLIC        _AT24C02_read
  C:063AH         PUBLIC        _AT24C02_write
  -------         PROC          _AT24C02_WRITE
  D:006FH         SYMBOL        addr
  D:0070H         SYMBOL        dat
  C:063AH         LINE#         2
  C:063EH         LINE#         3
  C:063EH         LINE#         4
  C:0641H         LINE#         5
  C:0646H         LINE#         6
  C:064BH         LINE#         7
  C:0650H         LINE#         8
  -------         ENDPROC       _AT24C02_WRITE
  -------         PROC          _AT24C02_READ
BL51 BANKED LINKER/LOCATER V6.22                                                      08/18/2016  19:59:31  PAGE 13


  D:0071H         SYMBOL        addr
  -------         DO            
  D:0072H         SYMBOL        dat
  -------         ENDDO         
  C:0570H         LINE#         10
  C:0572H         LINE#         11
  C:0572H         LINE#         13
  C:0575H         LINE#         14
  C:057AH         LINE#         15
  C:057FH         LINE#         16
  C:0582H         LINE#         17
  C:0587H         LINE#         18
  C:058CH         LINE#         19
  C:058FH         LINE#         20
  C:0591H         LINE#         21
  -------         ENDPROC       _AT24C02_READ
  -------         ENDMOD        EEPROM

  -------         MODULE        LCD1602
  C:0000H         SYMBOL        _ICE_DUMMY_
  D:0080H         PUBLIC        P0
  D:00A0H         PUBLIC        P2
  C:0690H         PUBLIC        LCD1602_Init
  B:00A0H.6       PUBLIC        LCD1602_RS
  B:00A0H.5       PUBLIC        LCD1602_RW
  C:06B7H         PUBLIC        _LCD1602_Writedata
  B:00A0H.7       PUBLIC        LCD1602_E
  C:06A4H         PUBLIC        _LCD1602_Writecom
  -------         PROC          _LCD1602_WRITECOM
  D:0007H         SYMBOL        com
  C:06A4H         LINE#         4
  C:06A4H         LINE#         5
  C:06A4H         LINE#         6
  C:06A6H         LINE#         7
  C:06A8H         LINE#         8
  C:06AAH         LINE#         10
  C:06ACH         LINE#         11
  C:06AFH         LINE#         12
  C:06B1H         LINE#         13
  C:06B4H         LINE#         14
  C:06B6H         LINE#         15
  -------         ENDPROC       _LCD1602_WRITECOM
  -------         PROC          _LCD1602_WRITEDATA
  D:0007H         SYMBOL        dat
  C:06B7H         LINE#         16
  C:06B7H         LINE#         17
  C:06B7H         LINE#         18
  C:06B9H         LINE#         19
  C:06BBH         LINE#         20
  C:06BDH         LINE#         22
  C:06BFH         LINE#         23
  C:06C2H         LINE#         24
  C:06C4H         LINE#         25
  C:06C7H         LINE#         26
  C:06C9H         LINE#         27
  -------         ENDPROC       _LCD1602_WRITEDATA
  -------         PROC          LCD1602_INIT
BL51 BANKED LINKER/LOCATER V6.22                                                      08/18/2016  19:59:31  PAGE 14


  C:0690H         LINE#         28
  C:0690H         LINE#         29
  C:0690H         LINE#         30
  C:0695H         LINE#         31
  C:069AH         LINE#         33
  C:069FH         LINE#         34
  -------         ENDPROC       LCD1602_INIT
  -------         ENDMOD        LCD1602

  -------         MODULE        ?C?COPY
  C:00D3H         PUBLIC        ?C?COPY
  -------         ENDMOD        ?C?COPY

  -------         MODULE        ?C?CLDPTR
  C:00F9H         PUBLIC        ?C?CLDPTR
  -------         ENDMOD        ?C?CLDPTR

  -------         MODULE        ?C?CLDOPTR
  C:0112H         PUBLIC        ?C?CLDOPTR
  -------         ENDMOD        ?C?CLDOPTR

  -------         MODULE        ?C?CSTPTR
  C:013FH         PUBLIC        ?C?CSTPTR
  -------         ENDMOD        ?C?CSTPTR

  -------         MODULE        ?C?CSTOPTR
  C:0151H         PUBLIC        ?C?CSTOPTR
  -------         ENDMOD        ?C?CSTOPTR

  -------         MODULE        ?C?SIDIV
  C:0173H         PUBLIC        ?C?SIDIV
  -------         ENDMOD        ?C?SIDIV

  -------         MODULE        STRLEN
  C:0653H         PUBLIC        _STRLEN
  -------         ENDMOD        STRLEN

  -------         MODULE        ?C?UIDIV
  C:01A9H         PUBLIC        ?C?UIDIV
  -------         ENDMOD        ?C?UIDIV

*** WARNING L16: UNCALLED SEGMENT, IGNORED FOR OVERLAY PROCESS
    SEGMENT: ?CO?MAIN

*** WARNING L16: UNCALLED SEGMENT, IGNORED FOR OVERLAY PROCESS
    SEGMENT: ?PR?DELAY_100US?DELAY

*** WARNING L16: UNCALLED SEGMENT, IGNORED FOR OVERLAY PROCESS
    SEGMENT: ?PR?DELAY_1MS?DELAY

*** WARNING L16: UNCALLED SEGMENT, IGNORED FOR OVERLAY PROCESS
    SEGMENT: ?PR?DELAY_10MS?DELAY

*** WARNING L16: UNCALLED SEGMENT, IGNORED FOR OVERLAY PROCESS
    SEGMENT: ?PR?DELAY_100MS?DELAY

*** WARNING L16: UNCALLED SEGMENT, IGNORED FOR OVERLAY PROCESS
BL51 BANKED LINKER/LOCATER V6.22                                                      08/18/2016  19:59:31  PAGE 15


    SEGMENT: ?PR?DELAY_500MS?DELAY

*** WARNING L16: UNCALLED SEGMENT, IGNORED FOR OVERLAY PROCESS
    SEGMENT: ?PR?NRF24L01_CHECK?NRF2401

*** WARNING L16: UNCALLED SEGMENT, IGNORED FOR OVERLAY PROCESS
    SEGMENT: ?PR?_SENDSTRING?NRF2401

*** WARNING L16: UNCALLED SEGMENT, IGNORED FOR OVERLAY PROCESS
    SEGMENT: ?PR?_AT24C02_WRITE?EEPROM

*** WARNING L16: UNCALLED SEGMENT, IGNORED FOR OVERLAY PROCESS
    SEGMENT: ?PR?_AT24C02_READ?EEPROM

Program Size: data=118.0 xdata=0 code=1885
LINK/LOCATE RUN COMPLETE.  10 WARNING(S),  0 ERROR(S)
