BL51 BANKED LINKER/LOCATER V6.22                                                        08/19/2016  13:17:04  PAGE 1


BL51 BANKED LINKER/LOCATER V6.22, INVOKED BY:
C:\KEIL\C51\BIN\BL51.EXE delay.obj, I2C.obj, EEPROM.obj, LCD1602.obj, main.obj, NRF2401.obj TO EDC_test


MEMORY MODEL: COMPACT


INPUT MODULES INCLUDED:
  delay.obj (DELAY)
  I2C.obj (I2C)
  EEPROM.obj (EEPROM)
  LCD1602.obj (LCD1602)
  main.obj (MAIN)
  NRF2401.obj (NRF2401)
  C:\KEIL\C51\LIB\C51C.LIB (?C_STARTUP)
  C:\KEIL\C51\LIB\C51C.LIB (?C?COPY)
  C:\KEIL\C51\LIB\C51C.LIB (?C?CLDPTR)
  C:\KEIL\C51\LIB\C51C.LIB (?C?CLDOPTR)
  C:\KEIL\C51\LIB\C51C.LIB (?C?CSTPTR)
  C:\KEIL\C51\LIB\C51C.LIB (?C?CSTOPTR)
  C:\KEIL\C51\LIB\C51C.LIB (?C?SIDIV)
  C:\KEIL\C51\LIB\C51C.LIB (STRLEN)
  C:\KEIL\C51\LIB\C51C.LIB (?C_INIT)
  C:\KEIL\C51\LIB\C51C.LIB (?C?UIDIV)


LINK MAP OF MODULE:  EDC_test (DELAY)


            TYPE    BASE      LENGTH    RELOCATION   SEGMENT NAME
            -----------------------------------------------------

            * * * * * * *   D A T A   M E M O R Y   * * * * * * *
            REG     0000H     0008H     ABSOLUTE     "REG BANK 0"
            IDATA   0008H     0001H     UNIT         ?STACK

            * * * * * * *  X D A T A   M E M O R Y  * * * * * * *
            XDATA   0000H     0001H     INPAGE       ?PD?I2C
            XDATA   0001H     0020H     INPAGE       ?PD?MAIN
            XDATA   0021H     0005H     INPAGE       ?PD?_NRF24L01_READ_BUF?NRF2401
            XDATA   0026H     0003H     INPAGE       ?PD?_NRF24L01_RXPACKET?NRF2401
            XDATA   0029H     000AH     INPAGE       ?PD?NRF24L01_CHECK?NRF2401
            XDATA   0033H     0007H     INPAGE       ?PD?_SENDLENGTH?NRF2401
            XDATA   003AH     0002H     INPAGE       ?PD?_INTLEN?NRF2401
            XDATA   003CH     0007H     INPAGE       ?PD?_INT_TO_CHAR?NRF2401
            XDATA   0043H     000AH     INPAGE       ?PD?NRF2401
            XDATA   004DH     0049H     INPAGE       _PDATA_GROUP_

            * * * * * * *   C O D E   M E M O R Y   * * * * * * *
            CODE    0000H     0003H     ABSOLUTE     
            CODE    0003H     01FBH     UNIT         ?C?LIB_CODE
            CODE    01FEH     0127H     UNIT         ?PR?MAIN?MAIN
            CODE    0325H     008CH     UNIT         ?C_C51STARTUP
            CODE    03B1H     007BH     UNIT         ?PR?_INT_TO_CHAR?NRF2401
            CODE    042CH     0075H     UNIT         ?CO?MAIN
            CODE    04A1H     0069H     UNIT         ?PR?_I2C_SENDBYTE?I2C
            CODE    050AH     0064H     UNIT         ?PR?NRF24L01_CHECK?NRF2401
            CODE    056EH     0057H     UNIT         ?PR?_SENDLENGTH?NRF2401
BL51 BANKED LINKER/LOCATER V6.22                                                      08/19/2016  13:17:04  PAGE 2


            CODE    05C5H     0056H     UNIT         ?PR?_SENDSTRING?NRF2401
            CODE    061BH     0050H     UNIT         ?PR?NRF24L01_RT_INIT?NRF2401
            CODE    066BH     003BH     UNIT         ?PR?_NRF24L01_WRITE_BUF?NRF2401
            CODE    06A6H     003AH     UNIT         ?PR?_AT24C02_WRITESTRING?EEPROM
            CODE    06E0H     0039H     UNIT         ?PR?_NRF24L01_RXPACKET?NRF2401
            CODE    0719H     0035H     UNIT         ?PR?I2C_READBYTE?I2C
            CODE    074EH     0032H     UNIT         ?PR?_LCD1602_WRITESTRING?LCD1602
            CODE    0780H     0032H     UNIT         ?PR?_NRF24L01_READ_BUF?NRF2401
            CODE    07B2H     002CH     UNIT         ?PR?_NRF24L01_TXPACKET?NRF2401
            CODE    07DEH     002AH     UNIT         ?PR?_AT24C02_READ?EEPROM
            CODE    0808H     0026H     UNIT         ?PR?_INTLEN?NRF2401
            CODE    082EH     0024H     UNIT         ?PR?_SPI_RW?NRF2401
            CODE    0852H     0023H     UNIT         ?PR?_AT24C02_WRITE?EEPROM
            CODE    0875H     001FH     UNIT         ?PR?_SEND_BUF?NRF2401
            CODE    0894H     001CH     UNIT         ?PR?_NRF24L01_WRITE_REG?NRF2401
            CODE    08B0H     0019H     UNIT         ?PR?LCD1602_INIT?LCD1602
            CODE    08C9H     0015H     UNIT         ?PR?_STRLEN?STRLEN
            CODE    08DEH     0014H     UNIT         ?PR?I2C_START?I2C
            CODE    08F2H     0014H     UNIT         ?PR?I2C_END?I2C
            CODE    0906H     0014H     UNIT         ?PR?DELAY_150US?NRF2401
            CODE    091AH     0013H     UNIT         ?PR?_LCD1602_WRITECOM?LCD1602
            CODE    092DH     0013H     UNIT         ?PR?_LCD1602_WRITEDATA?LCD1602
            CODE    0940H     0012H     UNIT         ?C_INITSEG
            CODE    0952H     000DH     UNIT         ?PR?DELAY_1MS?DELAY
            CODE    095FH     000DH     UNIT         ?PR?DELAY_10MS?DELAY
            CODE    096CH     000DH     UNIT         ?PR?DELAY_100MS?DELAY
            CODE    0979H     000DH     UNIT         ?PR?DELAY_500MS?DELAY
            CODE    0986H     000DH     UNIT         ?PR?_NRF24L01_READ_REG?NRF2401
            CODE    0993H     000CH     UNIT         ?PR?_DELAY_US?NRF2401
            CODE    099FH     000AH     UNIT         ?CO?NRF2401
            CODE    09A9H     0009H     UNIT         ?PR?DELAY_10US?DELAY
            CODE    09B2H     0009H     UNIT         ?PR?DELAY_100US?DELAY
            CODE    09BBH     0009H     UNIT         ?PR?DELAY_5MS?DELAY



OVERLAY MAP OF MODULE:   EDC_test (DELAY)


SEGMENT                                    PDATA_GROUP
  +--> CALLED SEGMENT                    START    LENGTH
--------------------------------------------------------
?C_C51STARTUP                            -----    -----
  +--> ?PR?MAIN?MAIN
  +--> ?C_INITSEG

?PR?MAIN?MAIN                            004DH    0021H
  +--> ?CO?MAIN
  +--> ?PR?LCD1602_INIT?LCD1602
  +--> ?PR?NRF24L01_RT_INIT?NRF2401
  +--> ?PR?_SENDSTRING?NRF2401
  +--> ?PR?_LCD1602_WRITESTRING?LCD1602
  +--> ?PR?_AT24C02_WRITESTRING?EEPROM
  +--> ?PR?_LCD1602_WRITECOM?LCD1602
  +--> ?PR?DELAY_500MS?DELAY
  +--> ?PR?_LCD1602_WRITEDATA?LCD1602
  +--> ?PR?_AT24C02_READ?EEPROM
BL51 BANKED LINKER/LOCATER V6.22                                                      08/19/2016  13:17:04  PAGE 3



?PR?LCD1602_INIT?LCD1602                 -----    -----
  +--> ?PR?_LCD1602_WRITECOM?LCD1602

?PR?_LCD1602_WRITECOM?LCD1602            -----    -----
  +--> ?PR?DELAY_5MS?DELAY

?PR?NRF24L01_RT_INIT?NRF2401             -----    -----
  +--> ?PR?_NRF24L01_WRITE_REG?NRF2401
  +--> ?PR?_NRF24L01_WRITE_BUF?NRF2401

?PR?_NRF24L01_WRITE_REG?NRF2401          -----    -----
  +--> ?PR?_NRF24L01_READ_REG?NRF2401
  +--> ?PR?_SPI_RW?NRF2401

?PR?_NRF24L01_READ_REG?NRF2401           -----    -----
  +--> ?PR?_SPI_RW?NRF2401

?PR?_NRF24L01_WRITE_BUF?NRF2401          0091H    0005H
  +--> ?PR?_SPI_RW?NRF2401

?PR?_SENDSTRING?NRF2401                  006EH    0023H
  +--> ?PR?_STRLEN?STRLEN
  +--> ?PR?_SEND_BUF?NRF2401

?PR?_SEND_BUF?NRF2401                    -----    -----
  +--> ?PR?_NRF24L01_WRITE_REG?NRF2401
  +--> ?PR?_DELAY_US?NRF2401
  +--> ?PR?_NRF24L01_TXPACKET?NRF2401

?PR?_NRF24L01_TXPACKET?NRF2401           -----    -----
  +--> ?PR?_NRF24L01_WRITE_BUF?NRF2401
  +--> ?PR?_NRF24L01_WRITE_REG?NRF2401

?PR?_LCD1602_WRITESTRING?LCD1602         006EH    0004H
  +--> ?PR?_LCD1602_WRITEDATA?LCD1602

?PR?_LCD1602_WRITEDATA?LCD1602           -----    -----
  +--> ?PR?DELAY_5MS?DELAY

?PR?_AT24C02_WRITESTRING?EEPROM          006EH    0004H
  +--> ?PR?_AT24C02_WRITE?EEPROM

?PR?_AT24C02_WRITE?EEPROM                0072H    0002H
  +--> ?PR?I2C_START?I2C
  +--> ?PR?_I2C_SENDBYTE?I2C
  +--> ?PR?I2C_END?I2C
  +--> ?PR?DELAY_5MS?DELAY

?PR?I2C_START?I2C                        -----    -----
  +--> ?PR?DELAY_10US?DELAY

?PR?_I2C_SENDBYTE?I2C                    0074H    0002H
  +--> ?PR?DELAY_10US?DELAY

?PR?I2C_END?I2C                          -----    -----
  +--> ?PR?DELAY_10US?DELAY
BL51 BANKED LINKER/LOCATER V6.22                                                      08/19/2016  13:17:04  PAGE 4



?PR?_AT24C02_READ?EEPROM                 006EH    0002H
  +--> ?PR?I2C_START?I2C
  +--> ?PR?_I2C_SENDBYTE?I2C
  +--> ?PR?I2C_READBYTE?I2C
  +--> ?PR?I2C_END?I2C

?PR?I2C_READBYTE?I2C                     0070H    0001H
  +--> ?PR?DELAY_10US?DELAY



SYMBOL TABLE OF MODULE:  EDC_test (DELAY)

  VALUE           TYPE          NAME
  ----------------------------------

  -------         MODULE        DELAY
  C:0000H         SYMBOL        _ICE_DUMMY_
  C:095FH         PUBLIC        Delay_10ms
  C:09A9H         PUBLIC        Delay_10us
  C:096CH         PUBLIC        Delay_100ms
  C:0979H         PUBLIC        Delay_500ms
  C:09B2H         PUBLIC        Delay_100us
  C:0952H         PUBLIC        Delay_1ms
  C:09BBH         PUBLIC        Delay_5ms
  -------         PROC          DELAY_10US
  -------         DO            
  D:0006H         SYMBOL        a
  D:0007H         SYMBOL        b
  -------         ENDDO         
  C:09A9H         LINE#         2
  C:09A9H         LINE#         3
  C:09A9H         LINE#         5
  C:09ABH         LINE#         6
  C:09B1H         LINE#         7
  -------         ENDPROC       DELAY_10US
  -------         PROC          DELAY_100US
  -------         DO            
  D:0006H         SYMBOL        a
  D:0007H         SYMBOL        b
  -------         ENDDO         
  C:09B2H         LINE#         8
  C:09B2H         LINE#         9
  C:09B2H         LINE#         11
  C:09B4H         LINE#         12
  C:09BAH         LINE#         13
  -------         ENDPROC       DELAY_100US
  -------         PROC          DELAY_1MS
  -------         DO            
  D:0005H         SYMBOL        a
  D:0006H         SYMBOL        b
  D:0007H         SYMBOL        c
  -------         ENDDO         
  C:0952H         LINE#         14
  C:0952H         LINE#         15
  C:0952H         LINE#         17
BL51 BANKED LINKER/LOCATER V6.22                                                      08/19/2016  13:17:04  PAGE 5


  C:0954H         LINE#         18
  C:0956H         LINE#         19
  C:095EH         LINE#         20
  -------         ENDPROC       DELAY_1MS
  -------         PROC          DELAY_5MS
  -------         DO            
  D:0006H         SYMBOL        a
  D:0007H         SYMBOL        b
  -------         ENDDO         
  C:09BBH         LINE#         21
  C:09BBH         LINE#         22
  C:09BBH         LINE#         24
  C:09BDH         LINE#         25
  C:09C3H         LINE#         26
  -------         ENDPROC       DELAY_5MS
  -------         PROC          DELAY_10MS
  -------         DO            
  D:0005H         SYMBOL        a
  D:0006H         SYMBOL        b
  D:0007H         SYMBOL        c
  -------         ENDDO         
  C:095FH         LINE#         27
  C:095FH         LINE#         28
  C:095FH         LINE#         30
  C:0961H         LINE#         31
  C:0963H         LINE#         32
  C:096BH         LINE#         33
  -------         ENDPROC       DELAY_10MS
  -------         PROC          DELAY_100MS
  -------         DO            
  D:0005H         SYMBOL        a
  D:0006H         SYMBOL        b
  D:0007H         SYMBOL        c
  -------         ENDDO         
  C:096CH         LINE#         34
  C:096CH         LINE#         35
  C:096CH         LINE#         37
  C:096EH         LINE#         38
  C:0970H         LINE#         39
  C:0978H         LINE#         40
  -------         ENDPROC       DELAY_100MS
  -------         PROC          DELAY_500MS
  -------         DO            
  D:0005H         SYMBOL        a
  D:0006H         SYMBOL        b
  D:0007H         SYMBOL        c
  -------         ENDDO         
  C:0979H         LINE#         41
  C:0979H         LINE#         42
  C:0979H         LINE#         44
  C:097BH         LINE#         45
  C:097DH         LINE#         46
  C:0985H         LINE#         47
  -------         ENDPROC       DELAY_500MS
  -------         ENDMOD        DELAY

  -------         MODULE        I2C
BL51 BANKED LINKER/LOCATER V6.22                                                      08/19/2016  13:17:04  PAGE 6


  C:0000H         SYMBOL        _ICE_DUMMY_
  B:00A0H.1       PUBLIC        I2C_SCL
  D:00A0H         PUBLIC        P2
  C:04A1H         PUBLIC        _I2C_sendbyte
  C:08DEH         PUBLIC        I2C_start
  C:08F2H         PUBLIC        I2C_end
  X:0000H         SYMBOL        i
  C:0719H         PUBLIC        I2C_readbyte
  B:00A0H.0       PUBLIC        I2C_SDA
  -------         PROC          I2C_START
  C:08DEH         LINE#         5
  C:08DEH         LINE#         6
  C:08DEH         LINE#         7
  C:08E0H         LINE#         8
  C:08E3H         LINE#         9
  C:08E5H         LINE#         10
  C:08E8H         LINE#         11
  C:08EAH         LINE#         12
  C:08EDH         LINE#         13
  C:08EFH         LINE#         14
  -------         ENDPROC       I2C_START
  -------         PROC          I2C_END
  C:08F2H         LINE#         16
  C:08F2H         LINE#         17
  C:08F2H         LINE#         18
  C:08F4H         LINE#         19
  C:08F7H         LINE#         20
  C:08F9H         LINE#         21
  C:08FCH         LINE#         22
  C:08FEH         LINE#         23
  C:0901H         LINE#         24
  C:0903H         LINE#         25
  -------         ENDPROC       I2C_END
  -------         PROC          _I2C_SENDBYTE
  X:0074H         SYMBOL        dat
  -------         DO            
  X:0075H         SYMBOL        t
  -------         ENDDO         
  C:04A1H         LINE#         27
  C:04A5H         LINE#         28
  C:04A5H         LINE#         30
  C:04A7H         LINE#         31
  C:04ABH         LINE#         32
  C:04ABH         LINE#         33
  C:04BAH         LINE#         34
  C:04C0H         LINE#         35
  C:04C3H         LINE#         36
  C:04C5H         LINE#         37
  C:04C8H         LINE#         38
  C:04CAH         LINE#         39
  C:04CDH         LINE#         40
  C:04DAH         LINE#         41
  C:04DCH         LINE#         42
  C:04DFH         LINE#         43
  C:04E1H         LINE#         44
  C:04E4H         LINE#         45
  C:04E4H         LINE#         46
BL51 BANKED LINKER/LOCATER V6.22                                                      08/19/2016  13:17:04  PAGE 7


  C:04E9H         LINE#         47
  C:04FAH         LINE#         48
  C:04FAH         LINE#         49
  C:04FCH         LINE#         50
  C:04FFH         LINE#         51
  C:0502H         LINE#         52
  C:0502H         LINE#         53
  C:0502H         LINE#         54
  C:0504H         LINE#         55
  C:0507H         LINE#         56
  C:0509H         LINE#         57
  -------         ENDPROC       _I2C_SENDBYTE
  -------         PROC          I2C_READBYTE
  -------         DO            
  X:0070H         SYMBOL        dat
  -------         ENDDO         
  C:0719H         LINE#         58
  C:0719H         LINE#         59
  C:0719H         LINE#         60
  C:071DH         LINE#         61
  C:071FH         LINE#         62
  C:0722H         LINE#         63
  C:0722H         LINE#         64
  C:0724H         LINE#         65
  C:0727H         LINE#         66
  C:072EH         LINE#         67
  C:0734H         LINE#         68
  C:0737H         LINE#         69
  C:0739H         LINE#         70
  C:073CH         LINE#         71
  C:0749H         LINE#         72
  C:074DH         LINE#         73
  -------         ENDPROC       I2C_READBYTE
  -------         ENDMOD        I2C

  -------         MODULE        EEPROM
  C:0000H         SYMBOL        _ICE_DUMMY_
  C:07DEH         PUBLIC        _AT24C02_read
  C:0852H         PUBLIC        _AT24C02_write
  C:06A6H         PUBLIC        _AT24C02_writestring
  -------         PROC          _AT24C02_WRITE
  X:0072H         SYMBOL        addr
  X:0073H         SYMBOL        dat
  C:0852H         LINE#         2
  C:0859H         LINE#         3
  C:0859H         LINE#         4
  C:085CH         LINE#         5
  C:0861H         LINE#         6
  C:0868H         LINE#         7
  C:086FH         LINE#         8
  C:0872H         LINE#         9
  -------         ENDPROC       _AT24C02_WRITE
  -------         PROC          _AT24C02_READ
  X:006EH         SYMBOL        addr
  -------         DO            
  X:006FH         SYMBOL        dat
  -------         ENDDO         
BL51 BANKED LINKER/LOCATER V6.22                                                      08/19/2016  13:17:04  PAGE 8


  C:07DEH         LINE#         11
  C:07E2H         LINE#         12
  C:07E2H         LINE#         14
  C:07E5H         LINE#         15
  C:07EAH         LINE#         16
  C:07F1H         LINE#         17
  C:07F4H         LINE#         18
  C:07F9H         LINE#         19
  C:0800H         LINE#         20
  C:0803H         LINE#         21
  C:0807H         LINE#         22
  -------         ENDPROC       _AT24C02_READ
  -------         PROC          _AT24C02_WRITESTRING
  X:006EH         SYMBOL        s
  -------         DO            
  X:0071H         SYMBOL        i
  -------         ENDDO         
  C:06A6H         LINE#         23
  C:06B0H         LINE#         24
  C:06B0H         LINE#         26
  C:06C5H         LINE#         27
  C:06C5H         LINE#         28
  C:06D8H         LINE#         29
  C:06DFH         LINE#         30
  -------         ENDPROC       _AT24C02_WRITESTRING
  -------         ENDMOD        EEPROM

  -------         MODULE        LCD1602
  C:0000H         SYMBOL        _ICE_DUMMY_
  D:0080H         PUBLIC        P0
  D:00A0H         PUBLIC        P2
  C:08B0H         PUBLIC        LCD1602_Init
  B:00A0H.6       PUBLIC        LCD1602_RS
  B:00A0H.5       PUBLIC        LCD1602_RW
  C:074EH         PUBLIC        _LCD1602_Writestring
  C:092DH         PUBLIC        _LCD1602_Writedata
  B:00A0H.7       PUBLIC        LCD1602_E
  C:091AH         PUBLIC        _LCD1602_Writecom
  -------         PROC          _LCD1602_WRITECOM
  D:0007H         SYMBOL        com
  C:091AH         LINE#         3
  C:091AH         LINE#         4
  C:091AH         LINE#         5
  C:091CH         LINE#         6
  C:091EH         LINE#         7
  C:0920H         LINE#         9
  C:0922H         LINE#         10
  C:0925H         LINE#         11
  C:0927H         LINE#         12
  C:092AH         LINE#         13
  C:092CH         LINE#         14
  -------         ENDPROC       _LCD1602_WRITECOM
  -------         PROC          _LCD1602_WRITEDATA
  D:0007H         SYMBOL        dat
  C:092DH         LINE#         15
  C:092DH         LINE#         16
  C:092DH         LINE#         17
BL51 BANKED LINKER/LOCATER V6.22                                                      08/19/2016  13:17:04  PAGE 9


  C:092FH         LINE#         18
  C:0931H         LINE#         19
  C:0933H         LINE#         21
  C:0935H         LINE#         22
  C:0938H         LINE#         23
  C:093AH         LINE#         24
  C:093DH         LINE#         25
  C:093FH         LINE#         26
  -------         ENDPROC       _LCD1602_WRITEDATA
  -------         PROC          LCD1602_INIT
  C:08B0H         LINE#         27
  C:08B0H         LINE#         28
  C:08B0H         LINE#         29
  C:08B5H         LINE#         30
  C:08BAH         LINE#         31
  C:08BFH         LINE#         32
  C:08C4H         LINE#         33
  -------         ENDPROC       LCD1602_INIT
  -------         PROC          _LCD1602_WRITESTRING
  X:006EH         SYMBOL        s
  -------         DO            
  X:0071H         SYMBOL        p
  -------         ENDDO         
  C:074EH         LINE#         35
  C:0758H         LINE#         36
  C:0758H         LINE#         38
  C:0775H         LINE#         39
  C:0775H         LINE#         40
  C:0778H         LINE#         42
  C:077FH         LINE#         43
  -------         ENDPROC       _LCD1602_WRITESTRING
  -------         ENDMOD        LCD1602

  -------         MODULE        MAIN
  C:0000H         SYMBOL        _ICE_DUMMY_
  D:0080H         PUBLIC        P0
  D:0090H         PUBLIC        P1
  D:00A0H         PUBLIC        P2
  D:00B0H         PUBLIC        P3
  C:0468H         PUBLIC        DIG_PLACE
  C:01FEH         PUBLIC        main
  X:0001H         PUBLIC        rece_buf
  C:0481H         SYMBOL        _?ix1000
  C:0470H         PUBLIC        DIG_CODE
  B:0080H.2       PUBLIC        NRF_IR
  -------         PROC          MAIN
  -------         DO            
  X:004DH         SYMBOL        count
  D:0006H         SYMBOL        i
  X:004EH         SYMBOL        rece_buf
  -------         ENDDO         
  C:01FEH         LINE#         18
  C:01FEH         LINE#         19
  C:01FEH         LINE#         21
  C:0211H         LINE#         22
  C:0214H         LINE#         24
  C:0217H         LINE#         26
BL51 BANKED LINKER/LOCATER V6.22                                                      08/19/2016  13:17:04  PAGE 10


  C:0217H         LINE#         27
  C:0217H         LINE#         29
  C:021AH         LINE#         30
  C:021AH         LINE#         32
  C:021AH         LINE#         33
  C:0221H         LINE#         34
  C:0221H         LINE#         35
  C:022AH         LINE#         36
  C:022CH         LINE#         37
  C:0245H         LINE#         41
  C:024AH         LINE#         42
  C:0250H         LINE#         43
  C:0250H         LINE#         44
  C:0259H         LINE#         45
  C:0262H         LINE#         46
  C:0264H         LINE#         47
  C:026AH         LINE#         48
  C:026AH         LINE#         49
  C:0273H         LINE#         50
  C:027FH         LINE#         51
  C:027FH         LINE#         52
  C:0284H         LINE#         53
  C:0287H         LINE#         54
  C:028EH         LINE#         55
  C:028EH         LINE#         56
  C:0296H         LINE#         57
  C:0296H         LINE#         58
  C:02A4H         LINE#         59
  C:02A4H         LINE#         60
  C:02ACH         LINE#         61
  C:02B7H         LINE#         62
  C:02BDH         LINE#         63
  C:02CAH         LINE#         64
  C:02D0H         LINE#         65
  C:02DDH         LINE#         66
  C:02E4H         LINE#         67
  C:02E6H         LINE#         68
  C:02ECH         LINE#         69
  C:02F3H         LINE#         70
  C:02F3H         LINE#         71
  C:02F8H         LINE#         72
  C:02F8H         LINE#         73
  C:02FDH         LINE#         74
  C:030BH         LINE#         75
  C:0318H         LINE#         77
  C:0318H         LINE#         79
  C:0318H         LINE#         80
  C:0321H         LINE#         81
  C:0321H         LINE#         82
  C:0321H         LINE#         83
  C:0321H         LINE#         84
  C:0324H         LINE#         85
  -------         ENDPROC       MAIN
  -------         ENDMOD        MAIN

  -------         MODULE        NRF2401
  C:0000H         SYMBOL        _ICE_DUMMY_
BL51 BANKED LINKER/LOCATER V6.22                                                      08/19/2016  13:17:04  PAGE 11


  D:0080H         PUBLIC        P0
  B:0080H.4       PUBLIC        NRF_MOSI
  B:0080H.3       PUBLIC        NRF_MISO
  C:06E0H         PUBLIC        _NRF24L01_RxPacket
  C:07B2H         PUBLIC        _NRF24L01_TxPacket
  C:0808H         PUBLIC        _intlen
  C:056EH         PUBLIC        _Sendlength
  X:0043H         PUBLIC        RX_ADDRESS
  X:0048H         PUBLIC        TX_ADDRESS
  B:0080H.5       PUBLIC        NRF_SCK
  B:0080H.6       PUBLIC        NRF_CSN
  B:0080H.2       PUBLIC        NRF_IRQ
  C:050AH         PUBLIC        NRF24L01_Check
  C:099FH         SYMBOL        _?ix1000
  C:09A4H         SYMBOL        _?ix1001
  C:05C5H         PUBLIC        _sendstring
  B:0080H.7       PUBLIC        NRF_CE
  C:0780H         PUBLIC        _NRF24L01_Read_Buf
  C:0986H         PUBLIC        _NRF24L01_Read_Reg
  C:0993H         PUBLIC        _delay_us
  C:0875H         PUBLIC        _SEND_BUF
  C:0674H         PUBLIC        _NRF24L01_Write_Buf
  C:089FH         PUBLIC        _NRF24L01_Write_Reg
  C:03B1H         PUBLIC        _Int_to_char
  C:0906H         PUBLIC        delay_150us
  C:0838H         PUBLIC        _SPI_RW
  C:061BH         PUBLIC        NRF24L01_RT_Init
  -------         PROC          _DELAY_US
  D:0007H         SYMBOL        num
  -------         DO            
  D:0006H         SYMBOL        i
  -------         ENDDO         
  C:0993H         LINE#         30
  C:0993H         LINE#         31
  C:0993H         LINE#         33
  C:099AH         LINE#         34
  C:099EH         LINE#         35
  -------         ENDPROC       _DELAY_US
  -------         PROC          DELAY_150US
  -------         DO            
  D:0006H         SYMBOL        i
  -------         ENDDO         
  C:0906H         LINE#         36
  C:0906H         LINE#         37
  C:0906H         LINE#         40
  C:0919H         LINE#         41
  -------         ENDPROC       DELAY_150US
  -------         PROC          L?0050
  -------         ENDPROC       L?0050
  -------         PROC          _SPI_RW
  D:0007H         SYMBOL        byte
  -------         DO            
  D:0006H         SYMBOL        bit_ctr
  -------         ENDDO         
  C:0838H         LINE#         45
  C:0838H         LINE#         46
  C:0838H         LINE#         48
BL51 BANKED LINKER/LOCATER V6.22                                                      08/19/2016  13:17:04  PAGE 12


  C:083AH         LINE#         49
  C:083AH         LINE#         50
  C:083EH         LINE#         51
  C:0842H         LINE#         52
  C:0844H         LINE#         53
  C:084AH         LINE#         54
  C:084CH         LINE#         55
  C:0851H         LINE#         56
  C:0851H         LINE#         57
  -------         ENDPROC       _SPI_RW
  -------         PROC          L?0049
  -------         ENDPROC       L?0049
  -------         PROC          _NRF24L01_WRITE_REG
  D:0007H         SYMBOL        reg
  D:0005H         SYMBOL        value
  -------         DO            
  D:0004H         SYMBOL        status
  -------         ENDDO         
  C:089FH         LINE#         65
  C:089FH         LINE#         66
  C:089FH         LINE#         69
  C:08A1H         LINE#         70
  C:08A6H         LINE#         71
  C:08ABH         LINE#         72
  C:08ADH         LINE#         74
  C:08AFH         LINE#         75
  -------         ENDPROC       _NRF24L01_WRITE_REG
  -------         PROC          _NRF24L01_READ_REG
  D:0007H         SYMBOL        reg
  -------         DO            
  D:0007H         SYMBOL        value
  -------         ENDDO         
  C:0986H         LINE#         81
  C:0986H         LINE#         82
  C:0986H         LINE#         85
  C:0988H         LINE#         86
  C:098BH         LINE#         87
  C:0990H         LINE#         88
  C:0992H         LINE#         90
  C:0992H         LINE#         91
  -------         ENDPROC       _NRF24L01_READ_REG
  -------         PROC          _NRF24L01_READ_BUF
  D:0007H         SYMBOL        reg
  X:0022H         SYMBOL        pBuf
  X:0025H         SYMBOL        len
  -------         DO            
  D:0005H         SYMBOL        status
  D:0004H         SYMBOL        u8_ctr
  -------         ENDDO         
  C:0780H         LINE#         99
  C:0782H         LINE#         100
  C:0782H         LINE#         102
  C:0782H         LINE#         103
  C:0787H         LINE#         104
  C:0792H         LINE#         105
  C:07ADH         LINE#         106
  C:07AFH         LINE#         107
BL51 BANKED LINKER/LOCATER V6.22                                                      08/19/2016  13:17:04  PAGE 13


  C:07B1H         LINE#         108
  -------         ENDPROC       _NRF24L01_READ_BUF
  -------         PROC          L?0051
  -------         ENDPROC       L?0051
  -------         PROC          _NRF24L01_WRITE_BUF
  D:0007H         SYMBOL        reg
  X:0092H         SYMBOL        pBuf
  X:0095H         SYMBOL        len
  -------         DO            
  D:0005H         SYMBOL        status
  D:0004H         SYMBOL        u8_ctr
  -------         ENDDO         
  C:0674H         LINE#         115
  C:0676H         LINE#         116
  C:0676H         LINE#         118
  C:0676H         LINE#         119
  C:067BH         LINE#         120
  C:0686H         LINE#         121
  C:06A1H         LINE#         122
  C:06A3H         LINE#         123
  C:06A5H         LINE#         124
  -------         ENDPROC       _NRF24L01_WRITE_BUF
  -------         PROC          _NRF24L01_RXPACKET
  X:0026H         SYMBOL        rxbuf
  -------         DO            
  D:0003H         SYMBOL        state
  -------         ENDDO         
  C:06E0H         LINE#         132
  C:06EAH         LINE#         133
  C:06EAH         LINE#         136
  C:06EAH         LINE#         137
  C:06EDH         LINE#         138
  C:06F1H         LINE#         139
  C:06F1H         LINE#         140
  C:06F3H         LINE#         141
  C:0707H         LINE#         142
  C:070EH         LINE#         143
  C:0710H         LINE#         144
  C:0713H         LINE#         145
  C:0716H         LINE#         146
  C:0716H         LINE#         147
  C:0718H         LINE#         148
  -------         ENDPROC       _NRF24L01_RXPACKET
  -------         PROC          _NRF24L01_TXPACKET
  D:0001H         SYMBOL        txbuf
  -------         DO            
  D:0003H         SYMBOL        state
  -------         ENDDO         
  C:07B2H         LINE#         156
  C:07B2H         LINE#         157
  C:07B2H         LINE#         160
  C:07B4H         LINE#         161
  C:07BEH         LINE#         162
  C:07C0H         LINE#         163
  C:07C3H         LINE#         164
  C:07C3H         LINE#         165
  C:07C6H         LINE#         166
BL51 BANKED LINKER/LOCATER V6.22                                                      08/19/2016  13:17:04  PAGE 14


  C:07CAH         LINE#         167
  C:07CAH         LINE#         168
  C:07D1H         LINE#         169
  C:07D4H         LINE#         170
  C:07D4H         LINE#         171
  C:07D8H         LINE#         172
  C:07D8H         LINE#         173
  C:07DBH         LINE#         174
  C:07DBH         LINE#         175
  C:07DDH         LINE#         176
  -------         ENDPROC       _NRF24L01_TXPACKET
  -------         PROC          NRF24L01_CHECK
  -------         DO            
  X:0029H         SYMBOL        check_in_buf
  X:002EH         SYMBOL        check_out_buf
  -------         ENDDO         
  C:050AH         LINE#         183
  C:050AH         LINE#         184
  C:050AH         LINE#         185
  C:051DH         LINE#         186
  C:0530H         LINE#         188
  C:0532H         LINE#         189
  C:0534H         LINE#         190
  C:0536H         LINE#         192
  C:053DH         LINE#         194
  C:054DH         LINE#         196
  C:056BH         LINE#         201
  C:056DH         LINE#         202
  -------         ENDPROC       NRF24L01_CHECK
  -------         PROC          NRF24L01_RT_INIT
  C:061BH         LINE#         205
  C:061BH         LINE#         206
  C:061BH         LINE#         207
  C:061DH         LINE#         208
  C:0624H         LINE#         209
  C:062BH         LINE#         210
  C:0632H         LINE#         211
  C:0642H         LINE#         212
  C:0649H         LINE#         213
  C:064EH         LINE#         214
  C:0655H         LINE#         215
  C:065CH         LINE#         216
  C:0663H         LINE#         217
  C:0668H         LINE#         218
  C:066AH         LINE#         219
  -------         ENDPROC       NRF24L01_RT_INIT
  -------         PROC          _SEND_BUF
  D:0001H         SYMBOL        buf
  C:0875H         LINE#         221
  C:0875H         LINE#         222
  C:0875H         LINE#         223
  C:0877H         LINE#         224
  C:087EH         LINE#         225
  C:0880H         LINE#         226
  C:0885H         LINE#         227
  C:0888H         LINE#         228
  C:088AH         LINE#         229
BL51 BANKED LINKER/LOCATER V6.22                                                      08/19/2016  13:17:04  PAGE 15


  C:0891H         LINE#         230
  C:0893H         LINE#         231
  -------         ENDPROC       _SEND_BUF
  -------         PROC          _SENDLENGTH
  X:0033H         SYMBOL        buff
  -------         DO            
  X:0036H         SYMBOL        length
  X:0038H         SYMBOL        count
  -------         ENDDO         
  C:056EH         LINE#         252
  C:0578H         LINE#         253
  C:0578H         LINE#         254
  C:057EH         LINE#         255
  C:0588H         LINE#         256
  C:05A0H         LINE#         257
  C:05B8H         LINE#         258
  -------         ENDPROC       _SENDLENGTH
  -------         PROC          _INTLEN
  D:0006H         SYMBOL        num
  -------         DO            
  X:003AH         SYMBOL        count
  -------         ENDDO         
  C:0808H         LINE#         260
  C:0808H         LINE#         261
  C:0808H         LINE#         262
  C:080EH         LINE#         263
  C:0812H         LINE#         264
  C:0812H         LINE#         265
  C:081DH         LINE#         266
  C:0824H         LINE#         267
  C:0826H         LINE#         268
  C:082DH         LINE#         269
  -------         ENDPROC       _INTLEN
  -------         PROC          _INT_TO_CHAR
  X:003CH         SYMBOL        num
  X:003EH         SYMBOL        buffer
  -------         DO            
  X:0041H         SYMBOL        i
  -------         ENDDO         
  C:03B1H         LINE#         270
  C:03C2H         LINE#         271
  C:03C2H         LINE#         272
  C:03C8H         LINE#         273
  C:03E0H         LINE#         274
  C:03E0H         LINE#         275
  C:0409H         LINE#         276
  C:041EH         LINE#         277
  C:042BH         LINE#         278
  -------         ENDPROC       _INT_TO_CHAR
  -------         PROC          _SENDSTRING
  X:006EH         SYMBOL        buffer
  -------         DO            
  D:0006H         SYMBOL        i
  X:0071H         SYMBOL        buffer1
  -------         ENDDO         
  C:05C5H         LINE#         279
  C:05CFH         LINE#         280
BL51 BANKED LINKER/LOCATER V6.22                                                      08/19/2016  13:17:04  PAGE 16


  C:05CFH         LINE#         283
  C:05E2H         LINE#         284
  C:05E2H         LINE#         285
  C:05FAH         LINE#         286
  C:0601H         LINE#         287
  C:0612H         LINE#         288
  -------         ENDPROC       _SENDSTRING
  -------         ENDMOD        NRF2401

  -------         MODULE        ?C?COPY
  C:00D3H         PUBLIC        ?C?COPY
  -------         ENDMOD        ?C?COPY

  -------         MODULE        ?C?CLDPTR
  C:00F9H         PUBLIC        ?C?CLDPTR
  -------         ENDMOD        ?C?CLDPTR

  -------         MODULE        ?C?CLDOPTR
  C:0112H         PUBLIC        ?C?CLDOPTR
  -------         ENDMOD        ?C?CLDOPTR

  -------         MODULE        ?C?CSTPTR
  C:013FH         PUBLIC        ?C?CSTPTR
  -------         ENDMOD        ?C?CSTPTR

  -------         MODULE        ?C?CSTOPTR
  C:0151H         PUBLIC        ?C?CSTOPTR
  -------         ENDMOD        ?C?CSTOPTR

  -------         MODULE        ?C?SIDIV
  C:0173H         PUBLIC        ?C?SIDIV
  -------         ENDMOD        ?C?SIDIV

  -------         MODULE        STRLEN
  C:08C9H         PUBLIC        _STRLEN
  -------         ENDMOD        STRLEN

  -------         MODULE        ?C?UIDIV
  C:01A9H         PUBLIC        ?C?UIDIV
  -------         ENDMOD        ?C?UIDIV

*** WARNING L16: UNCALLED SEGMENT, IGNORED FOR OVERLAY PROCESS
    SEGMENT: ?PR?DELAY_100US?DELAY

*** WARNING L16: UNCALLED SEGMENT, IGNORED FOR OVERLAY PROCESS
    SEGMENT: ?PR?DELAY_1MS?DELAY

*** WARNING L16: UNCALLED SEGMENT, IGNORED FOR OVERLAY PROCESS
    SEGMENT: ?PR?DELAY_10MS?DELAY

*** WARNING L16: UNCALLED SEGMENT, IGNORED FOR OVERLAY PROCESS
    SEGMENT: ?PR?DELAY_100MS?DELAY

*** WARNING L16: UNCALLED SEGMENT, IGNORED FOR OVERLAY PROCESS
    SEGMENT: ?PR?_NRF24L01_RXPACKET?NRF2401

*** WARNING L16: UNCALLED SEGMENT, IGNORED FOR OVERLAY PROCESS
BL51 BANKED LINKER/LOCATER V6.22                                                      08/19/2016  13:17:04  PAGE 17


    SEGMENT: ?PR?NRF24L01_CHECK?NRF2401

*** WARNING L16: UNCALLED SEGMENT, IGNORED FOR OVERLAY PROCESS
    SEGMENT: ?PR?_SENDLENGTH?NRF2401

Program Size: data=9.0 xdata=150 code=2500
LINK/LOCATE RUN COMPLETE.  7 WARNING(S),  0 ERROR(S)
