BL51 BANKED LINKER/LOCATER V6.22                                                        08/21/2016  14:08:13  PAGE 1


BL51 BANKED LINKER/LOCATER V6.22, INVOKED BY:
C:\KEIL\C51\BIN\BL51.EXE delay.obj, I2C.obj, EEPROM.obj, LCD1602.obj, main.obj, NRF2401.obj TO EDC_test


MEMORY MODEL: COMPACT


INPUT MODULES INCLUDED:
  delay.obj (DELAY)
  I2C.obj (I2C)
  EEPROM.obj (EEPROM)
  LCD1602.obj (LCD1602)
  main.obj (MAIN)
  NRF2401.obj (NRF2401)
  C:\KEIL\C51\LIB\C51C.LIB (?C_STARTUP)
  C:\KEIL\C51\LIB\C51C.LIB (?C?COPY)
  C:\KEIL\C51\LIB\C51C.LIB (?C?CLDPTR)
  C:\KEIL\C51\LIB\C51C.LIB (?C?CLDOPTR)
  C:\KEIL\C51\LIB\C51C.LIB (?C?CSTPTR)
  C:\KEIL\C51\LIB\C51C.LIB (?C?CSTOPTR)
  C:\KEIL\C51\LIB\C51C.LIB (?C?SIDIV)
  C:\KEIL\C51\LIB\C51C.LIB (STRLEN)
  C:\KEIL\C51\LIB\C51C.LIB (?C_INIT)
  C:\KEIL\C51\LIB\C51C.LIB (?C?UIDIV)


LINK MAP OF MODULE:  EDC_test (DELAY)


            TYPE    BASE      LENGTH    RELOCATION   SEGMENT NAME
            -----------------------------------------------------

            * * * * * * *   D A T A   M E M O R Y   * * * * * * *
            REG     0000H     0008H     ABSOLUTE     "REG BANK 0"
            IDATA   0008H     0001H     UNIT         ?STACK

            * * * * * * *  X D A T A   M E M O R Y  * * * * * * *
            XDATA   0000H     0001H     INPAGE       ?PD?I2C
            XDATA   0001H     0020H     INPAGE       ?PD?MAIN
            XDATA   0021H     0007H     INPAGE       ?PD?_SENDLENGTH?NRF2401
            XDATA   0028H     0002H     INPAGE       ?PD?_INTLEN?NRF2401
            XDATA   002AH     0007H     INPAGE       ?PD?_INT_TO_CHAR?NRF2401
            XDATA   0031H     000AH     INPAGE       ?PD?NRF2401
            XDATA   003BH     002AH     INPAGE       _PDATA_GROUP_

            * * * * * * *   C O D E   M E M O R Y   * * * * * * *
            CODE    0000H     0003H     ABSOLUTE     
            CODE    0003H     01FBH     UNIT         ?C?LIB_CODE
            CODE    01FEH     01E4H     UNIT         ?PR?MAIN?MAIN
            CODE    03E2H     00D9H     UNIT         ?CO?MAIN
            CODE    04BBH     008CH     UNIT         ?C_C51STARTUP
            CODE    0547H     007BH     UNIT         ?PR?_INT_TO_CHAR?NRF2401
            CODE    05C2H     0069H     UNIT         ?PR?_I2C_SENDBYTE?I2C
            CODE    062BH     0064H     UNIT         ?PR?NRF24L01_CHECK?NRF2401
            CODE    068FH     0057H     UNIT         ?PR?_SENDLENGTH?NRF2401
            CODE    06E6H     0056H     UNIT         ?PR?_SENDSTRING?NRF2401
            CODE    073CH     0050H     UNIT         ?PR?NRF24L01_RT_INIT?NRF2401
            CODE    078CH     003BH     UNIT         ?PR?_NRF24L01_WRITE_BUF?NRF2401
BL51 BANKED LINKER/LOCATER V6.22                                                      08/21/2016  14:08:13  PAGE 2


            CODE    07C7H     0039H     UNIT         ?PR?_AT24C02_WRITESTRING?EEPROM
            CODE    0800H     0039H     UNIT         ?PR?_NRF24L01_RXPACKET?NRF2401
            CODE    0839H     0035H     UNIT         ?PR?I2C_READBYTE?I2C
            CODE    086EH     0032H     UNIT         ?PR?_LCD1602_WRITESTRING?LCD1602
            CODE    08A0H     0032H     UNIT         ?PR?_NRF24L01_READ_BUF?NRF2401
            CODE    08D2H     002CH     UNIT         ?PR?_NRF24L01_TXPACKET?NRF2401
            CODE    08FEH     002AH     UNIT         ?PR?_AT24C02_READ?EEPROM
            CODE    0928H     0026H     UNIT         ?PR?_INTLEN?NRF2401
            CODE    094EH     0024H     UNIT         ?PR?_SPI_RW?NRF2401
            CODE    0972H     0023H     UNIT         ?PR?_AT24C02_WRITE?EEPROM
            CODE    0995H     001FH     UNIT         ?PR?_SEND_BUF?NRF2401
            CODE    09B4H     001CH     UNIT         ?PR?_NRF24L01_WRITE_REG?NRF2401
            CODE    09D0H     0019H     UNIT         ?PR?LCD1602_INIT?LCD1602
            CODE    09E9H     0015H     UNIT         ?PR?_STRLEN?STRLEN
            CODE    09FEH     0014H     UNIT         ?PR?I2C_START?I2C
            CODE    0A12H     0014H     UNIT         ?PR?I2C_END?I2C
            CODE    0A26H     0013H     UNIT         ?PR?_LCD1602_WRITECOM?LCD1602
            CODE    0A39H     0013H     UNIT         ?PR?_LCD1602_WRITEDATA?LCD1602
            CODE    0A4CH     0012H     UNIT         ?C_INITSEG
            CODE    0A5EH     000FH     UNIT         ?PR?DELAY_150US?NRF2401
            CODE    0A6DH     000DH     UNIT         ?PR?DELAY_1MS?DELAY
            CODE    0A7AH     000DH     UNIT         ?PR?DELAY_10MS?DELAY
            CODE    0A87H     000DH     UNIT         ?PR?DELAY_100MS?DELAY
            CODE    0A94H     000DH     UNIT         ?PR?DELAY_500MS?DELAY
            CODE    0AA1H     000DH     UNIT         ?PR?_NRF24L01_READ_REG?NRF2401
            CODE    0AAEH     000CH     UNIT         ?PR?_DELAY_US?NRF2401
            CODE    0ABAH     000AH     UNIT         ?CO?NRF2401
            CODE    0AC4H     0009H     UNIT         ?PR?DELAY_10US?DELAY
            CODE    0ACDH     0009H     UNIT         ?PR?DELAY_100US?DELAY
            CODE    0AD6H     0009H     UNIT         ?PR?DELAY_5MS?DELAY



OVERLAY MAP OF MODULE:   EDC_test (DELAY)


SEGMENT                                    PDATA_GROUP
  +--> CALLED SEGMENT                    START    LENGTH
--------------------------------------------------------
?C_C51STARTUP                            -----    -----
  +--> ?PR?MAIN?MAIN
  +--> ?C_INITSEG

?PR?MAIN?MAIN                            003BH    0002H
  +--> ?PR?LCD1602_INIT?LCD1602
  +--> ?PR?NRF24L01_CHECK?NRF2401
  +--> ?PR?NRF24L01_RT_INIT?NRF2401
  +--> ?PR?_NRF24L01_RXPACKET?NRF2401
  +--> ?CO?MAIN
  +--> ?PR?_SENDSTRING?NRF2401
  +--> ?PR?_LCD1602_WRITECOM?LCD1602
  +--> ?PR?_LCD1602_WRITESTRING?LCD1602
  +--> ?PR?_AT24C02_WRITESTRING?EEPROM
  +--> ?PR?DELAY_100MS?DELAY
  +--> ?PR?_AT24C02_READ?EEPROM
  +--> ?PR?_LCD1602_WRITEDATA?LCD1602

BL51 BANKED LINKER/LOCATER V6.22                                                      08/21/2016  14:08:13  PAGE 3


?PR?LCD1602_INIT?LCD1602                 -----    -----
  +--> ?PR?_LCD1602_WRITECOM?LCD1602

?PR?_LCD1602_WRITECOM?LCD1602            -----    -----
  +--> ?PR?DELAY_5MS?DELAY

?PR?NRF24L01_CHECK?NRF2401               003DH    000AH
  +--> ?CO?NRF2401
  +--> ?PR?_NRF24L01_WRITE_BUF?NRF2401
  +--> ?PR?_NRF24L01_READ_BUF?NRF2401

?PR?_NRF24L01_WRITE_BUF?NRF2401          0060H    0005H
  +--> ?PR?_SPI_RW?NRF2401

?PR?_NRF24L01_READ_BUF?NRF2401           0047H    0005H
  +--> ?PR?_SPI_RW?NRF2401

?PR?NRF24L01_RT_INIT?NRF2401             -----    -----
  +--> ?PR?_NRF24L01_WRITE_REG?NRF2401
  +--> ?PR?_NRF24L01_WRITE_BUF?NRF2401

?PR?_NRF24L01_WRITE_REG?NRF2401          -----    -----
  +--> ?PR?_NRF24L01_READ_REG?NRF2401
  +--> ?PR?_SPI_RW?NRF2401

?PR?_NRF24L01_READ_REG?NRF2401           -----    -----
  +--> ?PR?_SPI_RW?NRF2401

?PR?_NRF24L01_RXPACKET?NRF2401           003DH    0003H
  +--> ?PR?_NRF24L01_WRITE_REG?NRF2401
  +--> ?PR?_NRF24L01_READ_BUF?NRF2401
  +--> ?PR?DELAY_150US?NRF2401

?PR?_SENDSTRING?NRF2401                  003DH    0023H
  +--> ?PR?_STRLEN?STRLEN
  +--> ?PR?_SEND_BUF?NRF2401

?PR?_SEND_BUF?NRF2401                    -----    -----
  +--> ?PR?_NRF24L01_WRITE_REG?NRF2401
  +--> ?PR?_DELAY_US?NRF2401
  +--> ?PR?_NRF24L01_TXPACKET?NRF2401

?PR?_NRF24L01_TXPACKET?NRF2401           -----    -----
  +--> ?PR?_NRF24L01_WRITE_BUF?NRF2401
  +--> ?PR?_NRF24L01_WRITE_REG?NRF2401

?PR?_LCD1602_WRITESTRING?LCD1602         003DH    0004H
  +--> ?PR?_LCD1602_WRITEDATA?LCD1602

?PR?_LCD1602_WRITEDATA?LCD1602           -----    -----
  +--> ?PR?DELAY_5MS?DELAY

?PR?_AT24C02_WRITESTRING?EEPROM          003DH    0004H
  +--> ?PR?_AT24C02_WRITE?EEPROM
  +--> ?PR?DELAY_10MS?DELAY

?PR?_AT24C02_WRITE?EEPROM                0041H    0002H
BL51 BANKED LINKER/LOCATER V6.22                                                      08/21/2016  14:08:13  PAGE 4


  +--> ?PR?I2C_START?I2C
  +--> ?PR?_I2C_SENDBYTE?I2C
  +--> ?PR?I2C_END?I2C
  +--> ?PR?DELAY_1MS?DELAY

?PR?I2C_START?I2C                        -----    -----
  +--> ?PR?DELAY_10US?DELAY

?PR?_I2C_SENDBYTE?I2C                    0043H    0002H
  +--> ?PR?DELAY_10US?DELAY

?PR?I2C_END?I2C                          -----    -----
  +--> ?PR?DELAY_10US?DELAY

?PR?_AT24C02_READ?EEPROM                 003DH    0002H
  +--> ?PR?I2C_START?I2C
  +--> ?PR?_I2C_SENDBYTE?I2C
  +--> ?PR?I2C_READBYTE?I2C
  +--> ?PR?I2C_END?I2C

?PR?I2C_READBYTE?I2C                     003FH    0001H
  +--> ?PR?DELAY_10US?DELAY



SYMBOL TABLE OF MODULE:  EDC_test (DELAY)

  VALUE           TYPE          NAME
  ----------------------------------

  -------         MODULE        DELAY
  C:0000H         SYMBOL        _ICE_DUMMY_
  C:0A7AH         PUBLIC        Delay_10ms
  C:0AC4H         PUBLIC        Delay_10us
  C:0A87H         PUBLIC        Delay_100ms
  C:0A94H         PUBLIC        Delay_500ms
  C:0ACDH         PUBLIC        Delay_100us
  C:0A6DH         PUBLIC        Delay_1ms
  C:0AD6H         PUBLIC        Delay_5ms
  -------         PROC          DELAY_10US
  -------         DO            
  D:0006H         SYMBOL        a
  D:0007H         SYMBOL        b
  -------         ENDDO         
  C:0AC4H         LINE#         2
  C:0AC4H         LINE#         3
  C:0AC4H         LINE#         5
  C:0AC6H         LINE#         6
  C:0ACCH         LINE#         7
  -------         ENDPROC       DELAY_10US
  -------         PROC          DELAY_100US
  -------         DO            
  D:0006H         SYMBOL        a
  D:0007H         SYMBOL        b
  -------         ENDDO         
  C:0ACDH         LINE#         8
  C:0ACDH         LINE#         9
BL51 BANKED LINKER/LOCATER V6.22                                                      08/21/2016  14:08:13  PAGE 5


  C:0ACDH         LINE#         11
  C:0ACFH         LINE#         12
  C:0AD5H         LINE#         13
  -------         ENDPROC       DELAY_100US
  -------         PROC          DELAY_1MS
  -------         DO            
  D:0005H         SYMBOL        a
  D:0006H         SYMBOL        b
  D:0007H         SYMBOL        c
  -------         ENDDO         
  C:0A6DH         LINE#         14
  C:0A6DH         LINE#         15
  C:0A6DH         LINE#         17
  C:0A6FH         LINE#         18
  C:0A71H         LINE#         19
  C:0A79H         LINE#         20
  -------         ENDPROC       DELAY_1MS
  -------         PROC          DELAY_5MS
  -------         DO            
  D:0006H         SYMBOL        a
  D:0007H         SYMBOL        b
  -------         ENDDO         
  C:0AD6H         LINE#         21
  C:0AD6H         LINE#         22
  C:0AD6H         LINE#         24
  C:0AD8H         LINE#         25
  C:0ADEH         LINE#         26
  -------         ENDPROC       DELAY_5MS
  -------         PROC          DELAY_10MS
  -------         DO            
  D:0005H         SYMBOL        a
  D:0006H         SYMBOL        b
  D:0007H         SYMBOL        c
  -------         ENDDO         
  C:0A7AH         LINE#         27
  C:0A7AH         LINE#         28
  C:0A7AH         LINE#         30
  C:0A7CH         LINE#         31
  C:0A7EH         LINE#         32
  C:0A86H         LINE#         33
  -------         ENDPROC       DELAY_10MS
  -------         PROC          DELAY_100MS
  -------         DO            
  D:0005H         SYMBOL        a
  D:0006H         SYMBOL        b
  D:0007H         SYMBOL        c
  -------         ENDDO         
  C:0A87H         LINE#         34
  C:0A87H         LINE#         35
  C:0A87H         LINE#         37
  C:0A89H         LINE#         38
  C:0A8BH         LINE#         39
  C:0A93H         LINE#         40
  -------         ENDPROC       DELAY_100MS
  -------         PROC          DELAY_500MS
  -------         DO            
  D:0005H         SYMBOL        a
BL51 BANKED LINKER/LOCATER V6.22                                                      08/21/2016  14:08:13  PAGE 6


  D:0006H         SYMBOL        b
  D:0007H         SYMBOL        c
  -------         ENDDO         
  C:0A94H         LINE#         41
  C:0A94H         LINE#         42
  C:0A94H         LINE#         44
  C:0A96H         LINE#         45
  C:0A98H         LINE#         46
  C:0AA0H         LINE#         47
  -------         ENDPROC       DELAY_500MS
  -------         ENDMOD        DELAY

  -------         MODULE        I2C
  C:0000H         SYMBOL        _ICE_DUMMY_
  B:00A0H.1       PUBLIC        I2C_SCL
  D:00A0H         PUBLIC        P2
  C:05C2H         PUBLIC        _I2C_sendbyte
  C:09FEH         PUBLIC        I2C_start
  C:0A12H         PUBLIC        I2C_end
  X:0000H         SYMBOL        i
  C:0839H         PUBLIC        I2C_readbyte
  B:00A0H.0       PUBLIC        I2C_SDA
  -------         PROC          I2C_START
  C:09FEH         LINE#         5
  C:09FEH         LINE#         6
  C:09FEH         LINE#         7
  C:0A00H         LINE#         8
  C:0A03H         LINE#         9
  C:0A05H         LINE#         10
  C:0A08H         LINE#         11
  C:0A0AH         LINE#         12
  C:0A0DH         LINE#         13
  C:0A0FH         LINE#         14
  -------         ENDPROC       I2C_START
  -------         PROC          I2C_END
  C:0A12H         LINE#         16
  C:0A12H         LINE#         17
  C:0A12H         LINE#         18
  C:0A14H         LINE#         19
  C:0A17H         LINE#         20
  C:0A19H         LINE#         21
  C:0A1CH         LINE#         22
  C:0A1EH         LINE#         23
  C:0A21H         LINE#         24
  C:0A23H         LINE#         25
  -------         ENDPROC       I2C_END
  -------         PROC          _I2C_SENDBYTE
  X:0043H         SYMBOL        dat
  -------         DO            
  X:0044H         SYMBOL        t
  -------         ENDDO         
  C:05C2H         LINE#         27
  C:05C6H         LINE#         28
  C:05C6H         LINE#         30
  C:05C8H         LINE#         31
  C:05CCH         LINE#         32
  C:05CCH         LINE#         33
BL51 BANKED LINKER/LOCATER V6.22                                                      08/21/2016  14:08:13  PAGE 7


  C:05DBH         LINE#         34
  C:05E1H         LINE#         35
  C:05E4H         LINE#         36
  C:05E6H         LINE#         37
  C:05E9H         LINE#         38
  C:05EBH         LINE#         39
  C:05EEH         LINE#         40
  C:05FBH         LINE#         41
  C:05FDH         LINE#         42
  C:0600H         LINE#         43
  C:0602H         LINE#         44
  C:0605H         LINE#         45
  C:0605H         LINE#         46
  C:060AH         LINE#         47
  C:061BH         LINE#         48
  C:061BH         LINE#         49
  C:061DH         LINE#         50
  C:0620H         LINE#         51
  C:0623H         LINE#         52
  C:0623H         LINE#         53
  C:0623H         LINE#         54
  C:0625H         LINE#         55
  C:0628H         LINE#         56
  C:062AH         LINE#         57
  -------         ENDPROC       _I2C_SENDBYTE
  -------         PROC          I2C_READBYTE
  -------         DO            
  X:003FH         SYMBOL        dat
  -------         ENDDO         
  C:0839H         LINE#         58
  C:0839H         LINE#         59
  C:0839H         LINE#         60
  C:083DH         LINE#         61
  C:083FH         LINE#         62
  C:0842H         LINE#         63
  C:0842H         LINE#         64
  C:0844H         LINE#         65
  C:0847H         LINE#         66
  C:084EH         LINE#         67
  C:0854H         LINE#         68
  C:0857H         LINE#         69
  C:0859H         LINE#         70
  C:085CH         LINE#         71
  C:0869H         LINE#         72
  C:086DH         LINE#         73
  -------         ENDPROC       I2C_READBYTE
  -------         ENDMOD        I2C

  -------         MODULE        EEPROM
  C:0000H         SYMBOL        _ICE_DUMMY_
  C:08FEH         PUBLIC        _AT24C02_read
  C:0972H         PUBLIC        _AT24C02_write
  C:07C7H         PUBLIC        _AT24C02_writestring
  -------         PROC          _AT24C02_WRITE
  X:0041H         SYMBOL        addr
  X:0042H         SYMBOL        dat
  C:0972H         LINE#         2
BL51 BANKED LINKER/LOCATER V6.22                                                      08/21/2016  14:08:13  PAGE 8


  C:0979H         LINE#         3
  C:0979H         LINE#         4
  C:097CH         LINE#         5
  C:0981H         LINE#         6
  C:0988H         LINE#         7
  C:098FH         LINE#         8
  C:0992H         LINE#         9
  -------         ENDPROC       _AT24C02_WRITE
  -------         PROC          _AT24C02_READ
  X:003DH         SYMBOL        addr
  -------         DO            
  X:003EH         SYMBOL        dat
  -------         ENDDO         
  C:08FEH         LINE#         11
  C:0902H         LINE#         12
  C:0902H         LINE#         14
  C:0905H         LINE#         15
  C:090AH         LINE#         16
  C:0911H         LINE#         17
  C:0914H         LINE#         18
  C:0919H         LINE#         19
  C:0920H         LINE#         20
  C:0923H         LINE#         21
  C:0927H         LINE#         22
  -------         ENDPROC       _AT24C02_READ
  -------         PROC          _AT24C02_WRITESTRING
  X:003DH         SYMBOL        s
  -------         DO            
  X:0040H         SYMBOL        i
  -------         ENDDO         
  C:07C7H         LINE#         23
  C:07D1H         LINE#         24
  C:07D1H         LINE#         26
  C:07EEH         LINE#         27
  C:07EEH         LINE#         28
  C:07F5H         LINE#         29
  C:07F8H         LINE#         30
  C:07FFH         LINE#         31
  -------         ENDPROC       _AT24C02_WRITESTRING
  -------         ENDMOD        EEPROM

  -------         MODULE        LCD1602
  C:0000H         SYMBOL        _ICE_DUMMY_
  D:0080H         PUBLIC        P0
  D:00A0H         PUBLIC        P2
  C:09D0H         PUBLIC        LCD1602_Init
  B:00A0H.6       PUBLIC        LCD1602_RS
  B:00A0H.5       PUBLIC        LCD1602_RW
  C:086EH         PUBLIC        _LCD1602_Writestring
  C:0A39H         PUBLIC        _LCD1602_Writedata
  B:00A0H.7       PUBLIC        LCD1602_E
  C:0A26H         PUBLIC        _LCD1602_Writecom
  -------         PROC          _LCD1602_WRITECOM
  D:0007H         SYMBOL        com
  C:0A26H         LINE#         3
  C:0A26H         LINE#         4
  C:0A26H         LINE#         5
BL51 BANKED LINKER/LOCATER V6.22                                                      08/21/2016  14:08:13  PAGE 9


  C:0A28H         LINE#         6
  C:0A2AH         LINE#         7
  C:0A2CH         LINE#         9
  C:0A2EH         LINE#         10
  C:0A31H         LINE#         11
  C:0A33H         LINE#         12
  C:0A36H         LINE#         13
  C:0A38H         LINE#         14
  -------         ENDPROC       _LCD1602_WRITECOM
  -------         PROC          _LCD1602_WRITEDATA
  D:0007H         SYMBOL        dat
  C:0A39H         LINE#         15
  C:0A39H         LINE#         16
  C:0A39H         LINE#         17
  C:0A3BH         LINE#         18
  C:0A3DH         LINE#         19
  C:0A3FH         LINE#         21
  C:0A41H         LINE#         22
  C:0A44H         LINE#         23
  C:0A46H         LINE#         24
  C:0A49H         LINE#         25
  C:0A4BH         LINE#         26
  -------         ENDPROC       _LCD1602_WRITEDATA
  -------         PROC          LCD1602_INIT
  C:09D0H         LINE#         27
  C:09D0H         LINE#         28
  C:09D0H         LINE#         29
  C:09D5H         LINE#         30
  C:09DAH         LINE#         31
  C:09DFH         LINE#         32
  C:09E4H         LINE#         33
  -------         ENDPROC       LCD1602_INIT
  -------         PROC          _LCD1602_WRITESTRING
  X:003DH         SYMBOL        s
  -------         DO            
  X:0040H         SYMBOL        p
  -------         ENDDO         
  C:086EH         LINE#         35
  C:0878H         LINE#         36
  C:0878H         LINE#         38
  C:0895H         LINE#         39
  C:0895H         LINE#         40
  C:0898H         LINE#         42
  C:089FH         LINE#         43
  -------         ENDPROC       _LCD1602_WRITESTRING
  -------         ENDMOD        LCD1602

  -------         MODULE        MAIN
  C:0000H         SYMBOL        _ICE_DUMMY_
  D:0090H         PUBLIC        P1
  D:00A0H         PUBLIC        P2
  D:00B0H         PUBLIC        P3
  C:04A2H         PUBLIC        DIG_PLACE
  C:01FEH         PUBLIC        main
  X:0001H         PUBLIC        rece_buf
  C:04AAH         PUBLIC        DIG_CODE
  B:00A0H.2       PUBLIC        LSA
BL51 BANKED LINKER/LOCATER V6.22                                                      08/21/2016  14:08:13  PAGE 10


  B:00A0H.3       PUBLIC        LSB
  B:00B0H.5       PUBLIC        NRF_IR
  B:00A0H.4       PUBLIC        LSC
  -------         PROC          MAIN
  -------         DO            
  X:003BH         SYMBOL        count
  D:0007H         SYMBOL        i
  X:003CH         SYMBOL        flag_4
  -------         ENDDO         
  C:01FEH         LINE#         20
  C:01FEH         LINE#         21
  C:01FEH         LINE#         22
  C:0203H         LINE#         24
  C:0206H         LINE#         25
  C:020CH         LINE#         26
  C:020FH         LINE#         27
  C:020FH         LINE#         28
  C:020FH         LINE#         29
  C:0212H         LINE#         30
  C:0212H         LINE#         31
  C:021EH         LINE#         32
  C:021EH         LINE#         33
  C:0225H         LINE#         34
  C:0225H         LINE#         35
  C:022BH         LINE#         36
  C:022EH         LINE#         38
  C:022EH         LINE#         39
  C:0247H         LINE#         43
  C:024CH         LINE#         45
  C:024CH         LINE#         46
  C:0263H         LINE#         47
  C:0263H         LINE#         48
  C:0263H         LINE#         49
  C:026CH         LINE#         50
  C:0271H         LINE#         51
  C:027AH         LINE#         52
  C:0283H         LINE#         53
  C:028CH         LINE#         54
  C:0291H         LINE#         55
  C:0294H         LINE#         56
  C:0294H         LINE#         57
  C:029DH         LINE#         59
  C:02ACH         LINE#         60
  C:02ACH         LINE#         61
  C:02B1H         LINE#         62
  C:02B4H         LINE#         63
  C:02BBH         LINE#         64
  C:02BBH         LINE#         65
  C:02BBH         LINE#         66
  C:02C4H         LINE#         67
  C:02C9H         LINE#         68
  C:02D2H         LINE#         69
  C:02D7H         LINE#         70
  C:02E0H         LINE#         71
  C:02EAH         LINE#         72
  C:02EAH         LINE#         73
  C:02F3H         LINE#         74
BL51 BANKED LINKER/LOCATER V6.22                                                      08/21/2016  14:08:13  PAGE 11


  C:0300H         LINE#         75
  C:0300H         LINE#         76
  C:0325H         LINE#         77
  C:0325H         LINE#         78
  C:0325H         LINE#         79
  C:0329H         LINE#         80
  C:0329H         LINE#         81
  C:0331H         LINE#         82
  C:0331H         LINE#         83
  C:0335H         LINE#         84
  C:0335H         LINE#         85
  C:033DH         LINE#         86
  C:033DH         LINE#         87
  C:0341H         LINE#         88
  C:0341H         LINE#         89
  C:0349H         LINE#         90
  C:0349H         LINE#         91
  C:034DH         LINE#         92
  C:034DH         LINE#         93
  C:0353H         LINE#         94
  C:0353H         LINE#         95
  C:0360H         LINE#         96
  C:0366H         LINE#         97
  C:0373H         LINE#         98
  C:0379H         LINE#         99
  C:0386H         LINE#         100
  C:038DH         LINE#         101
  C:038FH         LINE#         102
  C:0395H         LINE#         103
  C:039DH         LINE#         104
  C:039DH         LINE#         105
  C:039DH         LINE#         106
  C:039DH         LINE#         107
  C:03A6H         LINE#         108
  C:03ABH         LINE#         109
  C:03B4H         LINE#         110
  C:03C2H         LINE#         111
  C:03C2H         LINE#         112
  C:03C8H         LINE#         113
  C:03CFH         LINE#         114
  C:03D3H         LINE#         115
  C:03D6H         LINE#         116
  C:03D6H         LINE#         117
  C:03DFH         LINE#         118
  -------         ENDPROC       MAIN
  -------         ENDMOD        MAIN

  -------         MODULE        NRF2401
  C:0000H         SYMBOL        _ICE_DUMMY_
  B:00B0H.4       PUBLIC        NRF_MOSI
  B:00B0H.2       PUBLIC        NRF_MISO
  D:00B0H         PUBLIC        P3
  C:0800H         PUBLIC        _NRF24L01_RxPacket
  C:08D2H         PUBLIC        _NRF24L01_TxPacket
  C:0928H         PUBLIC        _intlen
  C:068FH         PUBLIC        _Sendlength
  X:0031H         PUBLIC        RX_ADDRESS
BL51 BANKED LINKER/LOCATER V6.22                                                      08/21/2016  14:08:13  PAGE 12


  X:0036H         PUBLIC        TX_ADDRESS
  B:00B0H.1       PUBLIC        NRF_SCK
  B:00B0H.3       PUBLIC        NRF_CSN
  B:00B0H.5       PUBLIC        NRF_IRQ
  C:062BH         PUBLIC        NRF24L01_Check
  C:0ABAH         SYMBOL        _?ix1000
  C:0ABFH         SYMBOL        _?ix1001
  C:06E6H         PUBLIC        _sendstring
  B:00B0H.0       PUBLIC        NRF_CE
  C:08A0H         PUBLIC        _NRF24L01_Read_Buf
  C:0AA1H         PUBLIC        _NRF24L01_Read_Reg
  C:0AAEH         PUBLIC        _delay_us
  C:0995H         PUBLIC        _SEND_BUF
  C:0795H         PUBLIC        _NRF24L01_Write_Buf
  C:09BFH         PUBLIC        _NRF24L01_Write_Reg
  C:0547H         PUBLIC        _Int_to_char
  C:0A5EH         PUBLIC        delay_150us
  C:0958H         PUBLIC        _SPI_RW
  C:073CH         PUBLIC        NRF24L01_RT_Init
  -------         PROC          _DELAY_US
  D:0007H         SYMBOL        num
  -------         DO            
  D:0006H         SYMBOL        i
  -------         ENDDO         
  C:0AAEH         LINE#         30
  C:0AAEH         LINE#         31
  C:0AAEH         LINE#         33
  C:0AB5H         LINE#         34
  C:0AB9H         LINE#         35
  -------         ENDPROC       _DELAY_US
  -------         PROC          DELAY_150US
  -------         DO            
  D:0006H         SYMBOL        i
  -------         ENDDO         
  C:0A5EH         LINE#         36
  C:0A5EH         LINE#         37
  C:0A5EH         LINE#         40
  C:0A6CH         LINE#         41
  -------         ENDPROC       DELAY_150US
  -------         PROC          L?0050
  -------         ENDPROC       L?0050
  -------         PROC          _SPI_RW
  D:0007H         SYMBOL        byte
  -------         DO            
  D:0006H         SYMBOL        bit_ctr
  -------         ENDDO         
  C:0958H         LINE#         45
  C:0958H         LINE#         46
  C:0958H         LINE#         48
  C:095AH         LINE#         49
  C:095AH         LINE#         50
  C:095EH         LINE#         51
  C:0962H         LINE#         52
  C:0964H         LINE#         53
  C:096AH         LINE#         54
  C:096CH         LINE#         55
  C:0971H         LINE#         56
BL51 BANKED LINKER/LOCATER V6.22                                                      08/21/2016  14:08:13  PAGE 13


  C:0971H         LINE#         57
  -------         ENDPROC       _SPI_RW
  -------         PROC          L?0049
  -------         ENDPROC       L?0049
  -------         PROC          _NRF24L01_WRITE_REG
  D:0007H         SYMBOL        reg
  D:0005H         SYMBOL        value
  -------         DO            
  D:0004H         SYMBOL        status
  -------         ENDDO         
  C:09BFH         LINE#         65
  C:09BFH         LINE#         66
  C:09BFH         LINE#         69
  C:09C1H         LINE#         70
  C:09C6H         LINE#         71
  C:09CBH         LINE#         72
  C:09CDH         LINE#         74
  C:09CFH         LINE#         75
  -------         ENDPROC       _NRF24L01_WRITE_REG
  -------         PROC          _NRF24L01_READ_REG
  D:0007H         SYMBOL        reg
  -------         DO            
  D:0007H         SYMBOL        value
  -------         ENDDO         
  C:0AA1H         LINE#         81
  C:0AA1H         LINE#         82
  C:0AA1H         LINE#         85
  C:0AA3H         LINE#         86
  C:0AA6H         LINE#         87
  C:0AABH         LINE#         88
  C:0AADH         LINE#         90
  C:0AADH         LINE#         91
  -------         ENDPROC       _NRF24L01_READ_REG
  -------         PROC          _NRF24L01_READ_BUF
  D:0007H         SYMBOL        reg
  X:0048H         SYMBOL        pBuf
  X:004BH         SYMBOL        len
  -------         DO            
  D:0005H         SYMBOL        status
  D:0004H         SYMBOL        u8_ctr
  -------         ENDDO         
  C:08A0H         LINE#         99
  C:08A2H         LINE#         100
  C:08A2H         LINE#         102
  C:08A2H         LINE#         103
  C:08A7H         LINE#         104
  C:08B2H         LINE#         105
  C:08CDH         LINE#         106
  C:08CFH         LINE#         107
  C:08D1H         LINE#         108
  -------         ENDPROC       _NRF24L01_READ_BUF
  -------         PROC          L?0051
  -------         ENDPROC       L?0051
  -------         PROC          _NRF24L01_WRITE_BUF
  D:0007H         SYMBOL        reg
  X:0061H         SYMBOL        pBuf
  X:0064H         SYMBOL        len
BL51 BANKED LINKER/LOCATER V6.22                                                      08/21/2016  14:08:13  PAGE 14


  -------         DO            
  D:0005H         SYMBOL        status
  D:0004H         SYMBOL        u8_ctr
  -------         ENDDO         
  C:0795H         LINE#         115
  C:0797H         LINE#         116
  C:0797H         LINE#         118
  C:0797H         LINE#         119
  C:079CH         LINE#         120
  C:07A7H         LINE#         121
  C:07C2H         LINE#         122
  C:07C4H         LINE#         123
  C:07C6H         LINE#         124
  -------         ENDPROC       _NRF24L01_WRITE_BUF
  -------         PROC          _NRF24L01_RXPACKET
  X:003DH         SYMBOL        rxbuf
  -------         DO            
  D:0003H         SYMBOL        state
  -------         ENDDO         
  C:0800H         LINE#         132
  C:080AH         LINE#         133
  C:080AH         LINE#         136
  C:080AH         LINE#         137
  C:080DH         LINE#         138
  C:0811H         LINE#         139
  C:0811H         LINE#         140
  C:0813H         LINE#         141
  C:0827H         LINE#         142
  C:082EH         LINE#         143
  C:0830H         LINE#         144
  C:0833H         LINE#         145
  C:0836H         LINE#         146
  C:0836H         LINE#         147
  C:0838H         LINE#         148
  -------         ENDPROC       _NRF24L01_RXPACKET
  -------         PROC          _NRF24L01_TXPACKET
  D:0001H         SYMBOL        txbuf
  -------         DO            
  D:0003H         SYMBOL        state
  -------         ENDDO         
  C:08D2H         LINE#         156
  C:08D2H         LINE#         157
  C:08D2H         LINE#         160
  C:08D4H         LINE#         161
  C:08DEH         LINE#         162
  C:08E0H         LINE#         163
  C:08E3H         LINE#         164
  C:08E3H         LINE#         165
  C:08E6H         LINE#         166
  C:08EAH         LINE#         167
  C:08EAH         LINE#         168
  C:08F1H         LINE#         169
  C:08F4H         LINE#         170
  C:08F4H         LINE#         171
  C:08F8H         LINE#         172
  C:08F8H         LINE#         173
  C:08FBH         LINE#         174
BL51 BANKED LINKER/LOCATER V6.22                                                      08/21/2016  14:08:13  PAGE 15


  C:08FBH         LINE#         175
  C:08FDH         LINE#         176
  -------         ENDPROC       _NRF24L01_TXPACKET
  -------         PROC          NRF24L01_CHECK
  -------         DO            
  X:003DH         SYMBOL        check_in_buf
  X:0042H         SYMBOL        check_out_buf
  -------         ENDDO         
  C:062BH         LINE#         183
  C:062BH         LINE#         184
  C:062BH         LINE#         185
  C:063EH         LINE#         186
  C:0651H         LINE#         188
  C:0653H         LINE#         189
  C:0655H         LINE#         190
  C:0657H         LINE#         192
  C:065EH         LINE#         194
  C:066EH         LINE#         196
  C:068CH         LINE#         201
  C:068EH         LINE#         202
  -------         ENDPROC       NRF24L01_CHECK
  -------         PROC          NRF24L01_RT_INIT
  C:073CH         LINE#         205
  C:073CH         LINE#         206
  C:073CH         LINE#         207
  C:073EH         LINE#         208
  C:0745H         LINE#         209
  C:074CH         LINE#         210
  C:0753H         LINE#         211
  C:0763H         LINE#         212
  C:076AH         LINE#         213
  C:076FH         LINE#         214
  C:0776H         LINE#         215
  C:077DH         LINE#         216
  C:0784H         LINE#         217
  C:0789H         LINE#         218
  C:078BH         LINE#         219
  -------         ENDPROC       NRF24L01_RT_INIT
  -------         PROC          _SEND_BUF
  D:0001H         SYMBOL        buf
  C:0995H         LINE#         221
  C:0995H         LINE#         222
  C:0995H         LINE#         223
  C:0997H         LINE#         224
  C:099EH         LINE#         225
  C:09A0H         LINE#         226
  C:09A5H         LINE#         227
  C:09A8H         LINE#         228
  C:09AAH         LINE#         229
  C:09B1H         LINE#         230
  C:09B3H         LINE#         231
  -------         ENDPROC       _SEND_BUF
  -------         PROC          _SENDLENGTH
  X:0021H         SYMBOL        buff
  -------         DO            
  X:0024H         SYMBOL        length
  X:0026H         SYMBOL        count
BL51 BANKED LINKER/LOCATER V6.22                                                      08/21/2016  14:08:13  PAGE 16


  -------         ENDDO         
  C:068FH         LINE#         252
  C:0699H         LINE#         253
  C:0699H         LINE#         254
  C:069FH         LINE#         255
  C:06A9H         LINE#         256
  C:06C1H         LINE#         257
  C:06D9H         LINE#         258
  -------         ENDPROC       _SENDLENGTH
  -------         PROC          _INTLEN
  D:0006H         SYMBOL        num
  -------         DO            
  X:0028H         SYMBOL        count
  -------         ENDDO         
  C:0928H         LINE#         260
  C:0928H         LINE#         261
  C:0928H         LINE#         262
  C:092EH         LINE#         263
  C:0932H         LINE#         264
  C:0932H         LINE#         265
  C:093DH         LINE#         266
  C:0944H         LINE#         267
  C:0946H         LINE#         268
  C:094DH         LINE#         269
  -------         ENDPROC       _INTLEN
  -------         PROC          _INT_TO_CHAR
  X:002AH         SYMBOL        num
  X:002CH         SYMBOL        buffer
  -------         DO            
  X:002FH         SYMBOL        i
  -------         ENDDO         
  C:0547H         LINE#         270
  C:0558H         LINE#         271
  C:0558H         LINE#         272
  C:055EH         LINE#         273
  C:0576H         LINE#         274
  C:0576H         LINE#         275
  C:059FH         LINE#         276
  C:05B4H         LINE#         277
  C:05C1H         LINE#         278
  -------         ENDPROC       _INT_TO_CHAR
  -------         PROC          _SENDSTRING
  X:003DH         SYMBOL        buffer
  -------         DO            
  D:0006H         SYMBOL        i
  X:0040H         SYMBOL        buffer1
  -------         ENDDO         
  C:06E6H         LINE#         279
  C:06F0H         LINE#         280
  C:06F0H         LINE#         283
  C:0703H         LINE#         284
  C:0703H         LINE#         285
  C:071BH         LINE#         286
  C:0722H         LINE#         287
  C:0733H         LINE#         288
  -------         ENDPROC       _SENDSTRING
  -------         ENDMOD        NRF2401
BL51 BANKED LINKER/LOCATER V6.22                                                      08/21/2016  14:08:13  PAGE 17



  -------         MODULE        ?C?COPY
  C:00D3H         PUBLIC        ?C?COPY
  -------         ENDMOD        ?C?COPY

  -------         MODULE        ?C?CLDPTR
  C:00F9H         PUBLIC        ?C?CLDPTR
  -------         ENDMOD        ?C?CLDPTR

  -------         MODULE        ?C?CLDOPTR
  C:0112H         PUBLIC        ?C?CLDOPTR
  -------         ENDMOD        ?C?CLDOPTR

  -------         MODULE        ?C?CSTPTR
  C:013FH         PUBLIC        ?C?CSTPTR
  -------         ENDMOD        ?C?CSTPTR

  -------         MODULE        ?C?CSTOPTR
  C:0151H         PUBLIC        ?C?CSTOPTR
  -------         ENDMOD        ?C?CSTOPTR

  -------         MODULE        ?C?SIDIV
  C:0173H         PUBLIC        ?C?SIDIV
  -------         ENDMOD        ?C?SIDIV

  -------         MODULE        STRLEN
  C:09E9H         PUBLIC        _STRLEN
  -------         ENDMOD        STRLEN

  -------         MODULE        ?C?UIDIV
  C:01A9H         PUBLIC        ?C?UIDIV
  -------         ENDMOD        ?C?UIDIV

*** WARNING L16: UNCALLED SEGMENT, IGNORED FOR OVERLAY PROCESS
    SEGMENT: ?PR?DELAY_100US?DELAY

*** WARNING L16: UNCALLED SEGMENT, IGNORED FOR OVERLAY PROCESS
    SEGMENT: ?PR?DELAY_500MS?DELAY

*** WARNING L16: UNCALLED SEGMENT, IGNORED FOR OVERLAY PROCESS
    SEGMENT: ?PR?_SENDLENGTH?NRF2401

Program Size: data=9.0 xdata=101 code=2783
LINK/LOCATE RUN COMPLETE.  3 WARNING(S),  0 ERROR(S)
