BL51 BANKED LINKER/LOCATER V6.22                                                        08/20/2016  20:31:57  PAGE 1


BL51 BANKED LINKER/LOCATER V6.22, INVOKED BY:
C:\KEIL\C51\BIN\BL51.EXE delay.obj, LCD1602.obj, I2C.obj, EEPROM.obj, NRF2401.obj TO EDC_test


MEMORY MODEL: SMALL


INPUT MODULES INCLUDED:
  delay.obj (DELAY)
  LCD1602.obj (LCD1602)
  I2C.obj (I2C)
  EEPROM.obj (EEPROM)
  NRF2401.obj (NRF2401)
  C:\KEIL\C51\LIB\C51S.LIB (?C_STARTUP)
  C:\KEIL\C51\LIB\C51S.LIB (?C?COPY)
  C:\KEIL\C51\LIB\C51S.LIB (?C?CLDPTR)
  C:\KEIL\C51\LIB\C51S.LIB (?C?CLDOPTR)
  C:\KEIL\C51\LIB\C51S.LIB (?C?CSTPTR)
  C:\KEIL\C51\LIB\C51S.LIB (?C?CSTOPTR)
  C:\KEIL\C51\LIB\C51S.LIB (?C?SIDIV)
  C:\KEIL\C51\LIB\C51S.LIB (STRLEN)
  C:\KEIL\C51\LIB\C51S.LIB (?C_INIT)
  C:\KEIL\C51\LIB\C51S.LIB (?C?UIDIV)


LINK MAP OF MODULE:  EDC_test (DELAY)


            TYPE    BASE      LENGTH    RELOCATION   SEGMENT NAME
            -----------------------------------------------------

            * * * * * * *   D A T A   M E M O R Y   * * * * * * *
            REG     0000H     0008H     ABSOLUTE     "REG BANK 0"
            DATA    0008H     002AH     UNIT         ?DT?NRF2401
            DATA    0032H     0028H     UNIT         _DATA_GROUP_
            DATA    005AH     0003H     UNIT         ?DT?_I2C_SENDBYTE?I2C
            DATA    005DH     0002H     UNIT         ?DT?I2C_READBYTE?I2C
            DATA    005FH     0002H     UNIT         ?DT?_AT24C02_WRITE?EEPROM
            DATA    0061H     0002H     UNIT         ?DT?_AT24C02_READ?EEPROM
            IDATA   0063H     0001H     UNIT         ?STACK

            * * * * * * *   C O D E   M E M O R Y   * * * * * * *
            CODE    0000H     0003H     ABSOLUTE     
            CODE    0003H     01FBH     UNIT         ?C?LIB_CODE
            CODE    01FEH     008CH     UNIT         ?C_C51STARTUP
            CODE    028AH     0062H     UNIT         ?PR?_I2C_SENDBYTE?I2C
            CODE    02ECH     0060H     UNIT         ?PR?NRF24L01_CHECK?NRF2401
            CODE    034CH     005AH     UNIT         ?PR?_INT_TO_CHAR?NRF2401
            CODE    03A6H     004EH     UNIT         ?PR?NRF24L01_RT_INIT?NRF2401
            CODE    03F4H     0048H     UNIT         ?PR?_SENDSTRING?NRF2401
            CODE    043CH     0045H     UNIT         ?PR?_SENDLENGTH?NRF2401
            CODE    0481H     0039H     UNIT         ?PR?_NRF24L01_WRITE_BUF?NRF2401
            CODE    04BAH     0031H     UNIT         ?PR?_NRF24L01_READ_BUF?NRF2401
            CODE    04EBH     0030H     UNIT         ?PR?I2C_READBYTE?I2C
            CODE    051BH     002FH     UNIT         ?PR?_NRF24L01_RXPACKET?NRF2401
            CODE    054AH     002BH     UNIT         ?PR?MAIN?NRF2401
            CODE    0575H     002AH     UNIT         ?PR?_NRF24L01_TXPACKET?NRF2401
            CODE    059FH     0022H     UNIT         ?PR?_AT24C02_READ?EEPROM
BL51 BANKED LINKER/LOCATER V6.22                                                      08/20/2016  20:31:57  PAGE 2


            CODE    05C1H     001FH     UNIT         ?PR?_SEND_BUF?NRF2401
            CODE    05E0H     001CH     UNIT         ?PR?_NRF24L01_WRITE_REG?NRF2401
            CODE    05FCH     001AH     UNIT         ?PR?_INTLEN?NRF2401
            CODE    0616H     0019H     UNIT         ?PR?_AT24C02_WRITE?EEPROM
            CODE    062FH     0019H     UNIT         ?PR?_SPI_RW?NRF2401
            CODE    0648H     0016H     UNIT         ?PR?_DELAY?NRF2401
            CODE    065EH     0015H     UNIT         ?PR?_STRLEN?STRLEN
            CODE    0673H     0014H     UNIT         ?PR?LCD1602_INIT?LCD1602
            CODE    0687H     0014H     UNIT         ?PR?I2C_START?I2C
            CODE    069BH     0014H     UNIT         ?PR?DELAY_150US?NRF2401
            CODE    06AFH     0013H     UNIT         ?PR?_LCD1602_WRITECOM?LCD1602
            CODE    06C2H     0013H     UNIT         ?PR?_LCD1602_WRITEDATA?LCD1602
            CODE    06D5H     0010H     UNIT         ?CO?NRF2401
            CODE    06E5H     000FH     UNIT         ?PR?I2C_END?I2C
            CODE    06F4H     000FH     UNIT         ?C_INITSEG
            CODE    0703H     000DH     UNIT         ?PR?DELAY_1MS?DELAY
            CODE    0710H     000DH     UNIT         ?PR?DELAY_10MS?DELAY
            CODE    071DH     000DH     UNIT         ?PR?DELAY_100MS?DELAY
            CODE    072AH     000DH     UNIT         ?PR?DELAY_500MS?DELAY
            CODE    0737H     000DH     UNIT         ?PR?_NRF24L01_READ_REG?NRF2401
            CODE    0744H     000CH     UNIT         ?PR?_DELAY_US?NRF2401
            CODE    0750H     0009H     UNIT         ?PR?DELAY_10US?DELAY
            CODE    0759H     0009H     UNIT         ?PR?DELAY_100US?DELAY
            CODE    0762H     0009H     UNIT         ?PR?DELAY_5MS?DELAY



OVERLAY MAP OF MODULE:   EDC_test (DELAY)


SEGMENT                                   DATA_GROUP 
  +--> CALLED SEGMENT                   START    LENGTH
-------------------------------------------------------
?C_C51STARTUP                           -----    -----
  +--> ?PR?MAIN?NRF2401
  +--> ?C_INITSEG

?PR?MAIN?NRF2401                        -----    -----
  +--> ?PR?NRF24L01_CHECK?NRF2401
  +--> ?PR?NRF24L01_RT_INIT?NRF2401
  +--> ?CO?NRF2401
  +--> ?PR?_SENDSTRING?NRF2401
  +--> ?PR?_NRF24L01_RXPACKET?NRF2401
  +--> ?PR?_SENDLENGTH?NRF2401

?PR?NRF24L01_CHECK?NRF2401              0032H    000AH
  +--> ?CO?NRF2401
  +--> ?PR?_NRF24L01_WRITE_BUF?NRF2401
  +--> ?PR?_NRF24L01_READ_BUF?NRF2401

?PR?_NRF24L01_WRITE_BUF?NRF2401         0055H    0005H
  +--> ?PR?_SPI_RW?NRF2401

?PR?_NRF24L01_READ_BUF?NRF2401          003CH    0005H
  +--> ?PR?_SPI_RW?NRF2401

?PR?NRF24L01_RT_INIT?NRF2401            -----    -----
BL51 BANKED LINKER/LOCATER V6.22                                                      08/20/2016  20:31:57  PAGE 3


  +--> ?PR?_NRF24L01_WRITE_REG?NRF2401
  +--> ?PR?_NRF24L01_WRITE_BUF?NRF2401

?PR?_NRF24L01_WRITE_REG?NRF2401         -----    -----
  +--> ?PR?_NRF24L01_READ_REG?NRF2401
  +--> ?PR?_SPI_RW?NRF2401

?PR?_NRF24L01_READ_REG?NRF2401          -----    -----
  +--> ?PR?_SPI_RW?NRF2401

?PR?_SENDSTRING?NRF2401                 0032H    0023H
  +--> ?PR?_STRLEN?STRLEN
  +--> ?PR?_SEND_BUF?NRF2401

?PR?_SEND_BUF?NRF2401                   -----    -----
  +--> ?PR?_NRF24L01_WRITE_REG?NRF2401
  +--> ?PR?_DELAY_US?NRF2401
  +--> ?PR?_NRF24L01_TXPACKET?NRF2401

?PR?_NRF24L01_TXPACKET?NRF2401          -----    -----
  +--> ?PR?_NRF24L01_WRITE_BUF?NRF2401
  +--> ?PR?_NRF24L01_WRITE_REG?NRF2401

?PR?_NRF24L01_RXPACKET?NRF2401          0032H    0003H
  +--> ?PR?_NRF24L01_WRITE_REG?NRF2401
  +--> ?PR?_NRF24L01_READ_BUF?NRF2401
  +--> ?PR?DELAY_150US?NRF2401

?PR?_SENDLENGTH?NRF2401                 0032H    0007H
  +--> ?PR?_STRLEN?STRLEN
  +--> ?PR?_INTLEN?NRF2401
  +--> ?PR?_INT_TO_CHAR?NRF2401
  +--> ?PR?_SEND_BUF?NRF2401

?PR?_INT_TO_CHAR?NRF2401                0039H    0007H
  +--> ?PR?_INTLEN?NRF2401



SYMBOL TABLE OF MODULE:  EDC_test (DELAY)

  VALUE           TYPE          NAME
  ----------------------------------

  -------         MODULE        DELAY
  C:0000H         SYMBOL        _ICE_DUMMY_
  C:0710H         PUBLIC        Delay_10ms
  C:0750H         PUBLIC        Delay_10us
  C:071DH         PUBLIC        Delay_100ms
  C:072AH         PUBLIC        Delay_500ms
  C:0759H         PUBLIC        Delay_100us
  C:0703H         PUBLIC        Delay_1ms
  C:0762H         PUBLIC        Delay_5ms
  -------         PROC          DELAY_10US
  -------         DO            
  D:0006H         SYMBOL        a
  D:0007H         SYMBOL        b
BL51 BANKED LINKER/LOCATER V6.22                                                      08/20/2016  20:31:57  PAGE 4


  -------         ENDDO         
  C:0750H         LINE#         2
  C:0750H         LINE#         3
  C:0750H         LINE#         5
  C:0752H         LINE#         6
  C:0758H         LINE#         7
  -------         ENDPROC       DELAY_10US
  -------         PROC          DELAY_100US
  -------         DO            
  D:0006H         SYMBOL        a
  D:0007H         SYMBOL        b
  -------         ENDDO         
  C:0759H         LINE#         8
  C:0759H         LINE#         9
  C:0759H         LINE#         11
  C:075BH         LINE#         12
  C:0761H         LINE#         13
  -------         ENDPROC       DELAY_100US
  -------         PROC          DELAY_1MS
  -------         DO            
  D:0005H         SYMBOL        a
  D:0006H         SYMBOL        b
  D:0007H         SYMBOL        c
  -------         ENDDO         
  C:0703H         LINE#         14
  C:0703H         LINE#         15
  C:0703H         LINE#         17
  C:0705H         LINE#         18
  C:0707H         LINE#         19
  C:070FH         LINE#         20
  -------         ENDPROC       DELAY_1MS
  -------         PROC          DELAY_5MS
  -------         DO            
  D:0006H         SYMBOL        a
  D:0007H         SYMBOL        b
  -------         ENDDO         
  C:0762H         LINE#         21
  C:0762H         LINE#         22
  C:0762H         LINE#         24
  C:0764H         LINE#         25
  C:076AH         LINE#         26
  -------         ENDPROC       DELAY_5MS
  -------         PROC          DELAY_10MS
  -------         DO            
  D:0005H         SYMBOL        a
  D:0006H         SYMBOL        b
  D:0007H         SYMBOL        c
  -------         ENDDO         
  C:0710H         LINE#         27
  C:0710H         LINE#         28
  C:0710H         LINE#         30
  C:0712H         LINE#         31
  C:0714H         LINE#         32
  C:071CH         LINE#         33
  -------         ENDPROC       DELAY_10MS
  -------         PROC          DELAY_100MS
  -------         DO            
BL51 BANKED LINKER/LOCATER V6.22                                                      08/20/2016  20:31:57  PAGE 5


  D:0005H         SYMBOL        a
  D:0006H         SYMBOL        b
  D:0007H         SYMBOL        c
  -------         ENDDO         
  C:071DH         LINE#         34
  C:071DH         LINE#         35
  C:071DH         LINE#         37
  C:071FH         LINE#         38
  C:0721H         LINE#         39
  C:0729H         LINE#         40
  -------         ENDPROC       DELAY_100MS
  -------         PROC          DELAY_500MS
  -------         DO            
  D:0005H         SYMBOL        a
  D:0006H         SYMBOL        b
  D:0007H         SYMBOL        c
  -------         ENDDO         
  C:072AH         LINE#         41
  C:072AH         LINE#         42
  C:072AH         LINE#         44
  C:072CH         LINE#         45
  C:072EH         LINE#         46
  C:0736H         LINE#         47
  -------         ENDPROC       DELAY_500MS
  -------         ENDMOD        DELAY

  -------         MODULE        LCD1602
  C:0000H         SYMBOL        _ICE_DUMMY_
  D:0080H         PUBLIC        P0
  D:00A0H         PUBLIC        P2
  C:0673H         PUBLIC        LCD1602_Init
  B:00A0H.6       PUBLIC        LCD1602_RS
  B:00A0H.5       PUBLIC        LCD1602_RW
  C:06C2H         PUBLIC        _LCD1602_Writedata
  B:00A0H.7       PUBLIC        LCD1602_E
  C:06AFH         PUBLIC        _LCD1602_Writecom
  -------         PROC          _LCD1602_WRITECOM
  D:0007H         SYMBOL        com
  C:06AFH         LINE#         4
  C:06AFH         LINE#         5
  C:06AFH         LINE#         6
  C:06B1H         LINE#         7
  C:06B3H         LINE#         8
  C:06B5H         LINE#         10
  C:06B7H         LINE#         11
  C:06BAH         LINE#         12
  C:06BCH         LINE#         13
  C:06BFH         LINE#         14
  C:06C1H         LINE#         15
  -------         ENDPROC       _LCD1602_WRITECOM
  -------         PROC          _LCD1602_WRITEDATA
  D:0007H         SYMBOL        dat
  C:06C2H         LINE#         16
  C:06C2H         LINE#         17
  C:06C2H         LINE#         18
  C:06C4H         LINE#         19
  C:06C6H         LINE#         20
BL51 BANKED LINKER/LOCATER V6.22                                                      08/20/2016  20:31:57  PAGE 6


  C:06C8H         LINE#         22
  C:06CAH         LINE#         23
  C:06CDH         LINE#         24
  C:06CFH         LINE#         25
  C:06D2H         LINE#         26
  C:06D4H         LINE#         27
  -------         ENDPROC       _LCD1602_WRITEDATA
  -------         PROC          LCD1602_INIT
  C:0673H         LINE#         28
  C:0673H         LINE#         29
  C:0673H         LINE#         30
  C:0678H         LINE#         31
  C:067DH         LINE#         33
  C:0682H         LINE#         34
  -------         ENDPROC       LCD1602_INIT
  -------         ENDMOD        LCD1602

  -------         MODULE        I2C
  C:0000H         SYMBOL        _ICE_DUMMY_
  B:00A0H.1       PUBLIC        I2C_SCL
  D:00A0H         PUBLIC        P2
  C:028AH         PUBLIC        _I2C_sendbyte
  C:0687H         PUBLIC        I2C_start
  C:06E5H         PUBLIC        I2C_end
  C:04EBH         PUBLIC        I2C_readbyte
  B:00A0H.0       PUBLIC        I2C_SDA
  -------         PROC          I2C_START
  C:0687H         LINE#         4
  C:0687H         LINE#         5
  C:0687H         LINE#         6
  C:0689H         LINE#         7
  C:068CH         LINE#         8
  C:068EH         LINE#         9
  C:0691H         LINE#         10
  C:0693H         LINE#         11
  C:0696H         LINE#         12
  C:0698H         LINE#         13
  -------         ENDPROC       I2C_START
  -------         PROC          I2C_END
  C:06E5H         LINE#         15
  C:06E5H         LINE#         16
  C:06E5H         LINE#         17
  C:06E7H         LINE#         18
  C:06EAH         LINE#         19
  C:06ECH         LINE#         20
  C:06EFH         LINE#         21
  C:06F1H         LINE#         22
  -------         ENDPROC       I2C_END
  -------         PROC          _I2C_SENDBYTE
  D:005AH         SYMBOL        dat
  -------         DO            
  D:005BH         SYMBOL        i
  D:005CH         SYMBOL        t
  -------         ENDDO         
  C:028AH         LINE#         24
  C:028CH         LINE#         25
  C:028CH         LINE#         26
BL51 BANKED LINKER/LOCATER V6.22                                                      08/20/2016  20:31:57  PAGE 7


  C:028FH         LINE#         27
  C:0291H         LINE#         28
  C:0293H         LINE#         29
  C:0293H         LINE#         30
  C:02A0H         LINE#         31
  C:02A6H         LINE#         32
  C:02A9H         LINE#         33
  C:02ABH         LINE#         34
  C:02AEH         LINE#         35
  C:02B0H         LINE#         36
  C:02B3H         LINE#         37
  C:02BEH         LINE#         38
  C:02C0H         LINE#         39
  C:02C3H         LINE#         40
  C:02C5H         LINE#         41
  C:02C8H         LINE#         42
  C:02C8H         LINE#         43
  C:02CAH         LINE#         44
  C:02DCH         LINE#         45
  C:02DCH         LINE#         46
  C:02DEH         LINE#         47
  C:02E1H         LINE#         48
  C:02E4H         LINE#         49
  C:02E4H         LINE#         50
  C:02E4H         LINE#         51
  C:02E6H         LINE#         52
  C:02E9H         LINE#         53
  C:02EBH         LINE#         54
  -------         ENDPROC       _I2C_SENDBYTE
  -------         PROC          I2C_READBYTE
  -------         DO            
  D:005DH         SYMBOL        i
  D:005EH         SYMBOL        dat
  -------         ENDDO         
  C:04EBH         LINE#         55
  C:04EBH         LINE#         56
  C:04EBH         LINE#         57
  C:04F0H         LINE#         58
  C:04F2H         LINE#         59
  C:04F4H         LINE#         60
  C:04F4H         LINE#         61
  C:04F6H         LINE#         62
  C:04F9H         LINE#         63
  C:04FFH         LINE#         64
  C:0505H         LINE#         65
  C:0508H         LINE#         66
  C:050AH         LINE#         67
  C:050DH         LINE#         68
  C:0518H         LINE#         69
  C:051AH         LINE#         70
  -------         ENDPROC       I2C_READBYTE
  -------         ENDMOD        I2C

  -------         MODULE        EEPROM
  C:0000H         SYMBOL        _ICE_DUMMY_
  C:059FH         PUBLIC        _AT24C02_read
  C:0616H         PUBLIC        _AT24C02_write
BL51 BANKED LINKER/LOCATER V6.22                                                      08/20/2016  20:31:57  PAGE 8


  -------         PROC          _AT24C02_WRITE
  D:005FH         SYMBOL        addr
  D:0060H         SYMBOL        dat
  C:0616H         LINE#         2
  C:061AH         LINE#         3
  C:061AH         LINE#         4
  C:061DH         LINE#         5
  C:0622H         LINE#         6
  C:0627H         LINE#         7
  C:062CH         LINE#         8
  -------         ENDPROC       _AT24C02_WRITE
  -------         PROC          _AT24C02_READ
  D:0061H         SYMBOL        addr
  -------         DO            
  D:0062H         SYMBOL        dat
  -------         ENDDO         
  C:059FH         LINE#         10
  C:05A1H         LINE#         11
  C:05A1H         LINE#         13
  C:05A4H         LINE#         14
  C:05A9H         LINE#         15
  C:05AEH         LINE#         16
  C:05B1H         LINE#         17
  C:05B6H         LINE#         18
  C:05BBH         LINE#         19
  C:05BEH         LINE#         20
  C:05C0H         LINE#         21
  -------         ENDPROC       _AT24C02_READ
  -------         ENDMOD        EEPROM

  -------         MODULE        NRF2401
  C:0000H         SYMBOL        _ICE_DUMMY_
  B:00B0H.4       PUBLIC        NRF_MOSI
  B:00B0H.2       PUBLIC        NRF_MISO
  D:00B0H         PUBLIC        P3
  C:051BH         PUBLIC        _NRF24L01_RxPacket
  C:0575H         PUBLIC        _NRF24L01_TxPacket
  C:05FCH         PUBLIC        _intlen
  C:0648H         PUBLIC        _delay
  C:043CH         PUBLIC        _Sendlength
  D:0008H         PUBLIC        RX_ADDRESS
  D:000DH         PUBLIC        TX_ADDRESS
  C:054AH         PUBLIC        main
  B:00B0H.1       PUBLIC        NRF_SCK
  B:00B0H.3       PUBLIC        NRF_CSN
  B:00B0H.5       PUBLIC        NRF_IRQ
  C:02ECH         PUBLIC        NRF24L01_Check
  D:0012H         PUBLIC        rece_buf
  C:06DBH         SYMBOL        _?ix1000
  C:06E0H         SYMBOL        _?ix1001
  C:03F4H         PUBLIC        _sendstring
  B:00B0H.0       PUBLIC        NRF_CE
  C:04BAH         PUBLIC        _NRF24L01_Read_Buf
  C:0737H         PUBLIC        _NRF24L01_Read_Reg
  C:0744H         PUBLIC        _delay_us
  C:05C1H         PUBLIC        _SEND_BUF
  C:0488H         PUBLIC        _NRF24L01_Write_Buf
BL51 BANKED LINKER/LOCATER V6.22                                                      08/20/2016  20:31:57  PAGE 9


  C:05EBH         PUBLIC        _NRF24L01_Write_Reg
  C:034CH         PUBLIC        _Int_to_char
  C:069BH         PUBLIC        delay_150us
  C:062FH         PUBLIC        _SPI_RW
  C:03A6H         PUBLIC        NRF24L01_RT_Init
  -------         PROC          _DELAY_US
  D:0007H         SYMBOL        num
  -------         DO            
  D:0006H         SYMBOL        i
  -------         ENDDO         
  C:0744H         LINE#         93
  C:0744H         LINE#         94
  C:0744H         LINE#         96
  C:074BH         LINE#         97
  C:074FH         LINE#         98
  -------         ENDPROC       _DELAY_US
  -------         PROC          DELAY_150US
  -------         DO            
  D:0006H         SYMBOL        i
  -------         ENDDO         
  C:069BH         LINE#         99
  C:069BH         LINE#         100
  C:069BH         LINE#         103
  C:06AEH         LINE#         104
  -------         ENDPROC       DELAY_150US
  -------         PROC          _DELAY
  D:0006H         SYMBOL        t
  -------         DO            
  D:0005H         SYMBOL        k
  -------         ENDDO         
  C:0648H         LINE#         105
  C:0648H         LINE#         106
  C:0648H         LINE#         108
  C:0652H         LINE#         109
  C:065DH         LINE#         110
  -------         ENDPROC       _DELAY
  -------         PROC          _SPI_RW
  D:0007H         SYMBOL        byte
  -------         DO            
  D:0006H         SYMBOL        bit_ctr
  -------         ENDDO         
  C:062FH         LINE#         114
  C:062FH         LINE#         115
  C:062FH         LINE#         117
  C:0631H         LINE#         118
  C:0631H         LINE#         119
  C:0635H         LINE#         120
  C:0639H         LINE#         121
  C:063BH         LINE#         122
  C:0641H         LINE#         123
  C:0643H         LINE#         124
  C:0647H         LINE#         125
  C:0647H         LINE#         126
  -------         ENDPROC       _SPI_RW
  -------         PROC          L?0066
  -------         ENDPROC       L?0066
  -------         PROC          _NRF24L01_WRITE_REG
BL51 BANKED LINKER/LOCATER V6.22                                                      08/20/2016  20:31:57  PAGE 10


  D:0007H         SYMBOL        reg
  D:0005H         SYMBOL        value
  -------         DO            
  D:0004H         SYMBOL        status
  -------         ENDDO         
  C:05EBH         LINE#         134
  C:05EBH         LINE#         135
  C:05EBH         LINE#         138
  C:05EDH         LINE#         139
  C:05F2H         LINE#         140
  C:05F7H         LINE#         141
  C:05F9H         LINE#         143
  C:05FBH         LINE#         144
  -------         ENDPROC       _NRF24L01_WRITE_REG
  -------         PROC          _NRF24L01_READ_REG
  D:0007H         SYMBOL        reg
  -------         DO            
  D:0007H         SYMBOL        value
  -------         ENDDO         
  C:0737H         LINE#         150
  C:0737H         LINE#         151
  C:0737H         LINE#         154
  C:0739H         LINE#         155
  C:073CH         LINE#         156
  C:0741H         LINE#         157
  C:0743H         LINE#         159
  C:0743H         LINE#         160
  -------         ENDPROC       _NRF24L01_READ_REG
  -------         PROC          _NRF24L01_READ_BUF
  D:0007H         SYMBOL        reg
  D:003DH         SYMBOL        pBuf
  D:0040H         SYMBOL        len
  -------         DO            
  D:0005H         SYMBOL        status
  D:0004H         SYMBOL        u8_ctr
  -------         ENDDO         
  C:04BAH         LINE#         168
  C:04C0H         LINE#         169
  C:04C0H         LINE#         171
  C:04C2H         LINE#         172
  C:04C7H         LINE#         173
  C:04CFH         LINE#         174
  C:04E6H         LINE#         175
  C:04E8H         LINE#         176
  C:04EAH         LINE#         177
  -------         ENDPROC       _NRF24L01_READ_BUF
  -------         PROC          L?0067
  -------         ENDPROC       L?0067
  -------         PROC          _NRF24L01_WRITE_BUF
  D:0007H         SYMBOL        reg
  D:0056H         SYMBOL        pBuf
  D:0059H         SYMBOL        len
  -------         DO            
  D:0005H         SYMBOL        status
  D:0004H         SYMBOL        u8_ctr
  -------         ENDDO         
  C:0488H         LINE#         184
BL51 BANKED LINKER/LOCATER V6.22                                                      08/20/2016  20:31:57  PAGE 11


  C:048EH         LINE#         185
  C:048EH         LINE#         187
  C:0490H         LINE#         188
  C:0495H         LINE#         189
  C:049DH         LINE#         190
  C:04B5H         LINE#         191
  C:04B7H         LINE#         192
  C:04B9H         LINE#         193
  -------         ENDPROC       _NRF24L01_WRITE_BUF
  -------         PROC          _NRF24L01_RXPACKET
  D:0032H         SYMBOL        rxbuf
  -------         DO            
  D:0003H         SYMBOL        state
  -------         ENDDO         
  C:051BH         LINE#         201
  C:0521H         LINE#         202
  C:0521H         LINE#         205
  C:0521H         LINE#         206
  C:0524H         LINE#         207
  C:0528H         LINE#         208
  C:0528H         LINE#         209
  C:052AH         LINE#         210
  C:0538H         LINE#         211
  C:053FH         LINE#         212
  C:0541H         LINE#         213
  C:0544H         LINE#         214
  C:0547H         LINE#         215
  C:0547H         LINE#         216
  C:0549H         LINE#         217
  -------         ENDPROC       _NRF24L01_RXPACKET
  -------         PROC          _NRF24L01_TXPACKET
  D:0001H         SYMBOL        txbuf
  -------         DO            
  D:0003H         SYMBOL        state
  -------         ENDDO         
  C:0575H         LINE#         225
  C:0575H         LINE#         226
  C:0575H         LINE#         229
  C:0577H         LINE#         230
  C:057FH         LINE#         231
  C:0581H         LINE#         232
  C:0584H         LINE#         233
  C:0584H         LINE#         234
  C:0587H         LINE#         235
  C:058BH         LINE#         236
  C:058BH         LINE#         237
  C:0592H         LINE#         238
  C:0595H         LINE#         239
  C:0595H         LINE#         240
  C:0599H         LINE#         241
  C:0599H         LINE#         242
  C:059CH         LINE#         243
  C:059CH         LINE#         244
  C:059EH         LINE#         245
  -------         ENDPROC       _NRF24L01_TXPACKET
  -------         PROC          NRF24L01_CHECK
  -------         DO            
BL51 BANKED LINKER/LOCATER V6.22                                                      08/20/2016  20:31:57  PAGE 12


  D:0032H         SYMBOL        check_in_buf
  D:0037H         SYMBOL        check_out_buf
  -------         ENDDO         
  C:02ECH         LINE#         252
  C:02ECH         LINE#         253
  C:02ECH         LINE#         254
  C:02FFH         LINE#         255
  C:0312H         LINE#         257
  C:0314H         LINE#         258
  C:0316H         LINE#         259
  C:0318H         LINE#         261
  C:031FH         LINE#         263
  C:032DH         LINE#         265
  C:0349H         LINE#         270
  C:034BH         LINE#         271
  -------         ENDPROC       NRF24L01_CHECK
  -------         PROC          NRF24L01_RT_INIT
  C:03A6H         LINE#         274
  C:03A6H         LINE#         275
  C:03A6H         LINE#         276
  C:03A8H         LINE#         277
  C:03AFH         LINE#         278
  C:03B6H         LINE#         279
  C:03BDH         LINE#         280
  C:03CBH         LINE#         281
  C:03D2H         LINE#         282
  C:03D7H         LINE#         283
  C:03DEH         LINE#         284
  C:03E5H         LINE#         285
  C:03ECH         LINE#         286
  C:03F1H         LINE#         287
  C:03F3H         LINE#         288
  -------         ENDPROC       NRF24L01_RT_INIT
  -------         PROC          _SEND_BUF
  D:0001H         SYMBOL        buf
  C:05C1H         LINE#         290
  C:05C1H         LINE#         291
  C:05C1H         LINE#         292
  C:05C3H         LINE#         293
  C:05CAH         LINE#         294
  C:05CCH         LINE#         295
  C:05D1H         LINE#         296
  C:05D4H         LINE#         297
  C:05D6H         LINE#         298
  C:05DDH         LINE#         299
  C:05DFH         LINE#         300
  -------         ENDPROC       _SEND_BUF
  -------         PROC          MAIN
  C:054AH         LINE#         301
  C:054AH         LINE#         302
  C:054AH         LINE#         303
  C:0550H         LINE#         304
  C:0553H         LINE#         305
  C:055CH         LINE#         306
  C:055CH         LINE#         307
  C:055CH         LINE#         308
  C:055FH         LINE#         309
BL51 BANKED LINKER/LOCATER V6.22                                                      08/20/2016  20:31:57  PAGE 13


  C:055FH         LINE#         311
  C:056BH         LINE#         312
  C:056BH         LINE#         317
  C:0573H         LINE#         318
  C:0573H         LINE#         319
  C:0573H         LINE#         320
  -------         ENDPROC       MAIN
  -------         PROC          _SENDLENGTH
  D:0032H         SYMBOL        buff
  -------         DO            
  D:0035H         SYMBOL        length
  D:0037H         SYMBOL        count
  -------         ENDDO         
  C:043CH         LINE#         323
  C:0442H         LINE#         324
  C:0442H         LINE#         325
  C:0447H         LINE#         326
  C:044EH         LINE#         327
  C:0465H         LINE#         328
  C:0478H         LINE#         329
  -------         ENDPROC       _SENDLENGTH
  -------         PROC          _INTLEN
  D:0006H         SYMBOL        num
  -------         DO            
  D:0002H         SYMBOL        count
  -------         ENDDO         
  C:05FCH         LINE#         331
  C:05FCH         LINE#         332
  C:05FCH         LINE#         333
  C:05FFH         LINE#         334
  C:0603H         LINE#         335
  C:0603H         LINE#         336
  C:0608H         LINE#         337
  C:060FH         LINE#         338
  C:0611H         LINE#         339
  C:0615H         LINE#         340
  -------         ENDPROC       _INTLEN
  -------         PROC          _INT_TO_CHAR
  D:0039H         SYMBOL        num
  D:003BH         SYMBOL        buffer
  -------         DO            
  D:003EH         SYMBOL        i
  -------         ENDDO         
  C:034CH         LINE#         341
  C:0356H         LINE#         342
  C:0356H         LINE#         343
  C:035BH         LINE#         344
  C:036FH         LINE#         345
  C:036FH         LINE#         346
  C:038CH         LINE#         347
  C:039BH         LINE#         348
  C:03A5H         LINE#         349
  -------         ENDPROC       _INT_TO_CHAR
  -------         PROC          _SENDSTRING
  D:0032H         SYMBOL        buffer
  -------         DO            
  D:0006H         SYMBOL        i
BL51 BANKED LINKER/LOCATER V6.22                                                      08/20/2016  20:31:57  PAGE 14


  D:0035H         SYMBOL        buffer1
  -------         ENDDO         
  C:03F4H         LINE#         350
  C:03FAH         LINE#         351
  C:03FAH         LINE#         354
  C:040DH         LINE#         355
  C:040DH         LINE#         356
  C:0421H         LINE#         357
  C:0428H         LINE#         358
  C:0433H         LINE#         359
  -------         ENDPROC       _SENDSTRING
  -------         ENDMOD        NRF2401

  -------         MODULE        ?C?COPY
  C:00D3H         PUBLIC        ?C?COPY
  -------         ENDMOD        ?C?COPY

  -------         MODULE        ?C?CLDPTR
  C:00F9H         PUBLIC        ?C?CLDPTR
  -------         ENDMOD        ?C?CLDPTR

  -------         MODULE        ?C?CLDOPTR
  C:0112H         PUBLIC        ?C?CLDOPTR
  -------         ENDMOD        ?C?CLDOPTR

  -------         MODULE        ?C?CSTPTR
  C:013FH         PUBLIC        ?C?CSTPTR
  -------         ENDMOD        ?C?CSTPTR

  -------         MODULE        ?C?CSTOPTR
  C:0151H         PUBLIC        ?C?CSTOPTR
  -------         ENDMOD        ?C?CSTOPTR

  -------         MODULE        ?C?SIDIV
  C:0173H         PUBLIC        ?C?SIDIV
  -------         ENDMOD        ?C?SIDIV

  -------         MODULE        STRLEN
  C:065EH         PUBLIC        _STRLEN
  -------         ENDMOD        STRLEN

  -------         MODULE        ?C?UIDIV
  C:01A9H         PUBLIC        ?C?UIDIV
  -------         ENDMOD        ?C?UIDIV

*** WARNING L16: UNCALLED SEGMENT, IGNORED FOR OVERLAY PROCESS
    SEGMENT: ?PR?DELAY_100US?DELAY

*** WARNING L16: UNCALLED SEGMENT, IGNORED FOR OVERLAY PROCESS
    SEGMENT: ?PR?DELAY_1MS?DELAY

*** WARNING L16: UNCALLED SEGMENT, IGNORED FOR OVERLAY PROCESS
    SEGMENT: ?PR?DELAY_10MS?DELAY

*** WARNING L16: UNCALLED SEGMENT, IGNORED FOR OVERLAY PROCESS
    SEGMENT: ?PR?DELAY_100MS?DELAY

BL51 BANKED LINKER/LOCATER V6.22                                                      08/20/2016  20:31:57  PAGE 15


*** WARNING L16: UNCALLED SEGMENT, IGNORED FOR OVERLAY PROCESS
    SEGMENT: ?PR?DELAY_500MS?DELAY

*** WARNING L16: UNCALLED SEGMENT, IGNORED FOR OVERLAY PROCESS
    SEGMENT: ?PR?_LCD1602_WRITEDATA?LCD1602

*** WARNING L16: UNCALLED SEGMENT, IGNORED FOR OVERLAY PROCESS
    SEGMENT: ?PR?LCD1602_INIT?LCD1602

*** WARNING L16: UNCALLED SEGMENT, IGNORED FOR OVERLAY PROCESS
    SEGMENT: ?PR?_AT24C02_WRITE?EEPROM

*** WARNING L16: UNCALLED SEGMENT, IGNORED FOR OVERLAY PROCESS
    SEGMENT: ?PR?_AT24C02_READ?EEPROM

*** WARNING L16: UNCALLED SEGMENT, IGNORED FOR OVERLAY PROCESS
    SEGMENT: ?PR?_DELAY?NRF2401

Program Size: data=100.0 xdata=0 code=1899
LINK/LOCATE RUN COMPLETE.  10 WARNING(S),  0 ERROR(S)
