BL51 BANKED LINKER/LOCATER V6.22                                                        08/19/2016  13:35:07  PAGE 1


BL51 BANKED LINKER/LOCATER V6.22, INVOKED BY:
C:\KEIL\C51\BIN\BL51.EXE delay.obj, I2C.obj, EEPROM.obj, LCD1602.obj, main.obj, NRF2401.obj TO EDC_test


MEMORY MODEL: COMPACT


INPUT MODULES INCLUDED:
  delay.obj (DELAY)
  I2C.obj (I2C)
  EEPROM.obj (EEPROM)
  LCD1602.obj (LCD1602)
  main.obj (MAIN)
  NRF2401.obj (NRF2401)
  C:\KEIL\C51\LIB\C51C.LIB (?C_STARTUP)
  C:\KEIL\C51\LIB\C51C.LIB (?C?COPY)
  C:\KEIL\C51\LIB\C51C.LIB (?C?CLDPTR)
  C:\KEIL\C51\LIB\C51C.LIB (?C?CLDOPTR)
  C:\KEIL\C51\LIB\C51C.LIB (?C?CSTPTR)
  C:\KEIL\C51\LIB\C51C.LIB (?C?CSTOPTR)
  C:\KEIL\C51\LIB\C51C.LIB (?C?SIDIV)
  C:\KEIL\C51\LIB\C51C.LIB (STRLEN)
  C:\KEIL\C51\LIB\C51C.LIB (?C_INIT)
  C:\KEIL\C51\LIB\C51C.LIB (?C?UIDIV)


LINK MAP OF MODULE:  EDC_test (DELAY)


            TYPE    BASE      LENGTH    RELOCATION   SEGMENT NAME
            -----------------------------------------------------

            * * * * * * *   D A T A   M E M O R Y   * * * * * * *
            REG     0000H     0008H     ABSOLUTE     "REG BANK 0"
            IDATA   0008H     0001H     UNIT         ?STACK

            * * * * * * *  X D A T A   M E M O R Y  * * * * * * *
            XDATA   0000H     0001H     INPAGE       ?PD?I2C
            XDATA   0001H     0020H     INPAGE       ?PD?MAIN
            XDATA   0021H     0005H     INPAGE       ?PD?_NRF24L01_READ_BUF?NRF2401
            XDATA   0026H     0003H     INPAGE       ?PD?_NRF24L01_RXPACKET?NRF2401
            XDATA   0029H     000AH     INPAGE       ?PD?NRF24L01_CHECK?NRF2401
            XDATA   0033H     0007H     INPAGE       ?PD?_SENDLENGTH?NRF2401
            XDATA   003AH     0002H     INPAGE       ?PD?_INTLEN?NRF2401
            XDATA   003CH     0007H     INPAGE       ?PD?_INT_TO_CHAR?NRF2401
            XDATA   0043H     000AH     INPAGE       ?PD?NRF2401
            XDATA   004DH     004AH     INPAGE       _PDATA_GROUP_

            * * * * * * *   C O D E   M E M O R Y   * * * * * * *
            CODE    0000H     0003H     ABSOLUTE     
            CODE    0003H     01FBH     UNIT         ?C?LIB_CODE
            CODE    01FEH     014BH     UNIT         ?PR?MAIN?MAIN
            CODE    0349H     008CH     UNIT         ?C_C51STARTUP
            CODE    03D5H     0082H     UNIT         ?CO?MAIN
            CODE    0457H     007BH     UNIT         ?PR?_INT_TO_CHAR?NRF2401
            CODE    04D2H     0069H     UNIT         ?PR?_I2C_SENDBYTE?I2C
            CODE    053BH     0064H     UNIT         ?PR?NRF24L01_CHECK?NRF2401
            CODE    059FH     0057H     UNIT         ?PR?_SENDLENGTH?NRF2401
BL51 BANKED LINKER/LOCATER V6.22                                                      08/19/2016  13:35:07  PAGE 2


            CODE    05F6H     0056H     UNIT         ?PR?_SENDSTRING?NRF2401
            CODE    064CH     0050H     UNIT         ?PR?NRF24L01_RT_INIT?NRF2401
            CODE    069CH     003BH     UNIT         ?PR?_NRF24L01_WRITE_BUF?NRF2401
            CODE    06D7H     003AH     UNIT         ?PR?_AT24C02_WRITESTRING?EEPROM
            CODE    0711H     0039H     UNIT         ?PR?_NRF24L01_RXPACKET?NRF2401
            CODE    074AH     0035H     UNIT         ?PR?I2C_READBYTE?I2C
            CODE    077FH     0032H     UNIT         ?PR?_LCD1602_WRITESTRING?LCD1602
            CODE    07B1H     0032H     UNIT         ?PR?_NRF24L01_READ_BUF?NRF2401
            CODE    07E3H     002CH     UNIT         ?PR?_NRF24L01_TXPACKET?NRF2401
            CODE    080FH     002AH     UNIT         ?PR?_AT24C02_READ?EEPROM
            CODE    0839H     0026H     UNIT         ?PR?_INTLEN?NRF2401
            CODE    085FH     0024H     UNIT         ?PR?_SPI_RW?NRF2401
            CODE    0883H     0023H     UNIT         ?PR?_AT24C02_WRITE?EEPROM
            CODE    08A6H     001FH     UNIT         ?PR?_SEND_BUF?NRF2401
            CODE    08C5H     001CH     UNIT         ?PR?_NRF24L01_WRITE_REG?NRF2401
            CODE    08E1H     0019H     UNIT         ?PR?LCD1602_INIT?LCD1602
            CODE    08FAH     0015H     UNIT         ?PR?_STRLEN?STRLEN
            CODE    090FH     0014H     UNIT         ?PR?I2C_START?I2C
            CODE    0923H     0014H     UNIT         ?PR?I2C_END?I2C
            CODE    0937H     0014H     UNIT         ?PR?DELAY_150US?NRF2401
            CODE    094BH     0013H     UNIT         ?PR?_LCD1602_WRITECOM?LCD1602
            CODE    095EH     0013H     UNIT         ?PR?_LCD1602_WRITEDATA?LCD1602
            CODE    0971H     0012H     UNIT         ?C_INITSEG
            CODE    0983H     000DH     UNIT         ?PR?DELAY_1MS?DELAY
            CODE    0990H     000DH     UNIT         ?PR?DELAY_10MS?DELAY
            CODE    099DH     000DH     UNIT         ?PR?DELAY_100MS?DELAY
            CODE    09AAH     000DH     UNIT         ?PR?DELAY_500MS?DELAY
            CODE    09B7H     000DH     UNIT         ?PR?_NRF24L01_READ_REG?NRF2401
            CODE    09C4H     000CH     UNIT         ?PR?_DELAY_US?NRF2401
            CODE    09D0H     000AH     UNIT         ?CO?NRF2401
            CODE    09DAH     0009H     UNIT         ?PR?DELAY_10US?DELAY
            CODE    09E3H     0009H     UNIT         ?PR?DELAY_100US?DELAY
            CODE    09ECH     0009H     UNIT         ?PR?DELAY_5MS?DELAY



OVERLAY MAP OF MODULE:   EDC_test (DELAY)


SEGMENT                                    PDATA_GROUP
  +--> CALLED SEGMENT                    START    LENGTH
--------------------------------------------------------
?C_C51STARTUP                            -----    -----
  +--> ?PR?MAIN?MAIN
  +--> ?C_INITSEG

?PR?MAIN?MAIN                            004DH    0022H
  +--> ?CO?MAIN
  +--> ?PR?LCD1602_INIT?LCD1602
  +--> ?PR?NRF24L01_RT_INIT?NRF2401
  +--> ?PR?_SENDSTRING?NRF2401
  +--> ?PR?_LCD1602_WRITESTRING?LCD1602
  +--> ?PR?_AT24C02_WRITESTRING?EEPROM
  +--> ?PR?_LCD1602_WRITECOM?LCD1602
  +--> ?PR?DELAY_500MS?DELAY
  +--> ?PR?_AT24C02_READ?EEPROM
  +--> ?PR?_LCD1602_WRITEDATA?LCD1602
BL51 BANKED LINKER/LOCATER V6.22                                                      08/19/2016  13:35:07  PAGE 3



?PR?LCD1602_INIT?LCD1602                 -----    -----
  +--> ?PR?_LCD1602_WRITECOM?LCD1602

?PR?_LCD1602_WRITECOM?LCD1602            -----    -----
  +--> ?PR?DELAY_5MS?DELAY

?PR?NRF24L01_RT_INIT?NRF2401             -----    -----
  +--> ?PR?_NRF24L01_WRITE_REG?NRF2401
  +--> ?PR?_NRF24L01_WRITE_BUF?NRF2401

?PR?_NRF24L01_WRITE_REG?NRF2401          -----    -----
  +--> ?PR?_NRF24L01_READ_REG?NRF2401
  +--> ?PR?_SPI_RW?NRF2401

?PR?_NRF24L01_READ_REG?NRF2401           -----    -----
  +--> ?PR?_SPI_RW?NRF2401

?PR?_NRF24L01_WRITE_BUF?NRF2401          0092H    0005H
  +--> ?PR?_SPI_RW?NRF2401

?PR?_SENDSTRING?NRF2401                  006FH    0023H
  +--> ?PR?_STRLEN?STRLEN
  +--> ?PR?_SEND_BUF?NRF2401

?PR?_SEND_BUF?NRF2401                    -----    -----
  +--> ?PR?_NRF24L01_WRITE_REG?NRF2401
  +--> ?PR?_DELAY_US?NRF2401
  +--> ?PR?_NRF24L01_TXPACKET?NRF2401

?PR?_NRF24L01_TXPACKET?NRF2401           -----    -----
  +--> ?PR?_NRF24L01_WRITE_BUF?NRF2401
  +--> ?PR?_NRF24L01_WRITE_REG?NRF2401

?PR?_LCD1602_WRITESTRING?LCD1602         006FH    0004H
  +--> ?PR?_LCD1602_WRITEDATA?LCD1602

?PR?_LCD1602_WRITEDATA?LCD1602           -----    -----
  +--> ?PR?DELAY_5MS?DELAY

?PR?_AT24C02_WRITESTRING?EEPROM          006FH    0004H
  +--> ?PR?_AT24C02_WRITE?EEPROM

?PR?_AT24C02_WRITE?EEPROM                0073H    0002H
  +--> ?PR?I2C_START?I2C
  +--> ?PR?_I2C_SENDBYTE?I2C
  +--> ?PR?I2C_END?I2C
  +--> ?PR?DELAY_5MS?DELAY

?PR?I2C_START?I2C                        -----    -----
  +--> ?PR?DELAY_10US?DELAY

?PR?_I2C_SENDBYTE?I2C                    0075H    0002H
  +--> ?PR?DELAY_10US?DELAY

?PR?I2C_END?I2C                          -----    -----
  +--> ?PR?DELAY_10US?DELAY
BL51 BANKED LINKER/LOCATER V6.22                                                      08/19/2016  13:35:07  PAGE 4



?PR?_AT24C02_READ?EEPROM                 006FH    0002H
  +--> ?PR?I2C_START?I2C
  +--> ?PR?_I2C_SENDBYTE?I2C
  +--> ?PR?I2C_READBYTE?I2C
  +--> ?PR?I2C_END?I2C

?PR?I2C_READBYTE?I2C                     0071H    0001H
  +--> ?PR?DELAY_10US?DELAY



SYMBOL TABLE OF MODULE:  EDC_test (DELAY)

  VALUE           TYPE          NAME
  ----------------------------------

  -------         MODULE        DELAY
  C:0000H         SYMBOL        _ICE_DUMMY_
  C:0990H         PUBLIC        Delay_10ms
  C:09DAH         PUBLIC        Delay_10us
  C:099DH         PUBLIC        Delay_100ms
  C:09AAH         PUBLIC        Delay_500ms
  C:09E3H         PUBLIC        Delay_100us
  C:0983H         PUBLIC        Delay_1ms
  C:09ECH         PUBLIC        Delay_5ms
  -------         PROC          DELAY_10US
  -------         DO            
  D:0006H         SYMBOL        a
  D:0007H         SYMBOL        b
  -------         ENDDO         
  C:09DAH         LINE#         2
  C:09DAH         LINE#         3
  C:09DAH         LINE#         5
  C:09DCH         LINE#         6
  C:09E2H         LINE#         7
  -------         ENDPROC       DELAY_10US
  -------         PROC          DELAY_100US
  -------         DO            
  D:0006H         SYMBOL        a
  D:0007H         SYMBOL        b
  -------         ENDDO         
  C:09E3H         LINE#         8
  C:09E3H         LINE#         9
  C:09E3H         LINE#         11
  C:09E5H         LINE#         12
  C:09EBH         LINE#         13
  -------         ENDPROC       DELAY_100US
  -------         PROC          DELAY_1MS
  -------         DO            
  D:0005H         SYMBOL        a
  D:0006H         SYMBOL        b
  D:0007H         SYMBOL        c
  -------         ENDDO         
  C:0983H         LINE#         14
  C:0983H         LINE#         15
  C:0983H         LINE#         17
BL51 BANKED LINKER/LOCATER V6.22                                                      08/19/2016  13:35:07  PAGE 5


  C:0985H         LINE#         18
  C:0987H         LINE#         19
  C:098FH         LINE#         20
  -------         ENDPROC       DELAY_1MS
  -------         PROC          DELAY_5MS
  -------         DO            
  D:0006H         SYMBOL        a
  D:0007H         SYMBOL        b
  -------         ENDDO         
  C:09ECH         LINE#         21
  C:09ECH         LINE#         22
  C:09ECH         LINE#         24
  C:09EEH         LINE#         25
  C:09F4H         LINE#         26
  -------         ENDPROC       DELAY_5MS
  -------         PROC          DELAY_10MS
  -------         DO            
  D:0005H         SYMBOL        a
  D:0006H         SYMBOL        b
  D:0007H         SYMBOL        c
  -------         ENDDO         
  C:0990H         LINE#         27
  C:0990H         LINE#         28
  C:0990H         LINE#         30
  C:0992H         LINE#         31
  C:0994H         LINE#         32
  C:099CH         LINE#         33
  -------         ENDPROC       DELAY_10MS
  -------         PROC          DELAY_100MS
  -------         DO            
  D:0005H         SYMBOL        a
  D:0006H         SYMBOL        b
  D:0007H         SYMBOL        c
  -------         ENDDO         
  C:099DH         LINE#         34
  C:099DH         LINE#         35
  C:099DH         LINE#         37
  C:099FH         LINE#         38
  C:09A1H         LINE#         39
  C:09A9H         LINE#         40
  -------         ENDPROC       DELAY_100MS
  -------         PROC          DELAY_500MS
  -------         DO            
  D:0005H         SYMBOL        a
  D:0006H         SYMBOL        b
  D:0007H         SYMBOL        c
  -------         ENDDO         
  C:09AAH         LINE#         41
  C:09AAH         LINE#         42
  C:09AAH         LINE#         44
  C:09ACH         LINE#         45
  C:09AEH         LINE#         46
  C:09B6H         LINE#         47
  -------         ENDPROC       DELAY_500MS
  -------         ENDMOD        DELAY

  -------         MODULE        I2C
BL51 BANKED LINKER/LOCATER V6.22                                                      08/19/2016  13:35:07  PAGE 6


  C:0000H         SYMBOL        _ICE_DUMMY_
  B:00A0H.1       PUBLIC        I2C_SCL
  D:00A0H         PUBLIC        P2
  C:04D2H         PUBLIC        _I2C_sendbyte
  C:090FH         PUBLIC        I2C_start
  C:0923H         PUBLIC        I2C_end
  X:0000H         SYMBOL        i
  C:074AH         PUBLIC        I2C_readbyte
  B:00A0H.0       PUBLIC        I2C_SDA
  -------         PROC          I2C_START
  C:090FH         LINE#         5
  C:090FH         LINE#         6
  C:090FH         LINE#         7
  C:0911H         LINE#         8
  C:0914H         LINE#         9
  C:0916H         LINE#         10
  C:0919H         LINE#         11
  C:091BH         LINE#         12
  C:091EH         LINE#         13
  C:0920H         LINE#         14
  -------         ENDPROC       I2C_START
  -------         PROC          I2C_END
  C:0923H         LINE#         16
  C:0923H         LINE#         17
  C:0923H         LINE#         18
  C:0925H         LINE#         19
  C:0928H         LINE#         20
  C:092AH         LINE#         21
  C:092DH         LINE#         22
  C:092FH         LINE#         23
  C:0932H         LINE#         24
  C:0934H         LINE#         25
  -------         ENDPROC       I2C_END
  -------         PROC          _I2C_SENDBYTE
  X:0075H         SYMBOL        dat
  -------         DO            
  X:0076H         SYMBOL        t
  -------         ENDDO         
  C:04D2H         LINE#         27
  C:04D6H         LINE#         28
  C:04D6H         LINE#         30
  C:04D8H         LINE#         31
  C:04DCH         LINE#         32
  C:04DCH         LINE#         33
  C:04EBH         LINE#         34
  C:04F1H         LINE#         35
  C:04F4H         LINE#         36
  C:04F6H         LINE#         37
  C:04F9H         LINE#         38
  C:04FBH         LINE#         39
  C:04FEH         LINE#         40
  C:050BH         LINE#         41
  C:050DH         LINE#         42
  C:0510H         LINE#         43
  C:0512H         LINE#         44
  C:0515H         LINE#         45
  C:0515H         LINE#         46
BL51 BANKED LINKER/LOCATER V6.22                                                      08/19/2016  13:35:07  PAGE 7


  C:051AH         LINE#         47
  C:052BH         LINE#         48
  C:052BH         LINE#         49
  C:052DH         LINE#         50
  C:0530H         LINE#         51
  C:0533H         LINE#         52
  C:0533H         LINE#         53
  C:0533H         LINE#         54
  C:0535H         LINE#         55
  C:0538H         LINE#         56
  C:053AH         LINE#         57
  -------         ENDPROC       _I2C_SENDBYTE
  -------         PROC          I2C_READBYTE
  -------         DO            
  X:0071H         SYMBOL        dat
  -------         ENDDO         
  C:074AH         LINE#         58
  C:074AH         LINE#         59
  C:074AH         LINE#         60
  C:074EH         LINE#         61
  C:0750H         LINE#         62
  C:0753H         LINE#         63
  C:0753H         LINE#         64
  C:0755H         LINE#         65
  C:0758H         LINE#         66
  C:075FH         LINE#         67
  C:0765H         LINE#         68
  C:0768H         LINE#         69
  C:076AH         LINE#         70
  C:076DH         LINE#         71
  C:077AH         LINE#         72
  C:077EH         LINE#         73
  -------         ENDPROC       I2C_READBYTE
  -------         ENDMOD        I2C

  -------         MODULE        EEPROM
  C:0000H         SYMBOL        _ICE_DUMMY_
  C:080FH         PUBLIC        _AT24C02_read
  C:0883H         PUBLIC        _AT24C02_write
  C:06D7H         PUBLIC        _AT24C02_writestring
  -------         PROC          _AT24C02_WRITE
  X:0073H         SYMBOL        addr
  X:0074H         SYMBOL        dat
  C:0883H         LINE#         2
  C:088AH         LINE#         3
  C:088AH         LINE#         4
  C:088DH         LINE#         5
  C:0892H         LINE#         6
  C:0899H         LINE#         7
  C:08A0H         LINE#         8
  C:08A3H         LINE#         9
  -------         ENDPROC       _AT24C02_WRITE
  -------         PROC          _AT24C02_READ
  X:006FH         SYMBOL        addr
  -------         DO            
  X:0070H         SYMBOL        dat
  -------         ENDDO         
BL51 BANKED LINKER/LOCATER V6.22                                                      08/19/2016  13:35:07  PAGE 8


  C:080FH         LINE#         11
  C:0813H         LINE#         12
  C:0813H         LINE#         14
  C:0816H         LINE#         15
  C:081BH         LINE#         16
  C:0822H         LINE#         17
  C:0825H         LINE#         18
  C:082AH         LINE#         19
  C:0831H         LINE#         20
  C:0834H         LINE#         21
  C:0838H         LINE#         22
  -------         ENDPROC       _AT24C02_READ
  -------         PROC          _AT24C02_WRITESTRING
  X:006FH         SYMBOL        s
  -------         DO            
  X:0072H         SYMBOL        i
  -------         ENDDO         
  C:06D7H         LINE#         23
  C:06E1H         LINE#         24
  C:06E1H         LINE#         26
  C:06F6H         LINE#         27
  C:06F6H         LINE#         28
  C:0709H         LINE#         29
  C:0710H         LINE#         30
  -------         ENDPROC       _AT24C02_WRITESTRING
  -------         ENDMOD        EEPROM

  -------         MODULE        LCD1602
  C:0000H         SYMBOL        _ICE_DUMMY_
  D:0080H         PUBLIC        P0
  D:00A0H         PUBLIC        P2
  C:08E1H         PUBLIC        LCD1602_Init
  B:00A0H.6       PUBLIC        LCD1602_RS
  B:00A0H.5       PUBLIC        LCD1602_RW
  C:077FH         PUBLIC        _LCD1602_Writestring
  C:095EH         PUBLIC        _LCD1602_Writedata
  B:00A0H.7       PUBLIC        LCD1602_E
  C:094BH         PUBLIC        _LCD1602_Writecom
  -------         PROC          _LCD1602_WRITECOM
  D:0007H         SYMBOL        com
  C:094BH         LINE#         3
  C:094BH         LINE#         4
  C:094BH         LINE#         5
  C:094DH         LINE#         6
  C:094FH         LINE#         7
  C:0951H         LINE#         9
  C:0953H         LINE#         10
  C:0956H         LINE#         11
  C:0958H         LINE#         12
  C:095BH         LINE#         13
  C:095DH         LINE#         14
  -------         ENDPROC       _LCD1602_WRITECOM
  -------         PROC          _LCD1602_WRITEDATA
  D:0007H         SYMBOL        dat
  C:095EH         LINE#         15
  C:095EH         LINE#         16
  C:095EH         LINE#         17
BL51 BANKED LINKER/LOCATER V6.22                                                      08/19/2016  13:35:07  PAGE 9


  C:0960H         LINE#         18
  C:0962H         LINE#         19
  C:0964H         LINE#         21
  C:0966H         LINE#         22
  C:0969H         LINE#         23
  C:096BH         LINE#         24
  C:096EH         LINE#         25
  C:0970H         LINE#         26
  -------         ENDPROC       _LCD1602_WRITEDATA
  -------         PROC          LCD1602_INIT
  C:08E1H         LINE#         27
  C:08E1H         LINE#         28
  C:08E1H         LINE#         29
  C:08E6H         LINE#         30
  C:08EBH         LINE#         31
  C:08F0H         LINE#         32
  C:08F5H         LINE#         33
  -------         ENDPROC       LCD1602_INIT
  -------         PROC          _LCD1602_WRITESTRING
  X:006FH         SYMBOL        s
  -------         DO            
  X:0072H         SYMBOL        p
  -------         ENDDO         
  C:077FH         LINE#         35
  C:0789H         LINE#         36
  C:0789H         LINE#         38
  C:07A6H         LINE#         39
  C:07A6H         LINE#         40
  C:07A9H         LINE#         42
  C:07B0H         LINE#         43
  -------         ENDPROC       _LCD1602_WRITESTRING
  -------         ENDMOD        LCD1602

  -------         MODULE        MAIN
  C:0000H         SYMBOL        _ICE_DUMMY_
  D:0080H         PUBLIC        P0
  D:0090H         PUBLIC        P1
  D:00A0H         PUBLIC        P2
  D:00B0H         PUBLIC        P3
  C:041EH         PUBLIC        DIG_PLACE
  C:01FEH         PUBLIC        main
  X:0001H         PUBLIC        rece_buf
  C:0437H         SYMBOL        _?ix1000
  C:0426H         PUBLIC        DIG_CODE
  B:0080H.2       PUBLIC        NRF_IR
  -------         PROC          MAIN
  -------         DO            
  X:004DH         SYMBOL        count
  D:0006H         SYMBOL        i
  X:004EH         SYMBOL        flag_4
  X:004FH         SYMBOL        rece_buf
  -------         ENDDO         
  C:01FEH         LINE#         18
  C:01FEH         LINE#         19
  C:01FEH         LINE#         20
  C:0203H         LINE#         21
  C:0215H         LINE#         22
BL51 BANKED LINKER/LOCATER V6.22                                                      08/19/2016  13:35:07  PAGE 10


  C:0218H         LINE#         24
  C:021BH         LINE#         26
  C:021BH         LINE#         27
  C:021BH         LINE#         29
  C:021EH         LINE#         30
  C:021EH         LINE#         32
  C:021EH         LINE#         33
  C:0225H         LINE#         34
  C:0225H         LINE#         35
  C:022EH         LINE#         36
  C:0230H         LINE#         37
  C:0249H         LINE#         41
  C:024EH         LINE#         42
  C:0254H         LINE#         43
  C:0254H         LINE#         44
  C:025DH         LINE#         45
  C:0266H         LINE#         46
  C:026FH         LINE#         47
  C:0274H         LINE#         48
  C:0276H         LINE#         49
  C:027CH         LINE#         50
  C:027CH         LINE#         51
  C:0285H         LINE#         52
  C:0291H         LINE#         53
  C:0291H         LINE#         54
  C:0296H         LINE#         55
  C:0299H         LINE#         56
  C:02A0H         LINE#         57
  C:02A0H         LINE#         58
  C:02A8H         LINE#         59
  C:02A8H         LINE#         60
  C:02B6H         LINE#         61
  C:02B6H         LINE#         62
  C:02BEH         LINE#         63
  C:02C9H         LINE#         64
  C:02CFH         LINE#         65
  C:02DCH         LINE#         66
  C:02E2H         LINE#         67
  C:02EFH         LINE#         68
  C:02F6H         LINE#         69
  C:02F8H         LINE#         70
  C:02FEH         LINE#         71
  C:0305H         LINE#         72
  C:0305H         LINE#         73
  C:030AH         LINE#         74
  C:030AH         LINE#         75
  C:0312H         LINE#         76
  C:0312H         LINE#         77
  C:031BH         LINE#         78
  C:0329H         LINE#         79
  C:0329H         LINE#         80
  C:032FH         LINE#         81
  C:0336H         LINE#         82
  C:033AH         LINE#         83
  C:033AH         LINE#         84
  C:033DH         LINE#         86
  C:033DH         LINE#         87
BL51 BANKED LINKER/LOCATER V6.22                                                      08/19/2016  13:35:07  PAGE 11


  C:0346H         LINE#         88
  C:0346H         LINE#         89
  C:0346H         LINE#         90
  C:0346H         LINE#         91
  -------         ENDPROC       MAIN
  -------         ENDMOD        MAIN

  -------         MODULE        NRF2401
  C:0000H         SYMBOL        _ICE_DUMMY_
  D:0080H         PUBLIC        P0
  B:0080H.4       PUBLIC        NRF_MOSI
  B:0080H.3       PUBLIC        NRF_MISO
  C:0711H         PUBLIC        _NRF24L01_RxPacket
  C:07E3H         PUBLIC        _NRF24L01_TxPacket
  C:0839H         PUBLIC        _intlen
  C:059FH         PUBLIC        _Sendlength
  X:0043H         PUBLIC        RX_ADDRESS
  X:0048H         PUBLIC        TX_ADDRESS
  B:0080H.5       PUBLIC        NRF_SCK
  B:0080H.6       PUBLIC        NRF_CSN
  B:0080H.2       PUBLIC        NRF_IRQ
  C:053BH         PUBLIC        NRF24L01_Check
  C:09D0H         SYMBOL        _?ix1000
  C:09D5H         SYMBOL        _?ix1001
  C:05F6H         PUBLIC        _sendstring
  B:0080H.7       PUBLIC        NRF_CE
  C:07B1H         PUBLIC        _NRF24L01_Read_Buf
  C:09B7H         PUBLIC        _NRF24L01_Read_Reg
  C:09C4H         PUBLIC        _delay_us
  C:08A6H         PUBLIC        _SEND_BUF
  C:06A5H         PUBLIC        _NRF24L01_Write_Buf
  C:08D0H         PUBLIC        _NRF24L01_Write_Reg
  C:0457H         PUBLIC        _Int_to_char
  C:0937H         PUBLIC        delay_150us
  C:0869H         PUBLIC        _SPI_RW
  C:064CH         PUBLIC        NRF24L01_RT_Init
  -------         PROC          _DELAY_US
  D:0007H         SYMBOL        num
  -------         DO            
  D:0006H         SYMBOL        i
  -------         ENDDO         
  C:09C4H         LINE#         30
  C:09C4H         LINE#         31
  C:09C4H         LINE#         33
  C:09CBH         LINE#         34
  C:09CFH         LINE#         35
  -------         ENDPROC       _DELAY_US
  -------         PROC          DELAY_150US
  -------         DO            
  D:0006H         SYMBOL        i
  -------         ENDDO         
  C:0937H         LINE#         36
  C:0937H         LINE#         37
  C:0937H         LINE#         40
  C:094AH         LINE#         41
  -------         ENDPROC       DELAY_150US
  -------         PROC          L?0050
BL51 BANKED LINKER/LOCATER V6.22                                                      08/19/2016  13:35:07  PAGE 12


  -------         ENDPROC       L?0050
  -------         PROC          _SPI_RW
  D:0007H         SYMBOL        byte
  -------         DO            
  D:0006H         SYMBOL        bit_ctr
  -------         ENDDO         
  C:0869H         LINE#         45
  C:0869H         LINE#         46
  C:0869H         LINE#         48
  C:086BH         LINE#         49
  C:086BH         LINE#         50
  C:086FH         LINE#         51
  C:0873H         LINE#         52
  C:0875H         LINE#         53
  C:087BH         LINE#         54
  C:087DH         LINE#         55
  C:0882H         LINE#         56
  C:0882H         LINE#         57
  -------         ENDPROC       _SPI_RW
  -------         PROC          L?0049
  -------         ENDPROC       L?0049
  -------         PROC          _NRF24L01_WRITE_REG
  D:0007H         SYMBOL        reg
  D:0005H         SYMBOL        value
  -------         DO            
  D:0004H         SYMBOL        status
  -------         ENDDO         
  C:08D0H         LINE#         65
  C:08D0H         LINE#         66
  C:08D0H         LINE#         69
  C:08D2H         LINE#         70
  C:08D7H         LINE#         71
  C:08DCH         LINE#         72
  C:08DEH         LINE#         74
  C:08E0H         LINE#         75
  -------         ENDPROC       _NRF24L01_WRITE_REG
  -------         PROC          _NRF24L01_READ_REG
  D:0007H         SYMBOL        reg
  -------         DO            
  D:0007H         SYMBOL        value
  -------         ENDDO         
  C:09B7H         LINE#         81
  C:09B7H         LINE#         82
  C:09B7H         LINE#         85
  C:09B9H         LINE#         86
  C:09BCH         LINE#         87
  C:09C1H         LINE#         88
  C:09C3H         LINE#         90
  C:09C3H         LINE#         91
  -------         ENDPROC       _NRF24L01_READ_REG
  -------         PROC          _NRF24L01_READ_BUF
  D:0007H         SYMBOL        reg
  X:0022H         SYMBOL        pBuf
  X:0025H         SYMBOL        len
  -------         DO            
  D:0005H         SYMBOL        status
  D:0004H         SYMBOL        u8_ctr
BL51 BANKED LINKER/LOCATER V6.22                                                      08/19/2016  13:35:07  PAGE 13


  -------         ENDDO         
  C:07B1H         LINE#         99
  C:07B3H         LINE#         100
  C:07B3H         LINE#         102
  C:07B3H         LINE#         103
  C:07B8H         LINE#         104
  C:07C3H         LINE#         105
  C:07DEH         LINE#         106
  C:07E0H         LINE#         107
  C:07E2H         LINE#         108
  -------         ENDPROC       _NRF24L01_READ_BUF
  -------         PROC          L?0051
  -------         ENDPROC       L?0051
  -------         PROC          _NRF24L01_WRITE_BUF
  D:0007H         SYMBOL        reg
  X:0093H         SYMBOL        pBuf
  X:0096H         SYMBOL        len
  -------         DO            
  D:0005H         SYMBOL        status
  D:0004H         SYMBOL        u8_ctr
  -------         ENDDO         
  C:06A5H         LINE#         115
  C:06A7H         LINE#         116
  C:06A7H         LINE#         118
  C:06A7H         LINE#         119
  C:06ACH         LINE#         120
  C:06B7H         LINE#         121
  C:06D2H         LINE#         122
  C:06D4H         LINE#         123
  C:06D6H         LINE#         124
  -------         ENDPROC       _NRF24L01_WRITE_BUF
  -------         PROC          _NRF24L01_RXPACKET
  X:0026H         SYMBOL        rxbuf
  -------         DO            
  D:0003H         SYMBOL        state
  -------         ENDDO         
  C:0711H         LINE#         132
  C:071BH         LINE#         133
  C:071BH         LINE#         136
  C:071BH         LINE#         137
  C:071EH         LINE#         138
  C:0722H         LINE#         139
  C:0722H         LINE#         140
  C:0724H         LINE#         141
  C:0738H         LINE#         142
  C:073FH         LINE#         143
  C:0741H         LINE#         144
  C:0744H         LINE#         145
  C:0747H         LINE#         146
  C:0747H         LINE#         147
  C:0749H         LINE#         148
  -------         ENDPROC       _NRF24L01_RXPACKET
  -------         PROC          _NRF24L01_TXPACKET
  D:0001H         SYMBOL        txbuf
  -------         DO            
  D:0003H         SYMBOL        state
  -------         ENDDO         
BL51 BANKED LINKER/LOCATER V6.22                                                      08/19/2016  13:35:07  PAGE 14


  C:07E3H         LINE#         156
  C:07E3H         LINE#         157
  C:07E3H         LINE#         160
  C:07E5H         LINE#         161
  C:07EFH         LINE#         162
  C:07F1H         LINE#         163
  C:07F4H         LINE#         164
  C:07F4H         LINE#         165
  C:07F7H         LINE#         166
  C:07FBH         LINE#         167
  C:07FBH         LINE#         168
  C:0802H         LINE#         169
  C:0805H         LINE#         170
  C:0805H         LINE#         171
  C:0809H         LINE#         172
  C:0809H         LINE#         173
  C:080CH         LINE#         174
  C:080CH         LINE#         175
  C:080EH         LINE#         176
  -------         ENDPROC       _NRF24L01_TXPACKET
  -------         PROC          NRF24L01_CHECK
  -------         DO            
  X:0029H         SYMBOL        check_in_buf
  X:002EH         SYMBOL        check_out_buf
  -------         ENDDO         
  C:053BH         LINE#         183
  C:053BH         LINE#         184
  C:053BH         LINE#         185
  C:054EH         LINE#         186
  C:0561H         LINE#         188
  C:0563H         LINE#         189
  C:0565H         LINE#         190
  C:0567H         LINE#         192
  C:056EH         LINE#         194
  C:057EH         LINE#         196
  C:059CH         LINE#         201
  C:059EH         LINE#         202
  -------         ENDPROC       NRF24L01_CHECK
  -------         PROC          NRF24L01_RT_INIT
  C:064CH         LINE#         205
  C:064CH         LINE#         206
  C:064CH         LINE#         207
  C:064EH         LINE#         208
  C:0655H         LINE#         209
  C:065CH         LINE#         210
  C:0663H         LINE#         211
  C:0673H         LINE#         212
  C:067AH         LINE#         213
  C:067FH         LINE#         214
  C:0686H         LINE#         215
  C:068DH         LINE#         216
  C:0694H         LINE#         217
  C:0699H         LINE#         218
  C:069BH         LINE#         219
  -------         ENDPROC       NRF24L01_RT_INIT
  -------         PROC          _SEND_BUF
  D:0001H         SYMBOL        buf
BL51 BANKED LINKER/LOCATER V6.22                                                      08/19/2016  13:35:07  PAGE 15


  C:08A6H         LINE#         221
  C:08A6H         LINE#         222
  C:08A6H         LINE#         223
  C:08A8H         LINE#         224
  C:08AFH         LINE#         225
  C:08B1H         LINE#         226
  C:08B6H         LINE#         227
  C:08B9H         LINE#         228
  C:08BBH         LINE#         229
  C:08C2H         LINE#         230
  C:08C4H         LINE#         231
  -------         ENDPROC       _SEND_BUF
  -------         PROC          _SENDLENGTH
  X:0033H         SYMBOL        buff
  -------         DO            
  X:0036H         SYMBOL        length
  X:0038H         SYMBOL        count
  -------         ENDDO         
  C:059FH         LINE#         252
  C:05A9H         LINE#         253
  C:05A9H         LINE#         254
  C:05AFH         LINE#         255
  C:05B9H         LINE#         256
  C:05D1H         LINE#         257
  C:05E9H         LINE#         258
  -------         ENDPROC       _SENDLENGTH
  -------         PROC          _INTLEN
  D:0006H         SYMBOL        num
  -------         DO            
  X:003AH         SYMBOL        count
  -------         ENDDO         
  C:0839H         LINE#         260
  C:0839H         LINE#         261
  C:0839H         LINE#         262
  C:083FH         LINE#         263
  C:0843H         LINE#         264
  C:0843H         LINE#         265
  C:084EH         LINE#         266
  C:0855H         LINE#         267
  C:0857H         LINE#         268
  C:085EH         LINE#         269
  -------         ENDPROC       _INTLEN
  -------         PROC          _INT_TO_CHAR
  X:003CH         SYMBOL        num
  X:003EH         SYMBOL        buffer
  -------         DO            
  X:0041H         SYMBOL        i
  -------         ENDDO         
  C:0457H         LINE#         270
  C:0468H         LINE#         271
  C:0468H         LINE#         272
  C:046EH         LINE#         273
  C:0486H         LINE#         274
  C:0486H         LINE#         275
  C:04AFH         LINE#         276
  C:04C4H         LINE#         277
  C:04D1H         LINE#         278
BL51 BANKED LINKER/LOCATER V6.22                                                      08/19/2016  13:35:07  PAGE 16


  -------         ENDPROC       _INT_TO_CHAR
  -------         PROC          _SENDSTRING
  X:006FH         SYMBOL        buffer
  -------         DO            
  D:0006H         SYMBOL        i
  X:0072H         SYMBOL        buffer1
  -------         ENDDO         
  C:05F6H         LINE#         279
  C:0600H         LINE#         280
  C:0600H         LINE#         283
  C:0613H         LINE#         284
  C:0613H         LINE#         285
  C:062BH         LINE#         286
  C:0632H         LINE#         287
  C:0643H         LINE#         288
  -------         ENDPROC       _SENDSTRING
  -------         ENDMOD        NRF2401

  -------         MODULE        ?C?COPY
  C:00D3H         PUBLIC        ?C?COPY
  -------         ENDMOD        ?C?COPY

  -------         MODULE        ?C?CLDPTR
  C:00F9H         PUBLIC        ?C?CLDPTR
  -------         ENDMOD        ?C?CLDPTR

  -------         MODULE        ?C?CLDOPTR
  C:0112H         PUBLIC        ?C?CLDOPTR
  -------         ENDMOD        ?C?CLDOPTR

  -------         MODULE        ?C?CSTPTR
  C:013FH         PUBLIC        ?C?CSTPTR
  -------         ENDMOD        ?C?CSTPTR

  -------         MODULE        ?C?CSTOPTR
  C:0151H         PUBLIC        ?C?CSTOPTR
  -------         ENDMOD        ?C?CSTOPTR

  -------         MODULE        ?C?SIDIV
  C:0173H         PUBLIC        ?C?SIDIV
  -------         ENDMOD        ?C?SIDIV

  -------         MODULE        STRLEN
  C:08FAH         PUBLIC        _STRLEN
  -------         ENDMOD        STRLEN

  -------         MODULE        ?C?UIDIV
  C:01A9H         PUBLIC        ?C?UIDIV
  -------         ENDMOD        ?C?UIDIV

*** WARNING L16: UNCALLED SEGMENT, IGNORED FOR OVERLAY PROCESS
    SEGMENT: ?PR?DELAY_100US?DELAY

*** WARNING L16: UNCALLED SEGMENT, IGNORED FOR OVERLAY PROCESS
    SEGMENT: ?PR?DELAY_1MS?DELAY

*** WARNING L16: UNCALLED SEGMENT, IGNORED FOR OVERLAY PROCESS
BL51 BANKED LINKER/LOCATER V6.22                                                      08/19/2016  13:35:07  PAGE 17


    SEGMENT: ?PR?DELAY_10MS?DELAY

*** WARNING L16: UNCALLED SEGMENT, IGNORED FOR OVERLAY PROCESS
    SEGMENT: ?PR?DELAY_100MS?DELAY

*** WARNING L16: UNCALLED SEGMENT, IGNORED FOR OVERLAY PROCESS
    SEGMENT: ?PR?_NRF24L01_RXPACKET?NRF2401

*** WARNING L16: UNCALLED SEGMENT, IGNORED FOR OVERLAY PROCESS
    SEGMENT: ?PR?NRF24L01_CHECK?NRF2401

*** WARNING L16: UNCALLED SEGMENT, IGNORED FOR OVERLAY PROCESS
    SEGMENT: ?PR?_SENDLENGTH?NRF2401

Program Size: data=9.0 xdata=151 code=2549
LINK/LOCATE RUN COMPLETE.  7 WARNING(S),  0 ERROR(S)
