BL51 BANKED LINKER/LOCATER V6.22                                                        08/18/2016  09:17:28  PAGE 1


BL51 BANKED LINKER/LOCATER V6.22, INVOKED BY:
C:\KEIL\C51\BIN\BL51.EXE main.obj, delay.obj, LCD1602.obj, I2C.obj, EEPROM.obj TO EDC_test


MEMORY MODEL: SMALL


INPUT MODULES INCLUDED:
  main.obj (MAIN)
  delay.obj (DELAY)
  LCD1602.obj (LCD1602)
  I2C.obj (I2C)
  EEPROM.obj (EEPROM)
  C:\KEIL\C51\LIB\C51S.LIB (?C_STARTUP)
  C:\KEIL\C51\LIB\C51S.LIB (?C_INIT)


LINK MAP OF MODULE:  EDC_test (MAIN)


            TYPE    BASE      LENGTH    RELOCATION   SEGMENT NAME
            -----------------------------------------------------

            * * * * * * *   D A T A   M E M O R Y   * * * * * * *
            REG     0000H     0008H     ABSOLUTE     "REG BANK 0"
            DATA    0008H     0019H     UNIT         ?DT?MAIN
            DATA    0021H     0004H     UNIT         _DATA_GROUP_
            DATA    0025H     0003H     UNIT         ?DT?_I2C_SENDBYTE?I2C
            DATA    0028H     0002H     UNIT         ?DT?I2C_READBYTE?I2C
            DATA    002AH     0002H     UNIT         ?DT?_AT24C02_WRITE?EEPROM
            DATA    002CH     0002H     UNIT         ?DT?_AT24C02_READ?EEPROM
            IDATA   002EH     0001H     UNIT         ?STACK

            * * * * * * *   C O D E   M E M O R Y   * * * * * * *
            CODE    0000H     0003H     ABSOLUTE     
            CODE    0003H     0003H     ABSOLUTE     
                    0006H     0005H                  *** GAP ***
            CODE    000BH     0003H     ABSOLUTE     
                    000EH     0005H                  *** GAP ***
            CODE    0013H     0003H     ABSOLUTE     
            CODE    0016H     000DH     UNIT         ?PR?DELAY_1MS?DELAY
            CODE    0023H     0003H     ABSOLUTE     
            CODE    0026H     008CH     UNIT         ?C_C51STARTUP
            CODE    00B2H     0068H     UNIT         ?PR?KEYDOWN?MAIN
            CODE    011AH     0062H     UNIT         ?PR?_I2C_SENDBYTE?I2C
            CODE    017CH     0052H     UNIT         ?PR?MAIN?MAIN
            CODE    01CEH     0044H     UNIT         ?PR?IT0?MAIN
            CODE    0212H     0035H     UNIT         ?PR?DISPLAY_DIGITAL?MAIN
            CODE    0247H     0030H     UNIT         ?PR?I2C_READBYTE?I2C
            CODE    0277H     0028H     UNIT         ?PR?TIMER0?MAIN
            CODE    029FH     0022H     UNIT         ?PR?_AT24C02_READ?EEPROM
            CODE    02C1H     001EH     UNIT         ?C_INITSEG
            CODE    02DFH     0019H     UNIT         ?PR?USART_INTERRPUT?MAIN
            CODE    02F8H     0019H     UNIT         ?CO?MAIN
            CODE    0311H     0019H     UNIT         ?PR?_AT24C02_WRITE?EEPROM
            CODE    032AH     0014H     UNIT         ?PR?LCD1602_INIT?LCD1602
            CODE    033EH     0014H     UNIT         ?PR?I2C_START?I2C
            CODE    0352H     0013H     UNIT         ?PR?USART_INIT?MAIN
BL51 BANKED LINKER/LOCATER V6.22                                                      08/18/2016  09:17:28  PAGE 2


            CODE    0365H     0013H     UNIT         ?PR?_LCD1602_WRITECOM?LCD1602
            CODE    0378H     0013H     UNIT         ?PR?_LCD1602_WRITEDATA?LCD1602
            CODE    038BH     0010H     UNIT         ?PR?TIM_INIT?MAIN
            CODE    039BH     000FH     UNIT         ?PR?I2C_END?I2C
            CODE    03AAH     000DH     UNIT         ?PR?DELAY_10MS?DELAY
            CODE    03B7H     000DH     UNIT         ?PR?DELAY_100MS?DELAY
            CODE    03C4H     000DH     UNIT         ?PR?DELAY_500MS?DELAY
            CODE    03D1H     000BH     UNIT         ?PR?INTERRUPT_INIT?MAIN
            CODE    03DCH     0009H     UNIT         ?PR?DELAY_10US?DELAY
            CODE    03E5H     0009H     UNIT         ?PR?DELAY_100US?DELAY
            CODE    03EEH     0009H     UNIT         ?PR?DELAY_5MS?DELAY
            CODE    03F7H     0008H     UNIT         ?PR?IT1?MAIN



OVERLAY MAP OF MODULE:   EDC_test (MAIN)


SEGMENT                                  DATA_GROUP 
  +--> CALLED SEGMENT                  START    LENGTH
------------------------------------------------------
?PR?IT0?MAIN                           -----    -----
  +--> ?PR?_LCD1602_WRITECOM?LCD1602

?PR?_LCD1602_WRITECOM?LCD1602          -----    -----
  +--> ?PR?DELAY_5MS?DELAY

*** NEW ROOT ***************************************************

?C_C51STARTUP                          -----    -----
  +--> ?PR?MAIN?MAIN
  +--> ?C_INITSEG

?PR?MAIN?MAIN                          0021H    0004H
  +--> ?PR?USART_INIT?MAIN
  +--> ?PR?KEYDOWN?MAIN
  +--> ?CO?MAIN
  +--> ?PR?DISPLAY_DIGITAL?MAIN

?PR?KEYDOWN?MAIN                       -----    -----
  +--> ?PR?DELAY_5MS?DELAY

?PR?DISPLAY_DIGITAL?MAIN               -----    -----
  +--> ?CO?MAIN



SYMBOL TABLE OF MODULE:  EDC_test (MAIN)

  VALUE           TYPE          NAME
  ----------------------------------

  -------         MODULE        MAIN
  C:0000H         SYMBOL        _ICE_DUMMY_
  D:0080H         PUBLIC        P0
  D:0090H         PUBLIC        P1
  D:00A0H         PUBLIC        P2
BL51 BANKED LINKER/LOCATER V6.22                                                      08/18/2016  09:17:28  PAGE 3


  B:00A8H.7       PUBLIC        EA
  C:0352H         PUBLIC        Usart_Init
  B:00A8H.4       PUBLIC        ES
  B:0098H.0       PUBLIC        RI
  C:02F8H         PUBLIC        DIG_PLACE
  D:0008H         PUBLIC        flag
  B:0098H.1       PUBLIC        TI
  C:0212H         PUBLIC        Display_digital
  D:0009H         PUBLIC        timer
  C:017CH         PUBLIC        main
  D:0099H         PUBLIC        SBUF
  C:0277H         PUBLIC        TIMER0
  D:0098H         PUBLIC        SCON
  D:0089H         PUBLIC        TMOD
  D:000BH         PUBLIC        test
  D:001FH         PUBLIC        flag_key
  B:00A8H.1       PUBLIC        ET0
  C:03D1H         PUBLIC        Interrupt_Init
  D:008CH         PUBLIC        TH0
  B:00A8H.0       PUBLIC        EX0
  B:0088H.0       PUBLIC        IT0
  D:008DH         PUBLIC        TH1
  B:00A8H.2       PUBLIC        EX1
  B:0088H.2       PUBLIC        IT1
  D:008AH         PUBLIC        TL0
  C:0300H         PUBLIC        DIG_CODE
  D:008BH         PUBLIC        TL1
  B:0088H.4       PUBLIC        TR0
  B:0088H.6       PUBLIC        TR1
  C:038BH         PUBLIC        TIM_Init
  C:00B2H         PUBLIC        Keydown
  C:02DFH         PUBLIC        Usart_interrput
  D:0020H         PUBLIC        keyvalue
  C:01CEH         PUBLIC        It0
  C:03F7H         PUBLIC        It1
  -------         PROC          MAIN
  -------         DO            
  D:0021H         SYMBOL        i
  D:0023H         SYMBOL        a
  -------         ENDDO         
  C:017CH         LINE#         28
  C:017CH         LINE#         29
  C:017CH         LINE#         30
  C:0181H         LINE#         32
  C:0184H         LINE#         40
  C:0184H         LINE#         41
  C:0184H         LINE#         42
  C:0187H         LINE#         43
  C:018BH         LINE#         44
  C:018BH         LINE#         45
  C:018EH         LINE#         46
  C:01A3H         LINE#         48
  C:01A9H         LINE#         49
  C:01A9H         LINE#         50
  C:01B7H         LINE#         51
  C:01C9H         LINE#         52
  C:01C9H         LINE#         53
BL51 BANKED LINKER/LOCATER V6.22                                                      08/18/2016  09:17:28  PAGE 4


  C:01CCH         LINE#         55
  -------         ENDPROC       MAIN
  -------         PROC          DISPLAY_DIGITAL
  -------         DO            
  D:0006H         SYMBOL        i
  D:0004H         SYMBOL        j
  -------         ENDDO         
  C:0212H         LINE#         57
  C:0212H         LINE#         58
  C:0212H         LINE#         60
  C:0215H         LINE#         61
  C:0215H         LINE#         62
  C:021CH         LINE#         63
  C:022AH         LINE#         64
  C:022EH         LINE#         65
  C:0238H         LINE#         66
  C:023BH         LINE#         67
  C:0246H         LINE#         68
  -------         ENDPROC       DISPLAY_DIGITAL
  -------         PROC          KEYDOWN
  C:00B2H         LINE#         70
  C:00B2H         LINE#         71
  C:00B2H         LINE#         72
  C:00B5H         LINE#         73
  C:00BBH         LINE#         74
  C:00BBH         LINE#         75
  C:00BEH         LINE#         76
  C:00C4H         LINE#         77
  C:00C4H         LINE#         78
  C:00C7H         LINE#         79
  C:00CAH         LINE#         80
  C:00DCH         LINE#         81
  C:00DCH         LINE#         82
  C:00E1H         LINE#         83
  C:00E6H         LINE#         84
  C:00EBH         LINE#         85
  C:00EEH         LINE#         86
  C:00EEH         LINE#         87
  C:00F1H         LINE#         88
  C:0102H         LINE#         89
  C:0102H         LINE#         90
  C:0104H         LINE#         91
  C:0108H         LINE#         92
  C:010CH         LINE#         93
  C:0112H         LINE#         94
  C:0112H         LINE#         95
  C:0117H         LINE#         96
  C:0117H         LINE#         97
  C:0117H         LINE#         98
  C:0119H         LINE#         99
  -------         ENDPROC       KEYDOWN
  -------         PROC          INTERRUPT_INIT
  C:03D1H         LINE#         100
  C:03D1H         LINE#         101
  C:03D1H         LINE#         102
  C:03D3H         LINE#         103
  C:03D5H         LINE#         104
BL51 BANKED LINKER/LOCATER V6.22                                                      08/18/2016  09:17:28  PAGE 5


  C:03D7H         LINE#         106
  C:03D9H         LINE#         107
  C:03DBH         LINE#         108
  -------         ENDPROC       INTERRUPT_INIT
  -------         PROC          TIM_INIT
  C:038BH         LINE#         109
  C:038BH         LINE#         110
  C:038BH         LINE#         111
  C:038DH         LINE#         112
  C:0390H         LINE#         113
  C:0393H         LINE#         114
  C:0396H         LINE#         115
  C:0398H         LINE#         116
  C:039AH         LINE#         117
  -------         ENDPROC       TIM_INIT
  -------         PROC          IT0
  C:01CEH         LINE#         118
  C:01EBH         LINE#         120
  C:01EDH         LINE#         121
  C:01F2H         LINE#         122
  C:01F5H         LINE#         123
  C:01F7H         LINE#         124
  -------         ENDPROC       IT0
  -------         PROC          IT1
  C:03F7H         LINE#         125
  C:03F7H         LINE#         127
  C:03F9H         LINE#         128
  C:03FCH         LINE#         129
  C:03FEH         LINE#         130
  -------         ENDPROC       IT1
  -------         PROC          TIMER0
  C:0277H         LINE#         131
  C:027BH         LINE#         133
  C:027EH         LINE#         134
  C:0281H         LINE#         135
  C:0289H         LINE#         136
  C:0291H         LINE#         137
  C:0291H         LINE#         138
  C:0294H         LINE#         139
  C:029AH         LINE#         140
  C:029AH         LINE#         141
  -------         ENDPROC       TIMER0
  -------         PROC          USART_INIT
  C:0352H         LINE#         142
  C:0352H         LINE#         143
  C:0352H         LINE#         144
  C:0354H         LINE#         145
  C:0356H         LINE#         146
  C:0358H         LINE#         147
  C:035BH         LINE#         148
  C:035EH         LINE#         149
  C:0361H         LINE#         150
  C:0364H         LINE#         151
  -------         ENDPROC       USART_INIT
  -------         PROC          USART_INTERRPUT
  -------         DO            
  D:0007H         SYMBOL        buff
BL51 BANKED LINKER/LOCATER V6.22                                                      08/18/2016  09:17:28  PAGE 6


  -------         ENDDO         
  C:02DFH         LINE#         152
  C:02E6H         LINE#         155
  C:02E9H         LINE#         156
  C:02E9H         LINE#         157
  C:02EBH         LINE#         158
  C:02EDH         LINE#         159
  C:02EFH         LINE#         160
  C:02F1H         LINE#         162
  C:02F3H         LINE#         163
  -------         ENDPROC       USART_INTERRPUT
  -------         ENDMOD        MAIN

  -------         MODULE        DELAY
  C:0000H         SYMBOL        _ICE_DUMMY_
  C:03AAH         PUBLIC        Delay_10ms
  C:03DCH         PUBLIC        Delay_10us
  C:03B7H         PUBLIC        Delay_100ms
  C:03C4H         PUBLIC        Delay_500ms
  C:03E5H         PUBLIC        Delay_100us
  C:0016H         PUBLIC        Delay_1ms
  C:03EEH         PUBLIC        Delay_5ms
  -------         PROC          DELAY_10US
  -------         DO            
  D:0006H         SYMBOL        a
  D:0007H         SYMBOL        b
  -------         ENDDO         
  C:03DCH         LINE#         2
  C:03DCH         LINE#         3
  C:03DCH         LINE#         5
  C:03DEH         LINE#         6
  C:03E4H         LINE#         7
  -------         ENDPROC       DELAY_10US
  -------         PROC          DELAY_100US
  -------         DO            
  D:0006H         SYMBOL        a
  D:0007H         SYMBOL        b
  -------         ENDDO         
  C:03E5H         LINE#         8
  C:03E5H         LINE#         9
  C:03E5H         LINE#         11
  C:03E7H         LINE#         12
  C:03EDH         LINE#         13
  -------         ENDPROC       DELAY_100US
  -------         PROC          DELAY_1MS
  -------         DO            
  D:0005H         SYMBOL        a
  D:0006H         SYMBOL        b
  D:0007H         SYMBOL        c
  -------         ENDDO         
  C:0016H         LINE#         14
  C:0016H         LINE#         15
  C:0016H         LINE#         17
  C:0018H         LINE#         18
  C:001AH         LINE#         19
  C:0022H         LINE#         20
  -------         ENDPROC       DELAY_1MS
BL51 BANKED LINKER/LOCATER V6.22                                                      08/18/2016  09:17:28  PAGE 7


  -------         PROC          DELAY_5MS
  -------         DO            
  D:0006H         SYMBOL        a
  D:0007H         SYMBOL        b
  -------         ENDDO         
  C:03EEH         LINE#         21
  C:03EEH         LINE#         22
  C:03EEH         LINE#         24
  C:03F0H         LINE#         25
  C:03F6H         LINE#         26
  -------         ENDPROC       DELAY_5MS
  -------         PROC          DELAY_10MS
  -------         DO            
  D:0005H         SYMBOL        a
  D:0006H         SYMBOL        b
  D:0007H         SYMBOL        c
  -------         ENDDO         
  C:03AAH         LINE#         27
  C:03AAH         LINE#         28
  C:03AAH         LINE#         30
  C:03ACH         LINE#         31
  C:03AEH         LINE#         32
  C:03B6H         LINE#         33
  -------         ENDPROC       DELAY_10MS
  -------         PROC          DELAY_100MS
  -------         DO            
  D:0005H         SYMBOL        a
  D:0006H         SYMBOL        b
  D:0007H         SYMBOL        c
  -------         ENDDO         
  C:03B7H         LINE#         34
  C:03B7H         LINE#         35
  C:03B7H         LINE#         37
  C:03B9H         LINE#         38
  C:03BBH         LINE#         39
  C:03C3H         LINE#         40
  -------         ENDPROC       DELAY_100MS
  -------         PROC          DELAY_500MS
  -------         DO            
  D:0005H         SYMBOL        a
  D:0006H         SYMBOL        b
  D:0007H         SYMBOL        c
  -------         ENDDO         
  C:03C4H         LINE#         41
  C:03C4H         LINE#         42
  C:03C4H         LINE#         44
  C:03C6H         LINE#         45
  C:03C8H         LINE#         46
  C:03D0H         LINE#         47
  -------         ENDPROC       DELAY_500MS
  -------         ENDMOD        DELAY

  -------         MODULE        LCD1602
  C:0000H         SYMBOL        _ICE_DUMMY_
  D:0080H         PUBLIC        P0
  D:00A0H         PUBLIC        P2
  C:032AH         PUBLIC        LCD1602_Init
BL51 BANKED LINKER/LOCATER V6.22                                                      08/18/2016  09:17:28  PAGE 8


  B:00A0H.6       PUBLIC        LCD1602_RS
  B:00A0H.5       PUBLIC        LCD1602_RW
  C:0378H         PUBLIC        _LCD1602_Writedata
  B:00A0H.7       PUBLIC        LCD1602_E
  C:0365H         PUBLIC        _LCD1602_Writecom
  -------         PROC          _LCD1602_WRITECOM
  D:0007H         SYMBOL        com
  C:0365H         LINE#         4
  C:0365H         LINE#         5
  C:0365H         LINE#         6
  C:0367H         LINE#         7
  C:0369H         LINE#         8
  C:036BH         LINE#         10
  C:036DH         LINE#         11
  C:0370H         LINE#         12
  C:0372H         LINE#         13
  C:0375H         LINE#         14
  C:0377H         LINE#         15
  -------         ENDPROC       _LCD1602_WRITECOM
  -------         PROC          _LCD1602_WRITEDATA
  D:0007H         SYMBOL        dat
  C:0378H         LINE#         16
  C:0378H         LINE#         17
  C:0378H         LINE#         18
  C:037AH         LINE#         19
  C:037CH         LINE#         20
  C:037EH         LINE#         22
  C:0380H         LINE#         23
  C:0383H         LINE#         24
  C:0385H         LINE#         25
  C:0388H         LINE#         26
  C:038AH         LINE#         27
  -------         ENDPROC       _LCD1602_WRITEDATA
  -------         PROC          LCD1602_INIT
  C:032AH         LINE#         28
  C:032AH         LINE#         29
  C:032AH         LINE#         30
  C:032FH         LINE#         31
  C:0334H         LINE#         33
  C:0339H         LINE#         34
  -------         ENDPROC       LCD1602_INIT
  -------         ENDMOD        LCD1602

  -------         MODULE        I2C
  C:0000H         SYMBOL        _ICE_DUMMY_
  B:00A0H.1       PUBLIC        I2C_SCL
  D:00A0H         PUBLIC        P2
  C:011AH         PUBLIC        _I2C_sendbyte
  C:033EH         PUBLIC        I2C_start
  C:039BH         PUBLIC        I2C_end
  C:0247H         PUBLIC        I2C_readbyte
  B:00A0H.0       PUBLIC        I2C_SDA
  -------         PROC          I2C_START
  C:033EH         LINE#         4
  C:033EH         LINE#         5
  C:033EH         LINE#         6
  C:0340H         LINE#         7
BL51 BANKED LINKER/LOCATER V6.22                                                      08/18/2016  09:17:28  PAGE 9


  C:0343H         LINE#         8
  C:0345H         LINE#         9
  C:0348H         LINE#         10
  C:034AH         LINE#         11
  C:034DH         LINE#         12
  C:034FH         LINE#         13
  -------         ENDPROC       I2C_START
  -------         PROC          I2C_END
  C:039BH         LINE#         15
  C:039BH         LINE#         16
  C:039BH         LINE#         17
  C:039DH         LINE#         18
  C:03A0H         LINE#         19
  C:03A2H         LINE#         20
  C:03A5H         LINE#         21
  C:03A7H         LINE#         22
  -------         ENDPROC       I2C_END
  -------         PROC          _I2C_SENDBYTE
  D:0025H         SYMBOL        dat
  -------         DO            
  D:0026H         SYMBOL        i
  D:0027H         SYMBOL        t
  -------         ENDDO         
  C:011AH         LINE#         24
  C:011CH         LINE#         25
  C:011CH         LINE#         26
  C:011FH         LINE#         27
  C:0121H         LINE#         28
  C:0123H         LINE#         29
  C:0123H         LINE#         30
  C:0130H         LINE#         31
  C:0136H         LINE#         32
  C:0139H         LINE#         33
  C:013BH         LINE#         34
  C:013EH         LINE#         35
  C:0140H         LINE#         36
  C:0143H         LINE#         37
  C:014EH         LINE#         38
  C:0150H         LINE#         39
  C:0153H         LINE#         40
  C:0155H         LINE#         41
  C:0158H         LINE#         42
  C:0158H         LINE#         43
  C:015AH         LINE#         44
  C:016CH         LINE#         45
  C:016CH         LINE#         46
  C:016EH         LINE#         47
  C:0171H         LINE#         48
  C:0174H         LINE#         49
  C:0174H         LINE#         50
  C:0174H         LINE#         51
  C:0176H         LINE#         52
  C:0179H         LINE#         53
  C:017BH         LINE#         54
  -------         ENDPROC       _I2C_SENDBYTE
  -------         PROC          I2C_READBYTE
  -------         DO            
BL51 BANKED LINKER/LOCATER V6.22                                                      08/18/2016  09:17:28  PAGE 10


  D:0028H         SYMBOL        i
  D:0029H         SYMBOL        dat
  -------         ENDDO         
  C:0247H         LINE#         55
  C:0247H         LINE#         56
  C:0247H         LINE#         57
  C:024CH         LINE#         58
  C:024EH         LINE#         59
  C:0250H         LINE#         60
  C:0250H         LINE#         61
  C:0252H         LINE#         62
  C:0255H         LINE#         63
  C:025BH         LINE#         64
  C:0261H         LINE#         65
  C:0264H         LINE#         66
  C:0266H         LINE#         67
  C:0269H         LINE#         68
  C:0274H         LINE#         69
  C:0276H         LINE#         70
  -------         ENDPROC       I2C_READBYTE
  -------         ENDMOD        I2C

  -------         MODULE        EEPROM
  C:0000H         SYMBOL        _ICE_DUMMY_
  C:029FH         PUBLIC        _AT24C02_read
  C:0311H         PUBLIC        _AT24C02_write
  -------         PROC          _AT24C02_WRITE
  D:002AH         SYMBOL        addr
  D:002BH         SYMBOL        dat
  C:0311H         LINE#         2
  C:0315H         LINE#         3
  C:0315H         LINE#         4
  C:0318H         LINE#         5
  C:031DH         LINE#         6
  C:0322H         LINE#         7
  C:0327H         LINE#         8
  -------         ENDPROC       _AT24C02_WRITE
  -------         PROC          _AT24C02_READ
  D:002CH         SYMBOL        addr
  -------         DO            
  D:002DH         SYMBOL        dat
  -------         ENDDO         
  C:029FH         LINE#         10
  C:02A1H         LINE#         11
  C:02A1H         LINE#         13
  C:02A4H         LINE#         14
  C:02A9H         LINE#         15
  C:02AEH         LINE#         16
  C:02B1H         LINE#         17
  C:02B6H         LINE#         18
  C:02BBH         LINE#         19
  C:02BEH         LINE#         20
  C:02C0H         LINE#         21
  -------         ENDPROC       _AT24C02_READ
  -------         ENDMOD        EEPROM

*** WARNING L16: UNCALLED SEGMENT, IGNORED FOR OVERLAY PROCESS
BL51 BANKED LINKER/LOCATER V6.22                                                      08/18/2016  09:17:28  PAGE 11


    SEGMENT: ?PR?INTERRUPT_INIT?MAIN

*** WARNING L16: UNCALLED SEGMENT, IGNORED FOR OVERLAY PROCESS
    SEGMENT: ?PR?TIM_INIT?MAIN

*** WARNING L16: UNCALLED SEGMENT, IGNORED FOR OVERLAY PROCESS
    SEGMENT: ?PR?DELAY_100US?DELAY

*** WARNING L16: UNCALLED SEGMENT, IGNORED FOR OVERLAY PROCESS
    SEGMENT: ?PR?DELAY_1MS?DELAY

*** WARNING L16: UNCALLED SEGMENT, IGNORED FOR OVERLAY PROCESS
    SEGMENT: ?PR?DELAY_10MS?DELAY

*** WARNING L16: UNCALLED SEGMENT, IGNORED FOR OVERLAY PROCESS
    SEGMENT: ?PR?DELAY_100MS?DELAY

*** WARNING L16: UNCALLED SEGMENT, IGNORED FOR OVERLAY PROCESS
    SEGMENT: ?PR?DELAY_500MS?DELAY

*** WARNING L16: UNCALLED SEGMENT, IGNORED FOR OVERLAY PROCESS
    SEGMENT: ?PR?_LCD1602_WRITEDATA?LCD1602

*** WARNING L16: UNCALLED SEGMENT, IGNORED FOR OVERLAY PROCESS
    SEGMENT: ?PR?LCD1602_INIT?LCD1602

*** WARNING L16: UNCALLED SEGMENT, IGNORED FOR OVERLAY PROCESS
    SEGMENT: ?PR?_AT24C02_WRITE?EEPROM

*** WARNING L16: UNCALLED SEGMENT, IGNORED FOR OVERLAY PROCESS
    SEGMENT: ?PR?_AT24C02_READ?EEPROM

Program Size: data=47.0 xdata=0 code=1013
LINK/LOCATE RUN COMPLETE.  11 WARNING(S),  0 ERROR(S)
