BL51 BANKED LINKER/LOCATER V6.22                                                        08/15/2016  21:24:04  PAGE 1


BL51 BANKED LINKER/LOCATER V6.22, INVOKED BY:
C:\KEIL\C51\BIN\BL51.EXE main.obj, delay.obj, LCD1602.obj, digital_control.obj, I2C.obj, EEPROM.obj TO EDC_test


MEMORY MODEL: SMALL


INPUT MODULES INCLUDED:
  main.obj (MAIN)
  delay.obj (DELAY)
  LCD1602.obj (LCD1602)
  digital_control.obj (DIGITAL_CONTROL)
  I2C.obj (I2C)
  EEPROM.obj (EEPROM)
  C:\KEIL\C51\LIB\C51S.LIB (?C_STARTUP)
  C:\KEIL\C51\LIB\C51S.LIB (?C_INIT)


LINK MAP OF MODULE:  EDC_test (MAIN)


            TYPE    BASE      LENGTH    RELOCATION   SEGMENT NAME
            -----------------------------------------------------

            * * * * * * *   D A T A   M E M O R Y   * * * * * * *
            REG     0000H     0008H     ABSOLUTE     "REG BANK 0"
            DATA    0008H     0015H     UNIT         ?DT?MAIN
            DATA    001DH     0003H     UNIT         ?DT?_I2C_SENDBYTE?I2C
            DATA    0020H     0002H     UNIT         ?DT?I2C_READBYTE?I2C
            DATA    0022H     0002H     UNIT         ?DT?_AT24C02_WRITE?EEPROM
            DATA    0024H     0002H     UNIT         ?DT?_AT24C02_READ?EEPROM
            IDATA   0026H     0001H     UNIT         ?STACK

            * * * * * * *   C O D E   M E M O R Y   * * * * * * *
            CODE    0000H     0003H     ABSOLUTE     
            CODE    0003H     0003H     ABSOLUTE     
            CODE    0006H     0005H     UNIT         ?PR?MAIN?MAIN
            CODE    000BH     0003H     ABSOLUTE     
                    000EH     0005H                  *** GAP ***
            CODE    0013H     0003H     ABSOLUTE     
            CODE    0016H     000DH     UNIT         ?PR?DELAY_1MS?DELAY
            CODE    0023H     0003H     ABSOLUTE     
            CODE    0026H     008CH     UNIT         ?C_C51STARTUP
            CODE    00B2H     0068H     UNIT         ?PR?KEYDOWN?MAIN
            CODE    011AH     0062H     UNIT         ?PR?_I2C_SENDBYTE?I2C
            CODE    017CH     0044H     UNIT         ?PR?IT0?MAIN
            CODE    01C0H     003CH     UNIT         ?PR?DISPLAY_DIGITAL?DIGITAL_CONTROL
            CODE    01FCH     0030H     UNIT         ?PR?I2C_READBYTE?I2C
            CODE    022CH     0028H     UNIT         ?PR?TIMER0?MAIN
            CODE    0254H     0022H     UNIT         ?PR?_AT24C02_READ?EEPROM
            CODE    0276H     001AH     UNIT         ?C_INITSEG
            CODE    0290H     0019H     UNIT         ?PR?USART_INTERRPUT?MAIN
            CODE    02A9H     0019H     UNIT         ?CO?DIGITAL_CONTROL
            CODE    02C2H     0019H     UNIT         ?PR?_AT24C02_WRITE?EEPROM
            CODE    02DBH     0014H     UNIT         ?PR?LCD1602_INIT?LCD1602
            CODE    02EFH     0014H     UNIT         ?PR?I2C_START?I2C
            CODE    0303H     0013H     UNIT         ?PR?USART_INIT?MAIN
            CODE    0316H     0013H     UNIT         ?PR?_LCD1602_WRITECOM?LCD1602
BL51 BANKED LINKER/LOCATER V6.22                                                      08/15/2016  21:24:04  PAGE 2


            CODE    0329H     0013H     UNIT         ?PR?_LCD1602_WRITEDATA?LCD1602
            CODE    033CH     0010H     UNIT         ?PR?TIM_INIT?MAIN
            CODE    034CH     000FH     UNIT         ?PR?I2C_END?I2C
            CODE    035BH     000DH     UNIT         ?PR?DELAY_10MS?DELAY
            CODE    0368H     000DH     UNIT         ?PR?DELAY_100MS?DELAY
            CODE    0375H     000DH     UNIT         ?PR?DELAY_500MS?DELAY
            CODE    0382H     000BH     UNIT         ?PR?INTERRUPT_INIT?MAIN
            CODE    038DH     0009H     UNIT         ?PR?DELAY_10US?DELAY
            CODE    0396H     0009H     UNIT         ?PR?DELAY_100US?DELAY
            CODE    039FH     0009H     UNIT         ?PR?DELAY_5MS?DELAY
            CODE    03A8H     0008H     UNIT         ?PR?IT1?MAIN



OVERLAY MAP OF MODULE:   EDC_test (MAIN)


SEGMENT
  +--> CALLED SEGMENT
---------------------
?PR?IT0?MAIN
  +--> ?PR?_LCD1602_WRITECOM?LCD1602

?PR?_LCD1602_WRITECOM?LCD1602
  +--> ?PR?DELAY_5MS?DELAY

*** NEW ROOT ***************************************************

?C_C51STARTUP
  +--> ?PR?MAIN?MAIN
  +--> ?C_INITSEG

?PR?MAIN?MAIN
  +--> ?PR?USART_INIT?MAIN



SYMBOL TABLE OF MODULE:  EDC_test (MAIN)

  VALUE           TYPE          NAME
  ----------------------------------

  -------         MODULE        MAIN
  C:0000H         SYMBOL        _ICE_DUMMY_
  D:0090H         PUBLIC        P1
  D:00A0H         PUBLIC        P2
  B:00A8H.7       PUBLIC        EA
  C:0303H         PUBLIC        Usart_Init
  B:00A8H.4       PUBLIC        ES
  B:0098H.0       PUBLIC        RI
  D:0008H         PUBLIC        flag
  B:0098H.1       PUBLIC        TI
  D:0009H         PUBLIC        timer
  C:0006H         PUBLIC        main
  D:0099H         PUBLIC        SBUF
  C:022CH         PUBLIC        TIMER0
  D:0098H         PUBLIC        SCON
BL51 BANKED LINKER/LOCATER V6.22                                                      08/15/2016  21:24:04  PAGE 3


  D:0089H         PUBLIC        TMOD
  D:000BH         PUBLIC        test
  D:001BH         PUBLIC        flag_key
  B:00A8H.1       PUBLIC        ET0
  C:0382H         PUBLIC        Interrupt_Init
  D:008CH         PUBLIC        TH0
  B:00A8H.0       PUBLIC        EX0
  B:0088H.0       PUBLIC        IT0
  D:008DH         PUBLIC        TH1
  B:00A8H.2       PUBLIC        EX1
  B:0088H.2       PUBLIC        IT1
  D:008AH         PUBLIC        TL0
  D:008BH         PUBLIC        TL1
  B:0088H.4       PUBLIC        TR0
  B:0088H.6       PUBLIC        TR1
  C:033CH         PUBLIC        TIM_Init
  C:00B2H         PUBLIC        Keydown
  C:0290H         PUBLIC        Usart_interrput
  D:001CH         PUBLIC        keyvalue
  C:017CH         PUBLIC        It0
  C:03A8H         PUBLIC        It1
  -------         PROC          MAIN
  C:0006H         LINE#         19
  C:0006H         LINE#         20
  C:0006H         LINE#         22
  C:0009H         LINE#         30
  C:0009H         LINE#         31
  C:0009H         LINE#         34
  -------         ENDPROC       MAIN
  -------         PROC          KEYDOWN
  C:00B2H         LINE#         37
  C:00B2H         LINE#         38
  C:00B2H         LINE#         39
  C:00B5H         LINE#         40
  C:00BBH         LINE#         41
  C:00BBH         LINE#         42
  C:00BEH         LINE#         43
  C:00C4H         LINE#         44
  C:00C4H         LINE#         45
  C:00C7H         LINE#         46
  C:00CAH         LINE#         47
  C:00DCH         LINE#         48
  C:00DCH         LINE#         49
  C:00E1H         LINE#         50
  C:00E6H         LINE#         51
  C:00EBH         LINE#         52
  C:00EEH         LINE#         53
  C:00EEH         LINE#         54
  C:00F1H         LINE#         55
  C:0102H         LINE#         56
  C:0102H         LINE#         57
  C:0104H         LINE#         58
  C:0108H         LINE#         59
  C:010CH         LINE#         60
  C:0112H         LINE#         61
  C:0112H         LINE#         62
  C:0117H         LINE#         63
BL51 BANKED LINKER/LOCATER V6.22                                                      08/15/2016  21:24:04  PAGE 4


  C:0117H         LINE#         64
  C:0117H         LINE#         65
  C:0119H         LINE#         66
  -------         ENDPROC       KEYDOWN
  -------         PROC          INTERRUPT_INIT
  C:0382H         LINE#         67
  C:0382H         LINE#         68
  C:0382H         LINE#         69
  C:0384H         LINE#         70
  C:0386H         LINE#         71
  C:0388H         LINE#         73
  C:038AH         LINE#         74
  C:038CH         LINE#         75
  -------         ENDPROC       INTERRUPT_INIT
  -------         PROC          TIM_INIT
  C:033CH         LINE#         76
  C:033CH         LINE#         77
  C:033CH         LINE#         78
  C:033EH         LINE#         79
  C:0341H         LINE#         80
  C:0344H         LINE#         81
  C:0347H         LINE#         82
  C:0349H         LINE#         83
  C:034BH         LINE#         84
  -------         ENDPROC       TIM_INIT
  -------         PROC          IT0
  C:017CH         LINE#         85
  C:0199H         LINE#         87
  C:019BH         LINE#         88
  C:01A0H         LINE#         89
  C:01A3H         LINE#         90
  C:01A5H         LINE#         91
  -------         ENDPROC       IT0
  -------         PROC          IT1
  C:03A8H         LINE#         92
  C:03A8H         LINE#         94
  C:03AAH         LINE#         95
  C:03ADH         LINE#         96
  C:03AFH         LINE#         97
  -------         ENDPROC       IT1
  -------         PROC          TIMER0
  C:022CH         LINE#         98
  C:0230H         LINE#         100
  C:0233H         LINE#         101
  C:0236H         LINE#         102
  C:023EH         LINE#         103
  C:0246H         LINE#         104
  C:0246H         LINE#         105
  C:0249H         LINE#         106
  C:024FH         LINE#         107
  C:024FH         LINE#         108
  -------         ENDPROC       TIMER0
  -------         PROC          USART_INIT
  C:0303H         LINE#         109
  C:0303H         LINE#         110
  C:0303H         LINE#         111
  C:0305H         LINE#         112
BL51 BANKED LINKER/LOCATER V6.22                                                      08/15/2016  21:24:04  PAGE 5


  C:0307H         LINE#         113
  C:0309H         LINE#         114
  C:030CH         LINE#         115
  C:030FH         LINE#         116
  C:0312H         LINE#         117
  C:0315H         LINE#         118
  -------         ENDPROC       USART_INIT
  -------         PROC          USART_INTERRPUT
  -------         DO            
  D:0007H         SYMBOL        buff
  -------         ENDDO         
  C:0290H         LINE#         119
  C:0297H         LINE#         122
  C:029AH         LINE#         123
  C:029AH         LINE#         124
  C:029CH         LINE#         125
  C:029EH         LINE#         126
  C:02A0H         LINE#         127
  C:02A2H         LINE#         129
  C:02A4H         LINE#         130
  -------         ENDPROC       USART_INTERRPUT
  -------         ENDMOD        MAIN

  -------         MODULE        DELAY
  C:0000H         SYMBOL        _ICE_DUMMY_
  C:035BH         PUBLIC        Delay_10ms
  C:038DH         PUBLIC        Delay_10us
  C:0368H         PUBLIC        Delay_100ms
  C:0375H         PUBLIC        Delay_500ms
  C:0396H         PUBLIC        Delay_100us
  C:0016H         PUBLIC        Delay_1ms
  C:039FH         PUBLIC        Delay_5ms
  -------         PROC          DELAY_10US
  -------         DO            
  D:0006H         SYMBOL        a
  D:0007H         SYMBOL        b
  -------         ENDDO         
  C:038DH         LINE#         2
  C:038DH         LINE#         3
  C:038DH         LINE#         5
  C:038FH         LINE#         6
  C:0395H         LINE#         7
  -------         ENDPROC       DELAY_10US
  -------         PROC          DELAY_100US
  -------         DO            
  D:0006H         SYMBOL        a
  D:0007H         SYMBOL        b
  -------         ENDDO         
  C:0396H         LINE#         8
  C:0396H         LINE#         9
  C:0396H         LINE#         11
  C:0398H         LINE#         12
  C:039EH         LINE#         13
  -------         ENDPROC       DELAY_100US
  -------         PROC          DELAY_1MS
  -------         DO            
  D:0005H         SYMBOL        a
BL51 BANKED LINKER/LOCATER V6.22                                                      08/15/2016  21:24:04  PAGE 6


  D:0006H         SYMBOL        b
  D:0007H         SYMBOL        c
  -------         ENDDO         
  C:0016H         LINE#         14
  C:0016H         LINE#         15
  C:0016H         LINE#         17
  C:0018H         LINE#         18
  C:001AH         LINE#         19
  C:0022H         LINE#         20
  -------         ENDPROC       DELAY_1MS
  -------         PROC          DELAY_5MS
  -------         DO            
  D:0006H         SYMBOL        a
  D:0007H         SYMBOL        b
  -------         ENDDO         
  C:039FH         LINE#         21
  C:039FH         LINE#         22
  C:039FH         LINE#         24
  C:03A1H         LINE#         25
  C:03A7H         LINE#         26
  -------         ENDPROC       DELAY_5MS
  -------         PROC          DELAY_10MS
  -------         DO            
  D:0005H         SYMBOL        a
  D:0006H         SYMBOL        b
  D:0007H         SYMBOL        c
  -------         ENDDO         
  C:035BH         LINE#         27
  C:035BH         LINE#         28
  C:035BH         LINE#         30
  C:035DH         LINE#         31
  C:035FH         LINE#         32
  C:0367H         LINE#         33
  -------         ENDPROC       DELAY_10MS
  -------         PROC          DELAY_100MS
  -------         DO            
  D:0005H         SYMBOL        a
  D:0006H         SYMBOL        b
  D:0007H         SYMBOL        c
  -------         ENDDO         
  C:0368H         LINE#         34
  C:0368H         LINE#         35
  C:0368H         LINE#         37
  C:036AH         LINE#         38
  C:036CH         LINE#         39
  C:0374H         LINE#         40
  -------         ENDPROC       DELAY_100MS
  -------         PROC          DELAY_500MS
  -------         DO            
  D:0005H         SYMBOL        a
  D:0006H         SYMBOL        b
  D:0007H         SYMBOL        c
  -------         ENDDO         
  C:0375H         LINE#         41
  C:0375H         LINE#         42
  C:0375H         LINE#         44
  C:0377H         LINE#         45
BL51 BANKED LINKER/LOCATER V6.22                                                      08/15/2016  21:24:04  PAGE 7


  C:0379H         LINE#         46
  C:0381H         LINE#         47
  -------         ENDPROC       DELAY_500MS
  -------         ENDMOD        DELAY

  -------         MODULE        LCD1602
  C:0000H         SYMBOL        _ICE_DUMMY_
  D:0080H         PUBLIC        P0
  D:00A0H         PUBLIC        P2
  C:02DBH         PUBLIC        LCD1602_Init
  B:00A0H.6       PUBLIC        LCD1602_RS
  B:00A0H.5       PUBLIC        LCD1602_RW
  C:0329H         PUBLIC        _LCD1602_Writedata
  B:00A0H.7       PUBLIC        LCD1602_E
  C:0316H         PUBLIC        _LCD1602_Writecom
  -------         PROC          _LCD1602_WRITECOM
  D:0007H         SYMBOL        com
  C:0316H         LINE#         4
  C:0316H         LINE#         5
  C:0316H         LINE#         6
  C:0318H         LINE#         7
  C:031AH         LINE#         8
  C:031CH         LINE#         10
  C:031EH         LINE#         11
  C:0321H         LINE#         12
  C:0323H         LINE#         13
  C:0326H         LINE#         14
  C:0328H         LINE#         15
  -------         ENDPROC       _LCD1602_WRITECOM
  -------         PROC          _LCD1602_WRITEDATA
  D:0007H         SYMBOL        dat
  C:0329H         LINE#         16
  C:0329H         LINE#         17
  C:0329H         LINE#         18
  C:032BH         LINE#         19
  C:032DH         LINE#         20
  C:032FH         LINE#         22
  C:0331H         LINE#         23
  C:0334H         LINE#         24
  C:0336H         LINE#         25
  C:0339H         LINE#         26
  C:033BH         LINE#         27
  -------         ENDPROC       _LCD1602_WRITEDATA
  -------         PROC          LCD1602_INIT
  C:02DBH         LINE#         28
  C:02DBH         LINE#         29
  C:02DBH         LINE#         30
  C:02E0H         LINE#         31
  C:02E5H         LINE#         33
  C:02EAH         LINE#         34
  -------         ENDPROC       LCD1602_INIT
  -------         ENDMOD        LCD1602

  -------         MODULE        DIGITAL_CONTROL
  C:0000H         SYMBOL        _ICE_DUMMY_
  D:0080H         PUBLIC        P0
  D:0090H         PUBLIC        P1
BL51 BANKED LINKER/LOCATER V6.22                                                      08/15/2016  21:24:04  PAGE 8


  C:02A9H         PUBLIC        DIG_PLACE
  C:01C0H         PUBLIC        Display_digital
  C:02B1H         PUBLIC        DIG_CODE
  -------         PROC          DISPLAY_DIGITAL
  -------         DO            
  D:0006H         SYMBOL        i
  D:0004H         SYMBOL        j
  -------         ENDDO         
  C:01C0H         LINE#         8
  C:01C0H         LINE#         9
  C:01C0H         LINE#         11
  C:01C3H         LINE#         12
  C:01C3H         LINE#         13
  C:01D1H         LINE#         14
  C:01DFH         LINE#         15
  C:01E3H         LINE#         16
  C:01EDH         LINE#         17
  C:01F0H         LINE#         18
  C:01FBH         LINE#         19
  -------         ENDPROC       DISPLAY_DIGITAL
  -------         ENDMOD        DIGITAL_CONTROL

  -------         MODULE        I2C
  C:0000H         SYMBOL        _ICE_DUMMY_
  B:00A0H.1       PUBLIC        I2C_SCL
  D:00A0H         PUBLIC        P2
  C:011AH         PUBLIC        _I2C_sendbyte
  C:02EFH         PUBLIC        I2C_start
  C:034CH         PUBLIC        I2C_end
  C:01FCH         PUBLIC        I2C_readbyte
  B:00A0H.0       PUBLIC        I2C_SDA
  -------         PROC          I2C_START
  C:02EFH         LINE#         4
  C:02EFH         LINE#         5
  C:02EFH         LINE#         6
  C:02F1H         LINE#         7
  C:02F4H         LINE#         8
  C:02F6H         LINE#         9
  C:02F9H         LINE#         10
  C:02FBH         LINE#         11
  C:02FEH         LINE#         12
  C:0300H         LINE#         13
  -------         ENDPROC       I2C_START
  -------         PROC          I2C_END
  C:034CH         LINE#         15
  C:034CH         LINE#         16
  C:034CH         LINE#         17
  C:034EH         LINE#         18
  C:0351H         LINE#         19
  C:0353H         LINE#         20
  C:0356H         LINE#         21
  C:0358H         LINE#         22
  -------         ENDPROC       I2C_END
  -------         PROC          _I2C_SENDBYTE
  D:001DH         SYMBOL        dat
  -------         DO            
  D:001EH         SYMBOL        i
BL51 BANKED LINKER/LOCATER V6.22                                                      08/15/2016  21:24:04  PAGE 9


  D:001FH         SYMBOL        t
  -------         ENDDO         
  C:011AH         LINE#         24
  C:011CH         LINE#         25
  C:011CH         LINE#         26
  C:011FH         LINE#         27
  C:0121H         LINE#         28
  C:0123H         LINE#         29
  C:0123H         LINE#         30
  C:0130H         LINE#         31
  C:0136H         LINE#         32
  C:0139H         LINE#         33
  C:013BH         LINE#         34
  C:013EH         LINE#         35
  C:0140H         LINE#         36
  C:0143H         LINE#         37
  C:014EH         LINE#         38
  C:0150H         LINE#         39
  C:0153H         LINE#         40
  C:0155H         LINE#         41
  C:0158H         LINE#         42
  C:0158H         LINE#         43
  C:015AH         LINE#         44
  C:016CH         LINE#         45
  C:016CH         LINE#         46
  C:016EH         LINE#         47
  C:0171H         LINE#         48
  C:0174H         LINE#         49
  C:0174H         LINE#         50
  C:0174H         LINE#         51
  C:0176H         LINE#         52
  C:0179H         LINE#         53
  C:017BH         LINE#         54
  -------         ENDPROC       _I2C_SENDBYTE
  -------         PROC          I2C_READBYTE
  -------         DO            
  D:0020H         SYMBOL        i
  D:0021H         SYMBOL        dat
  -------         ENDDO         
  C:01FCH         LINE#         55
  C:01FCH         LINE#         56
  C:01FCH         LINE#         57
  C:0201H         LINE#         58
  C:0203H         LINE#         59
  C:0205H         LINE#         60
  C:0205H         LINE#         61
  C:0207H         LINE#         62
  C:020AH         LINE#         63
  C:0210H         LINE#         64
  C:0216H         LINE#         65
  C:0219H         LINE#         66
  C:021BH         LINE#         67
  C:021EH         LINE#         68
  C:0229H         LINE#         69
  C:022BH         LINE#         70
  -------         ENDPROC       I2C_READBYTE
  -------         ENDMOD        I2C
BL51 BANKED LINKER/LOCATER V6.22                                                      08/15/2016  21:24:04  PAGE 10



  -------         MODULE        EEPROM
  C:0000H         SYMBOL        _ICE_DUMMY_
  C:0254H         PUBLIC        _AT24C02_read
  C:02C2H         PUBLIC        _AT24C02_write
  -------         PROC          _AT24C02_WRITE
  D:0022H         SYMBOL        addr
  D:0023H         SYMBOL        dat
  C:02C2H         LINE#         2
  C:02C6H         LINE#         3
  C:02C6H         LINE#         4
  C:02C9H         LINE#         5
  C:02CEH         LINE#         6
  C:02D3H         LINE#         7
  C:02D8H         LINE#         8
  -------         ENDPROC       _AT24C02_WRITE
  -------         PROC          _AT24C02_READ
  D:0024H         SYMBOL        addr
  -------         DO            
  D:0025H         SYMBOL        dat
  -------         ENDDO         
  C:0254H         LINE#         10
  C:0256H         LINE#         11
  C:0256H         LINE#         13
  C:0259H         LINE#         14
  C:025EH         LINE#         15
  C:0263H         LINE#         16
  C:0266H         LINE#         17
  C:026BH         LINE#         18
  C:0270H         LINE#         19
  C:0273H         LINE#         20
  C:0275H         LINE#         21
  -------         ENDPROC       _AT24C02_READ
  -------         ENDMOD        EEPROM

*** WARNING L16: UNCALLED SEGMENT, IGNORED FOR OVERLAY PROCESS
    SEGMENT: ?PR?KEYDOWN?MAIN

*** WARNING L16: UNCALLED SEGMENT, IGNORED FOR OVERLAY PROCESS
    SEGMENT: ?PR?INTERRUPT_INIT?MAIN

*** WARNING L16: UNCALLED SEGMENT, IGNORED FOR OVERLAY PROCESS
    SEGMENT: ?PR?TIM_INIT?MAIN

*** WARNING L16: UNCALLED SEGMENT, IGNORED FOR OVERLAY PROCESS
    SEGMENT: ?PR?DELAY_100US?DELAY

*** WARNING L16: UNCALLED SEGMENT, IGNORED FOR OVERLAY PROCESS
    SEGMENT: ?PR?DELAY_1MS?DELAY

*** WARNING L16: UNCALLED SEGMENT, IGNORED FOR OVERLAY PROCESS
    SEGMENT: ?PR?DELAY_10MS?DELAY

*** WARNING L16: UNCALLED SEGMENT, IGNORED FOR OVERLAY PROCESS
    SEGMENT: ?PR?DELAY_100MS?DELAY

*** WARNING L16: UNCALLED SEGMENT, IGNORED FOR OVERLAY PROCESS
BL51 BANKED LINKER/LOCATER V6.22                                                      08/15/2016  21:24:04  PAGE 11


    SEGMENT: ?PR?DELAY_500MS?DELAY

*** WARNING L16: UNCALLED SEGMENT, IGNORED FOR OVERLAY PROCESS
    SEGMENT: ?PR?_LCD1602_WRITEDATA?LCD1602

*** WARNING L16: UNCALLED SEGMENT, IGNORED FOR OVERLAY PROCESS
    SEGMENT: ?PR?LCD1602_INIT?LCD1602

*** WARNING L16: UNCALLED SEGMENT, IGNORED FOR OVERLAY PROCESS
    SEGMENT: ?PR?DISPLAY_DIGITAL?DIGITAL_CONTROL

*** WARNING L16: UNCALLED SEGMENT, IGNORED FOR OVERLAY PROCESS
    SEGMENT: ?PR?_AT24C02_WRITE?EEPROM

*** WARNING L16: UNCALLED SEGMENT, IGNORED FOR OVERLAY PROCESS
    SEGMENT: ?PR?_AT24C02_READ?EEPROM

Program Size: data=39.0 xdata=0 code=939
LINK/LOCATE RUN COMPLETE.  13 WARNING(S),  0 ERROR(S)
