C51 COMPILER V9.01   EEPROM                                                                08/20/2016 14:19:38 PAGE 1   


C51 COMPILER V9.01, COMPILATION OF MODULE EEPROM
OBJECT MODULE PLACED IN EEPROM.OBJ
COMPILER INVOKED BY: C:\Keil\C51\BIN\C51.EXE EEPROM.c COMPACT DEBUG OBJECTEXTEND TABS(2)

line level    source

   1          #include "EEPROM.h"
   2          void AT24C02_write(char addr,char dat)
   3          {
   4   1        I2C_start();
   5   1        I2C_sendbyte(0xa0);//发送写命令
   6   1        I2C_sendbyte(addr);
   7   1        I2C_sendbyte(dat);
   8   1        I2C_end();
*** WARNING C206 IN LINE 8 OF EEPROM.C: 'I2C_end': missing function-prototype
   9   1        Delay_5ms();
  10   1      }
  11          char AT24C02_read(char addr)
  12          {
  13   1        char dat;
  14   1        I2C_start();
  15   1        I2C_sendbyte(0xA0);//发送写命令
  16   1        I2C_sendbyte(addr);
  17   1        I2C_start();
  18   1        I2C_sendbyte(0xA1);
  19   1        dat=I2C_readbyte();
  20   1        I2C_end();
  21   1        return dat;
  22   1      }
  23          void AT24C02_writestring(char *s)
  24          {
  25   1        char i;
  26   1        for(i=0;s[1]!='\0';i++)
  27   1        {
  28   2          AT24C02_write(i,s[i]);
  29   2        }
  30   1      }


MODULE INFORMATION:   STATIC OVERLAYABLE
   CODE SIZE        =    135    ----
   CONSTANT SIZE    =   ----    ----
   XDATA SIZE       =   ----    ----
   PDATA SIZE       =   ----       8
   DATA SIZE        =   ----    ----
   IDATA SIZE       =   ----    ----
   BIT SIZE         =   ----    ----
END OF MODULE INFORMATION.


C51 COMPILATION COMPLETE.  1 WARNING(S),  0 ERROR(S)
